C51 COMPILER V9.60.7.0   MAIN                                                              06/27/2026 15:10:24 PAGE 1   


C51 COMPILER V9.60.7.0, COMPILATION OF MODULE MAIN
OBJECT MODULE PLACED IN .\Objects\main.obj
COMPILER INVOKED BY: D:\keilv5\C51\BIN\C51.EXE main.c OPTIMIZE(8,SPEED) BROWSE INCDIR(..\lib) DEBUG OBJECTEXTEND PRINT(.
                    -\Listings\main.lst) TABS(2) OBJECT(.\Objects\main.obj)

line level    source

   1          /**
   2           * OLED_Info — 班级学号 (8px间距, 紧凑显示)
   3           */
   4          #include "sysinit.h"
   5          #include "oled7pin.h"
   6          
   7          enum {
   8              CN_2=0, CN_4=1, CN_I=2, CN_C=3, CN_1=4, CN_SP=5,
   9              CN_2b=6, CN_4b=7, CN_2c=8, CN_1b=9, CN_1c=10,
  10              CN_7=11, CN_0=12, CN_5=13, CN_1d=14, CN_3=15, CN_5b=16
  11          };
  12          
  13          void main(void)
  14          {
  15   1          sysInit();
  16   1          oledInit();
  17   1      
  18   1          /* 第1行: 班级 24IC1 (5字×8px=40px, 居中 x=44) */
  19   1          oledShowChar8(44, 0, CN_2);
  20   1          oledShowChar8(52, 0, CN_4);
  21   1          oledShowChar8(60, 0, CN_I);
  22   1          oledShowChar8(68, 0, CN_C);
  23   1          oledShowChar8(76, 0, CN_1);
  24   1      
  25   1          /* 第2行: ASCII标签 */
  26   1          oledShowStr(28, 2, "Class: 24IC1");
  27   1      
  28   1          /* 第3行: 学号 24211705135 (11字×8px=88px, 居中 x=20) */
  29   1          oledShowChar8(20, 4, CN_2b);
  30   1          oledShowChar8(28, 4, CN_4b);
  31   1          oledShowChar8(36, 4, CN_2c);
  32   1          oledShowChar8(44, 4, CN_1b);
  33   1          oledShowChar8(52, 4, CN_1c);
  34   1          oledShowChar8(60, 4, CN_7);
  35   1          oledShowChar8(68, 4, CN_0);
  36   1          oledShowChar8(76, 4, CN_5);
  37   1          oledShowChar8(84, 4, CN_1d);
  38   1          oledShowChar8(92, 4, CN_3);
  39   1          oledShowChar8(100,4, CN_5b);
  40   1      
  41   1          while (1);
  42   1      }


MODULE INFORMATION:   STATIC OVERLAYABLE
   CODE SIZE        =    164    ----
   CONSTANT SIZE    =     13    ----
   XDATA SIZE       =   ----    ----
   PDATA SIZE       =   ----    ----
   DATA SIZE        =   ----    ----
   IDATA SIZE       =   ----    ----
   BIT SIZE         =   ----    ----
END OF MODULE INFORMATION.


C51 COMPILATION COMPLETE.  0 WARNING(S),  0 ERROR(S)
