BL51 BANKED LINKER/LOCATER V6.22.4.0                                                    06/27/2026  15:25:58  PAGE 1


BL51 BANKED LINKER/LOCATER V6.22.4.0, INVOKED BY:
D:\KEILV5\C51\BIN\BL51.EXE .\Objects\main.obj, .\Objects\oled7pin.obj, .\Objects\sysinit.obj TO .\Objects\draw PRINT (.\
>> Listings\draw.m51) RAMSIZE (256)


MEMORY MODEL: SMALL


INPUT MODULES INCLUDED:
  .\Objects\main.obj (MAIN)
  .\Objects\oled7pin.obj (OLED7PIN)
  .\Objects\sysinit.obj (SYSINIT)
  D:\KEILV5\C51\LIB\C51S.LIB (?C_STARTUP)
  D:\KEILV5\C51\LIB\C51S.LIB (?C?CLDOPTR)
  D:\KEILV5\C51\LIB\C51S.LIB (?C?LMUL)
  D:\KEILV5\C51\LIB\C51S.LIB (?C?ULDIV)
  D:\KEILV5\C51\LIB\C51S.LIB (?C?SLCMP)
  D:\KEILV5\C51\LIB\C51S.LIB (?C_INIT)


LINK MAP OF MODULE:  .\Objects\draw (MAIN)


            TYPE    BASE      LENGTH    RELOCATION   SEGMENT NAME
            -----------------------------------------------------

            * * * * * * *   D A T A   M E M O R Y   * * * * * * *
            REG     0000H     0008H     ABSOLUTE     "REG BANK 0"
            DATA    0008H     0030H     UNIT         ?DT?MAIN
            DATA    0038H     000BH     UNIT         ?DT?_OLEDSHOWNUM?OLED7PIN
            DATA    0043H     0009H     UNIT         _DATA_GROUP_
            DATA    004CH     0006H     UNIT         ?DT?_OLEDSHOWSTR?OLED7PIN
            DATA    0052H     0005H     UNIT         ?DT?_OLEDPOW10?OLED7PIN
            IDATA   0057H     0001H     UNIT         ?STACK

            * * * * * * *   C O D E   M E M O R Y   * * * * * * *
            CODE    0000H     0003H     ABSOLUTE     
            CODE    0003H     6000H     UNIT         ?CO?MAIN
            CODE    6003H     0C58H     UNIT         ?CO?OLED7PIN
            CODE    6C5BH     0160H     UNIT         ?C?LIB_CODE
            CODE    6DBBH     00ABH     UNIT         ?PR?OLEDINIT?OLED7PIN
            CODE    6E66H     008CH     UNIT         ?C_C51STARTUP
            CODE    6EF2H     0078H     UNIT         ?PR?_OLEDSHOWNUM?OLED7PIN
            CODE    6F6AH     005DH     UNIT         ?PR?_OLEDSHOWCHAR?OLED7PIN
            CODE    6FC7H     004BH     UNIT         ?PR?_OLEDDRAWBMP?OLED7PIN
            CODE    7012H     0046H     UNIT         ?PR?_OLEDWRITEBYTE?OLED7PIN
            CODE    7058H     003DH     UNIT         ?PR?_OLEDSHOWSTR?OLED7PIN
            CODE    7095H     0037H     UNIT         ?PR?_OLEDPOW10?OLED7PIN
            CODE    70CCH     0034H     UNIT         ?PR?MAIN?MAIN
            CODE    7100H     0034H     UNIT         ?C_INITSEG
            CODE    7134H     002AH     UNIT         ?PR?_OLEDSHOWCN?OLED7PIN
            CODE    715EH     002AH     UNIT         ?PR?_OLEDSHOWCHAR8?OLED7PIN
            CODE    7188H     0027H     UNIT         ?PR?OLEDCLEAR?OLED7PIN
            CODE    71AFH     0025H     UNIT         ?PR?_OLEDSETPOS?OLED7PIN
            CODE    71D4H     001BH     UNIT         ?PR?_OLEDDELAYMS?OLED7PIN
            CODE    71EFH     001AH     UNIT         ?PR?CUBEDELAY?MAIN
            CODE    7209H     0011H     UNIT         ?PR?OLEDDISPLAYON?OLED7PIN
            CODE    721AH     0011H     UNIT         ?PR?OLEDDISPLAYOFF?OLED7PIN
BL51 BANKED LINKER/LOCATER V6.22.4.0                                                  06/27/2026  15:25:58  PAGE 2


            CODE    722BH     000FH     UNIT         ?PR?SYSINIT?SYSINIT
            CODE    723AH     0007H     UNIT         ?PR?SYSPCAINIT?SYSINIT
            CODE    7241H     0007H     UNIT         ?PR?SYSTIMERINIT?SYSINIT
            CODE    7248H     0004H     UNIT         ?PR?SYSPORTINIT?SYSINIT
            CODE    724CH     0004H     UNIT         ?PR?SYSOSCINIT?SYSINIT
            CODE    7250H     0004H     UNIT         ?PR?SYSINTINIT?SYSINIT



OVERLAY MAP OF MODULE:   .\Objects\draw (MAIN)


SEGMENT                               DATA_GROUP 
  +--> CALLED SEGMENT               START    LENGTH
---------------------------------------------------
?C_C51STARTUP                       -----    -----
  +--> ?PR?MAIN?MAIN
  +--> ?C_INITSEG

?PR?MAIN?MAIN                       0043H    0001H
  +--> ?PR?SYSINIT?SYSINIT
  +--> ?PR?OLEDINIT?OLED7PIN
  +--> ?PR?_OLEDDRAWBMP?OLED7PIN
  +--> ?PR?CUBEDELAY?MAIN

?PR?SYSINIT?SYSINIT                 -----    -----
  +--> ?PR?SYSPCAINIT?SYSINIT
  +--> ?PR?SYSTIMERINIT?SYSINIT
  +--> ?PR?SYSPORTINIT?SYSINIT
  +--> ?PR?SYSOSCINIT?SYSINIT
  +--> ?PR?SYSINTINIT?SYSINIT

?PR?OLEDINIT?OLED7PIN               -----    -----
  +--> ?PR?_OLEDDELAYMS?OLED7PIN
  +--> ?PR?_OLEDWRITEBYTE?OLED7PIN
  +--> ?PR?OLEDCLEAR?OLED7PIN
  +--> ?PR?_OLEDSETPOS?OLED7PIN

?PR?_OLEDWRITEBYTE?OLED7PIN         -----    -----
  +--> ?CO?OLED7PIN

?PR?OLEDCLEAR?OLED7PIN              -----    -----
  +--> ?PR?_OLEDWRITEBYTE?OLED7PIN

?PR?_OLEDSETPOS?OLED7PIN            -----    -----
  +--> ?PR?_OLEDWRITEBYTE?OLED7PIN

?PR?_OLEDDRAWBMP?OLED7PIN           0044H    0008H
  +--> ?PR?_OLEDSETPOS?OLED7PIN
  +--> ?PR?_OLEDWRITEBYTE?OLED7PIN

?C_INITSEG                          -----    -----
  +--> ?CO?MAIN



SYMBOL TABLE OF MODULE:  .\Objects\draw (MAIN)
BL51 BANKED LINKER/LOCATER V6.22.4.0                                                  06/27/2026  15:25:58  PAGE 3



  VALUE           TYPE          NAME
  ----------------------------------

  -------         MODULE        MAIN
  C:0000H         SYMBOL        _ICE_DUMMY_
  D:0080H         PUBLIC        P0
  D:0008H         PUBLIC        cubeFrames
  D:00E8H         PUBLIC        ADC0CN
  D:00A8H         PUBLIC        IE
  C:71EFH         SYMBOL        cubeDelay
  D:00D8H         PUBLIC        PCA0CN
  D:00B8H         PUBLIC        IP
  D:00C0H         PUBLIC        SMB0CN
  C:70CCH         PUBLIC        main
  D:00F8H         PUBLIC        SPI0CN
  D:0088H         PUBLIC        TCON
  D:00C8H         PUBLIC        TMR2CN
  C:0003H         PUBLIC        cubeFrame0
  C:0403H         PUBLIC        cubeFrame1
  C:0803H         PUBLIC        cubeFrame2
  C:0C03H         PUBLIC        cubeFrame3
  C:1003H         PUBLIC        cubeFrame4
  C:1403H         PUBLIC        cubeFrame5
  C:1803H         PUBLIC        cubeFrame6
  C:1C03H         PUBLIC        cubeFrame7
  C:2003H         PUBLIC        cubeFrame8
  C:2403H         PUBLIC        cubeFrame9
  D:0098H         PUBLIC        SCON0
  C:2803H         PUBLIC        cubeFrame10
  C:5003H         PUBLIC        cubeFrame20
  C:2C03H         PUBLIC        cubeFrame11
  C:5403H         PUBLIC        cubeFrame21
  C:3003H         PUBLIC        cubeFrame12
  C:5803H         PUBLIC        cubeFrame22
  C:3403H         PUBLIC        cubeFrame13
  C:5C03H         PUBLIC        cubeFrame23
  C:3803H         PUBLIC        cubeFrame14
  C:3C03H         PUBLIC        cubeFrame15
  C:4003H         PUBLIC        cubeFrame16
  C:4403H         PUBLIC        cubeFrame17
  C:4803H         PUBLIC        cubeFrame18
  C:4C03H         PUBLIC        cubeFrame19
  D:00D0H         PUBLIC        PSW
  -------         PROC          CUBEDELAY
  -------         DO            
  D:0082H         SYMBOL        i
  -------         ENDDO         
  C:71EFH         LINE#         23
  C:71EFH         LINE#         24
  C:71EFH         LINE#         26
  C:7208H         LINE#         27
  -------         ENDPROC       CUBEDELAY
  -------         PROC          MAIN
  -------         DO            
  D:0043H         SYMBOL        f
  -------         ENDDO         
BL51 BANKED LINKER/LOCATER V6.22.4.0                                                  06/27/2026  15:25:58  PAGE 4


  C:70CCH         LINE#         29
  C:70CCH         LINE#         30
  C:70CCH         LINE#         31
  C:70CFH         LINE#         32
  C:70D2H         LINE#         33
  C:70D5H         LINE#         35
  C:70D5H         LINE#         36
  C:70EFH         LINE#         37
  C:70F2H         LINE#         38
  C:70F4H         LINE#         39
  C:70FEH         LINE#         40
  -------         ENDPROC       MAIN
  -------         ENDMOD        MAIN

  -------         MODULE        OLED7PIN
  C:0000H         SYMBOL        _ICE_DUMMY_
  C:622BH         PUBLIC        f8x16
  B:0080H.2       PUBLIC        OLED_RST
  D:0080H         PUBLIC        P0
  C:715EH         PUBLIC        _oledShowChar8
  C:7058H         PUBLIC        _oledShowStr
  C:71B4H         SYMBOL        _oledSetPos
  D:00E8H         PUBLIC        ADC0CN
  B:0080H.3       PUBLIC        OLED_DC
  D:00A8H         PUBLIC        IE
  C:7188H         PUBLIC        oledClear
  D:00D8H         PUBLIC        PCA0CN
  C:6FC7H         PUBLIC        _oledDrawBMP
  D:00B8H         PUBLIC        IP
  B:0080H.4       PUBLIC        OLED_CS
  C:721AH         PUBLIC        oledDisplayOff
  D:00C0H         PUBLIC        SMB0CN
  C:681BH         PUBLIC        Hzk
  D:00F8H         PUBLIC        SPI0CN
  D:0088H         PUBLIC        TCON
  D:00C8H         PUBLIC        TMR2CN
  C:6DBBH         PUBLIC        oledInit
  C:7095H         SYMBOL        _oledPow10
  C:7209H         PUBLIC        oledDisplayOn
  C:6F6AH         PUBLIC        _oledShowChar
  C:7030H         SYMBOL        _oledWriteByte
  C:6003H         PUBLIC        f6x8
  C:71D4H         PUBLIC        _oledDelayMs
  B:0080H.1       PUBLIC        OLED_SDA
  D:0098H         PUBLIC        SCON0
  B:0080H.0       PUBLIC        OLED_SCL
  D:00D0H         PUBLIC        PSW
  C:6EF2H         PUBLIC        _oledShowNum
  C:7134H         PUBLIC        _oledShowCn
  -------         PROC          _OLEDDELAYMS
  D:0006H         SYMBOL        ms
  -------         DO            
  D:0004H         SYMBOL        a
  -------         ENDDO         
  C:71D4H         LINE#         10
  C:71D4H         LINE#         11
  C:71D4H         LINE#         13
BL51 BANKED LINKER/LOCATER V6.22.4.0                                                  06/27/2026  15:25:58  PAGE 5


  C:71DEH         LINE#         14
  C:71E2H         LINE#         15
  C:71EEH         LINE#         16
  C:71EEH         LINE#         17
  -------         ENDPROC       _OLEDDELAYMS
  C:701FH         SYMBOL        L?0073
  C:7029H         SYMBOL        L?0074
  -------         PROC          L?0072
  -------         ENDPROC       L?0072
  C:701FH         SYMBOL        L?0073
  C:7029H         SYMBOL        L?0074
  -------         PROC          _OLEDWRITEBYTE
  D:0007H         SYMBOL        dat
  D:0005H         SYMBOL        cmd
  -------         DO            
  D:0006H         SYMBOL        i
  -------         ENDDO         
  C:7030H         LINE#         23
  C:7030H         LINE#         24
  C:7030H         LINE#         27
  C:7033H         LINE#         28
  C:7037H         LINE#         30
  C:7039H         LINE#         32
  C:703BH         LINE#         33
  C:703DH         LINE#         34
  C:703FH         LINE#         35
  C:7043H         LINE#         36
  C:7047H         LINE#         38
  C:7049H         LINE#         39
  C:704BH         LINE#         40
  C:704FH         LINE#         41
  C:7053H         LINE#         42
  C:7055H         LINE#         43
  C:7057H         LINE#         44
  -------         ENDPROC       _OLEDWRITEBYTE
  C:71AFH         SYMBOL        L?0076
  -------         PROC          L?0075
  -------         ENDPROC       L?0075
  C:71AFH         SYMBOL        L?0076
  -------         PROC          _OLEDSETPOS
  D:0004H         SYMBOL        x
  D:0005H         SYMBOL        y
  C:71B4H         LINE#         47
  C:71B6H         LINE#         48
  C:71B6H         LINE#         49
  C:71BFH         LINE#         50
  C:71CBH         LINE#         51
  -------         ENDPROC       _OLEDSETPOS
  -------         PROC          OLEDDISPLAYON
  C:7209H         LINE#         56
  C:7209H         LINE#         57
  C:7209H         LINE#         58
  C:7210H         LINE#         59
  C:7215H         LINE#         60
  -------         ENDPROC       OLEDDISPLAYON
  -------         PROC          OLEDDISPLAYOFF
  C:721AH         LINE#         63
BL51 BANKED LINKER/LOCATER V6.22.4.0                                                  06/27/2026  15:25:58  PAGE 6


  C:721AH         LINE#         64
  C:721AH         LINE#         65
  C:7221H         LINE#         66
  C:7226H         LINE#         67
  -------         ENDPROC       OLEDDISPLAYOFF
  -------         PROC          OLEDCLEAR
  -------         DO            
  D:0004H         SYMBOL        i
  D:0003H         SYMBOL        n
  -------         ENDDO         
  C:7188H         LINE#         70
  C:7188H         LINE#         71
  C:7188H         LINE#         73
  C:718AH         LINE#         74
  C:7193H         LINE#         75
  C:7198H         LINE#         76
  C:719DH         LINE#         77
  C:719FH         LINE#         78
  C:71AAH         LINE#         79
  C:71AEH         LINE#         80
  -------         ENDPROC       OLEDCLEAR
  -------         PROC          OLEDINIT
  C:6DBBH         LINE#         82
  C:6DBBH         LINE#         83
  C:6DBBH         LINE#         84
  C:6DBDH         LINE#         85
  C:6DC4H         LINE#         86
  C:6DC6H         LINE#         87
  C:6DCDH         LINE#         88
  C:6DCFH         LINE#         90
  C:6DD6H         LINE#         91
  C:6DDBH         LINE#         92
  C:6DE0H         LINE#         93
  C:6DE5H         LINE#         94
  C:6DEAH         LINE#         95
  C:6DEFH         LINE#         96
  C:6DF4H         LINE#         97
  C:6DF9H         LINE#         98
  C:6DFEH         LINE#         99
  C:6E03H         LINE#         100
  C:6E08H         LINE#         101
  C:6E0DH         LINE#         102
  C:6E12H         LINE#         103
  C:6E17H         LINE#         104
  C:6E1CH         LINE#         105
  C:6E21H         LINE#         106
  C:6E26H         LINE#         107
  C:6E2BH         LINE#         108
  C:6E30H         LINE#         109
  C:6E35H         LINE#         110
  C:6E3AH         LINE#         111
  C:6E3FH         LINE#         112
  C:6E44H         LINE#         113
  C:6E49H         LINE#         114
  C:6E4EH         LINE#         115
  C:6E53H         LINE#         116
  C:6E58H         LINE#         117
BL51 BANKED LINKER/LOCATER V6.22.4.0                                                  06/27/2026  15:25:58  PAGE 7


  C:6E5DH         LINE#         119
  C:6E60H         LINE#         120
  -------         ENDPROC       OLEDINIT
  -------         PROC          _OLEDSHOWCHAR
  D:0002H         SYMBOL        x
  D:0001H         SYMBOL        y
  D:0003H         SYMBOL        chr
  -------         DO            
  D:0003H         SYMBOL        c
  D:0004H         SYMBOL        i
  -------         ENDDO         
  C:6F6AH         LINE#         123
  C:6F6EH         LINE#         124
  C:6F6EH         LINE#         127
  C:6F72H         LINE#         128
  C:6F7CH         LINE#         130
  C:6F83H         LINE#         131
  C:6F85H         LINE#         132
  C:6FA3H         LINE#         133
  C:6FA6H         LINE#         134
  C:6FA8H         LINE#         135
  C:6FC6H         LINE#         136
  -------         ENDPROC       _OLEDSHOWCHAR
  -------         PROC          _OLEDSHOWSTR
  D:004CH         SYMBOL        x
  D:004DH         SYMBOL        y
  D:004EH         SYMBOL        str
  -------         DO            
  D:0051H         SYMBOL        j
  -------         ENDDO         
  C:7058H         LINE#         138
  C:7062H         LINE#         139
  C:7062H         LINE#         140
  C:7065H         LINE#         141
  C:7077H         LINE#         142
  C:707EH         LINE#         143
  C:7084H         LINE#         144
  C:7090H         LINE#         145
  C:7092H         LINE#         146
  C:7094H         LINE#         147
  -------         ENDPROC       _OLEDSHOWSTR
  -------         PROC          _OLEDSHOWCN
  D:0002H         SYMBOL        x
  D:0001H         SYMBOL        y
  D:0003H         SYMBOL        no
  -------         DO            
  D:0004H         SYMBOL        t
  -------         ENDDO         
  C:7134H         LINE#         149
  C:7138H         LINE#         150
  C:7138H         LINE#         153
  C:713BH         LINE#         154
  C:713DH         LINE#         155
  C:7144H         LINE#         157
  C:7147H         LINE#         158
  C:7149H         LINE#         159
  C:715DH         LINE#         160
BL51 BANKED LINKER/LOCATER V6.22.4.0                                                  06/27/2026  15:25:58  PAGE 8


  -------         ENDPROC       _OLEDSHOWCN
  -------         PROC          _OLEDSHOWCHAR8
  D:0002H         SYMBOL        x
  D:0001H         SYMBOL        y
  D:0003H         SYMBOL        no
  -------         DO            
  D:0004H         SYMBOL        t
  -------         ENDDO         
  C:715EH         LINE#         163
  C:7162H         LINE#         164
  C:7162H         LINE#         167
  C:7165H         LINE#         168
  C:7167H         LINE#         169
  C:716EH         LINE#         171
  C:7171H         LINE#         172
  C:7173H         LINE#         173
  C:7187H         LINE#         174
  -------         ENDPROC       _OLEDSHOWCHAR8
  -------         PROC          _OLEDPOW10
  D:0052H         SYMBOL        n
  -------         DO            
  D:0053H         SYMBOL        r
  -------         ENDDO         
  C:7095H         LINE#         176
  C:7097H         LINE#         177
  C:7097H         LINE#         178
  C:70A1H         LINE#         179
  C:70C3H         LINE#         180
  C:70CBH         LINE#         181
  -------         ENDPROC       _OLEDPOW10
  -------         PROC          _OLEDSHOWNUM
  D:0038H         SYMBOL        x
  D:0039H         SYMBOL        y
  D:003AH         SYMBOL        num
  D:003EH         SYMBOL        len
  D:003FH         SYMBOL        size
  -------         DO            
  D:0040H         SYMBOL        t
  D:0041H         SYMBOL        temp
  D:0042H         SYMBOL        enshow
  -------         ENDDO         
  C:6EF2H         LINE#         183
  C:6EF6H         LINE#         184
  C:6EF6H         LINE#         185
  C:6EF9H         LINE#         187
  C:6F02H         LINE#         188
  C:6F2CH         LINE#         189
  C:6F3AH         LINE#         190
  C:6F3EH         LINE#         191
  C:6F4BH         LINE#         192
  C:6F4DH         LINE#         193
  C:6F4DH         LINE#         194
  C:6F50H         LINE#         195
  C:6F50H         LINE#         196
  C:6F50H         LINE#         197
  C:6F65H         LINE#         198
  C:6F69H         LINE#         199
BL51 BANKED LINKER/LOCATER V6.22.4.0                                                  06/27/2026  15:25:58  PAGE 9


  -------         ENDPROC       _OLEDSHOWNUM
  -------         PROC          _OLEDDRAWBMP
  D:0001H         SYMBOL        x0
  D:0002H         SYMBOL        y0
  D:0046H         SYMBOL        x1
  D:0047H         SYMBOL        y1
  D:0048H         SYMBOL        bmp
  -------         DO            
  D:004AH         SYMBOL        j
  D:0004H         SYMBOL        x
  D:0003H         SYMBOL        y
  -------         ENDDO         
  C:6FC7H         LINE#         204
  C:6FCDH         LINE#         205
  C:6FCDH         LINE#         206
  C:6FD2H         LINE#         209
  C:6FE7H         LINE#         210
  C:6FEEH         LINE#         211
  C:6FF6H         LINE#         212
  C:700EH         LINE#         213
  C:7011H         LINE#         214
  -------         ENDPROC       _OLEDDRAWBMP
  -------         ENDMOD        OLED7PIN

  -------         MODULE        SYSINIT
  C:0000H         SYMBOL        _ICE_DUMMY_
  D:00E8H         PUBLIC        ADC0CN
  C:723AH         PUBLIC        sysPcaInit
  D:00A8H         PUBLIC        IE
  D:00D9H         PUBLIC        PCA0MD
  D:00D8H         PUBLIC        PCA0CN
  D:00B8H         PUBLIC        IP
  D:00E2H         PUBLIC        XBR1
  C:724CH         PUBLIC        sysOscInit
  C:7248H         PUBLIC        sysPortInit
  C:7250H         PUBLIC        sysIntInit
  D:00C0H         PUBLIC        SMB0CN
  D:00F8H         PUBLIC        SPI0CN
  D:0089H         PUBLIC        TMOD
  D:0088H         PUBLIC        TCON
  D:00C8H         PUBLIC        TMR2CN
  D:00B2H         PUBLIC        OSCICN
  D:0098H         PUBLIC        SCON0
  C:722BH         PUBLIC        sysInit
  D:00D0H         PUBLIC        PSW
  C:7241H         PUBLIC        sysTimerInit
  -------         PROC          SYSPCAINIT
  C:723AH         LINE#         3
  C:723AH         LINE#         4
  C:723AH         LINE#         5
  C:723DH         LINE#         6
  C:7240H         LINE#         7
  -------         ENDPROC       SYSPCAINIT
  -------         PROC          SYSTIMERINIT
  C:7241H         LINE#         9
  C:7241H         LINE#         10
  C:7241H         LINE#         11
BL51 BANKED LINKER/LOCATER V6.22.4.0                                                  06/27/2026  15:25:58  PAGE 10


  C:7244H         LINE#         12
  C:7247H         LINE#         13
  -------         ENDPROC       SYSTIMERINIT
  -------         PROC          SYSPORTINIT
  C:7248H         LINE#         15
  C:7248H         LINE#         16
  C:7248H         LINE#         17
  C:724BH         LINE#         18
  -------         ENDPROC       SYSPORTINIT
  -------         PROC          SYSOSCINIT
  C:724CH         LINE#         20
  C:724CH         LINE#         21
  C:724CH         LINE#         22
  C:724FH         LINE#         23
  -------         ENDPROC       SYSOSCINIT
  -------         PROC          SYSINTINIT
  C:7250H         LINE#         25
  C:7250H         LINE#         26
  C:7250H         LINE#         27
  C:7253H         LINE#         28
  -------         ENDPROC       SYSINTINIT
  -------         PROC          SYSINIT
  C:722BH         LINE#         30
  C:722BH         LINE#         31
  C:722BH         LINE#         32
  C:722EH         LINE#         33
  C:7231H         LINE#         34
  C:7234H         LINE#         35
  C:7237H         LINE#         36
  -------         ENDPROC       SYSINIT
  -------         ENDMOD        SYSINIT

  -------         MODULE        ?C?CLDOPTR
  C:6C5BH         PUBLIC        ?C?CLDOPTR
  -------         ENDMOD        ?C?CLDOPTR

  -------         MODULE        ?C?LMUL
  C:6C88H         PUBLIC        ?C?LMUL
  -------         ENDMOD        ?C?LMUL

  -------         MODULE        ?C?ULDIV
  C:6D13H         PUBLIC        ?C?ULDIV
  -------         ENDMOD        ?C?ULDIV

  -------         MODULE        ?C?SLCMP
  C:6DA5H         PUBLIC        ?C?SLCMP
  -------         ENDMOD        ?C?SLCMP

*** WARNING L16: UNCALLED SEGMENT, IGNORED FOR OVERLAY PROCESS
    SEGMENT: ?PR?OLEDDISPLAYON?OLED7PIN

*** WARNING L16: UNCALLED SEGMENT, IGNORED FOR OVERLAY PROCESS
    SEGMENT: ?PR?OLEDDISPLAYOFF?OLED7PIN

*** WARNING L16: UNCALLED SEGMENT, IGNORED FOR OVERLAY PROCESS
    SEGMENT: ?PR?_OLEDSHOWSTR?OLED7PIN

BL51 BANKED LINKER/LOCATER V6.22.4.0                                                  06/27/2026  15:25:58  PAGE 11


*** WARNING L16: UNCALLED SEGMENT, IGNORED FOR OVERLAY PROCESS
    SEGMENT: ?PR?_OLEDSHOWCN?OLED7PIN

*** WARNING L16: UNCALLED SEGMENT, IGNORED FOR OVERLAY PROCESS
    SEGMENT: ?PR?_OLEDSHOWCHAR8?OLED7PIN

*** WARNING L16: UNCALLED SEGMENT, IGNORED FOR OVERLAY PROCESS
    SEGMENT: ?PR?_OLEDSHOWNUM?OLED7PIN

Program Size: data=88.0 xdata=0 code=29268
LINK/LOCATE RUN COMPLETE.  6 WARNING(S),  0 ERROR(S)
