C51 COMPILER V9.60.7.0   ADC                                                               06/29/2026 15:45:15 PAGE 1   


C51 COMPILER V9.60.7.0, COMPILATION OF MODULE ADC
OBJECT MODULE PLACED IN .\Objects\adc.obj
COMPILER INVOKED BY: D:\keilv5\C51\BIN\C51.EXE ..\lib\adc.c OPTIMIZE(8,SPEED) BROWSE INCDIR(..\lib) DEBUG OBJECTEXTEND P
                    -RINT(.\Listings\adc.lst) TABS(2) OBJECT(.\Objects\adc.obj)

line level    source

   1          /* C8051F410 片内12位ADC驱动*/
   2          #include "config.h"
   3          
   4          void adcInit(void)
   5          {
   6   1          REF0CN  = 0x0A;
   7   1          P0MDIN  = 0xF9;
   8   1          P0SKIP  = 0x06;
   9   1          ADC0MX  = 0x02;
  10   1          ADC0CF  = 0x38;
  11   1          ADC0CN  = 0x80;
  12   1      }
  13          
  14          uint adcRead(uchar channel)
  15          {
  16   1          ADC0MX  = channel & 0x1F;
  17   1          AD0INT  = 0;
  18   1          AD0BUSY = 1;
  19   1          while (AD0BUSY);
  20   1          return ADC0;
  21   1      }
  22          
  23          uint adcToMv(uint raw)
  24          {
  25   1          return (uint)(((ulong)raw * 2500UL) / 4096UL);
  26   1      }


MODULE INFORMATION:   STATIC OVERLAYABLE
   CODE SIZE        =     52    ----
   CONSTANT SIZE    =   ----    ----
   XDATA SIZE       =   ----    ----
   PDATA SIZE       =   ----    ----
   DATA SIZE        =   ----    ----
   IDATA SIZE       =   ----    ----
   BIT SIZE         =   ----    ----
END OF MODULE INFORMATION.


C51 COMPILATION COMPLETE.  0 WARNING(S),  0 ERROR(S)
