C51 COMPILER V9.60.7.0   MAIN                                                              06/29/2026 15:45:15 PAGE 1   


C51 COMPILER V9.60.7.0, COMPILATION OF MODULE MAIN
OBJECT MODULE PLACED IN .\Objects\main.obj
COMPILER INVOKED BY: D:\keilv5\C51\BIN\C51.EXE main.c OPTIMIZE(8,SPEED) BROWSE INCDIR(..\lib) DEBUG OBJECTEXTEND PRINT(.
                    -\Listings\main.lst) TABS(2) OBJECT(.\Objects\main.obj)

line level    source

   1          /* 片内ADC数字电压表
   2             模拟输入: P0.2, 量程 0-2.5V */
   3          #include "config.h"
   4          #include "stdio.h"
   5          
   6          void main(void)
   7          {
   8   1          uint adcVal, mV;
   9   1          uint lastAdc = 0xFFFF;
  10   1          uchar i;
  11   1      
  12   1          sysInit();
  13   1          uartInit();
  14   1          adcInit();
  15   1          segInit();
  16   1      
  17   1          printf("\r\n=== ADC Voltmeter ===\r\n");
  18   1      
  19   1          while (1) {
  20   2              adcVal = adcRead(2);
  21   2              mV = adcToMv(adcVal);
  22   2      
  23   2              if (adcVal != lastAdc) {
  24   3                  printf("P0.2: %4u (%u.%03uV)\r\n",
  25   3                         adcVal, mV / 1000, mV % 1000);
  26   3                  lastAdc = adcVal;
  27   3              }
  28   2      
  29   2              for (i = 0; i < 50; i++) {
  30   3                  segShowRaw(0, segCode(mV / 1000) & 0x7F);
  31   3                  segShowRaw(1, segCode((mV / 100) % 10));
  32   3                  segShowRaw(2, segCode((mV / 10) % 10));
  33   3                  segShowRaw(3, segCode(mV % 10));
  34   3              }
  35   2          }
  36   1      }


MODULE INFORMATION:   STATIC OVERLAYABLE
   CODE SIZE        =    222    ----
   CONSTANT SIZE    =     49    ----
   XDATA SIZE       =   ----    ----
   PDATA SIZE       =   ----    ----
   DATA SIZE        =   ----       7
   IDATA SIZE       =   ----    ----
   BIT SIZE         =   ----    ----
END OF MODULE INFORMATION.


C51 COMPILATION COMPLETE.  0 WARNING(S),  0 ERROR(S)
