A51 MACRO ASSEMBLER  MAIN                                                                 04/27/2026 19:29:57 PAGE     1


MACRO ASSEMBLER A51 V8.2.7.0
OBJECT MODULE PLACED IN .\Objects\main.obj
ASSEMBLER INVOKED BY: D:\keilv5\C51\BIN\A51.EXE main.a51 SET(SMALL) DEBUG PRINT(.\Listings\main.lst) OBJECT(.\Objects\ma
                      in.obj) EP

LOC  OBJ            LINE     SOURCE

0000 7401              1     MOV A, #01H
0002 C0E0              2     PUSH ACC
0004 7402              3     MOV A, #02H
0006 C0E0              4     PUSH ACC
0008 7403              5     MOV A, #03H
000A C0E0              6     PUSH ACC
000C D0E0              7     POP ACC
000E D0E0              8     POP ACC
0010 D0E0              9     POP ACC
                      10     
                      11     END
A51 MACRO ASSEMBLER  MAIN                                                                 04/27/2026 19:29:57 PAGE     2

SYMBOL TABLE LISTING
------ ----- -------


N A M E             T Y P E  V A L U E   ATTRIBUTES

ACC. . . . . . . .  D ADDR   00E0H   A   


REGISTER BANK(S) USED: 0 


ASSEMBLY COMPLETE.  0 WARNING(S), 0 ERROR(S)
