C51 COMPILER V9.60.7.0   MAIN                                                              04/29/2026 01:07:14 PAGE 1   


C51 COMPILER V9.60.7.0, COMPILATION OF MODULE MAIN
OBJECT MODULE PLACED IN .\Objects\main.obj
COMPILER INVOKED BY: D:\keilv5\C51\BIN\C51.EXE main.c OPTIMIZE(8,SPEED) BROWSE DEBUG OBJECTEXTEND PRINT(.\Listings\main.
                    -lst) TABS(2) OBJECT(.\Objects\main.obj)

line level    source

   1          #include <reg51.h>
   2          #include <stdio.h>
   3          
   4          typedef unsigned char uchar;
   5          typedef unsigned int u32;
   6          
   7          uchar data v1 = 0x11;
   8          uchar idata v2 = 0x22;
   9          uchar pdata v3 = 0x33;
  10          uchar xdata v4 = 0x44;
  11          
  12          void main()
  13          {
  14   1        SCON = 0x50;
  15   1        TMOD = 0x20;
  16   1        TH1 = 0xFD;
  17   1        TR1 = 1;
  18   1        TI = 1;
  19   1        
  20   1        printf("data addr: 0x%X, val: 0x%X\n", (u32)&v1, (u32)v1);
  21   1        printf("idata addr: 0x%X, val: 0x%X\n", (u32)&v2, (u32)v2);
  22   1        printf("pdata addr: 0x%X, val: 0x%X\n", (u32)&v3, (u32)v3);
  23   1        printf("xdata addr: 0x%X, val: 0x%X\n", (u32)&v4, (u32)v4);
  24   1      }


MODULE INFORMATION:   STATIC OVERLAYABLE
   CODE SIZE        =    104    ----
   CONSTANT SIZE    =    115    ----
   XDATA SIZE       =      1    ----
   PDATA SIZE       =      1    ----
   DATA SIZE        =      1    ----
   IDATA SIZE       =      1    ----
   BIT SIZE         =   ----    ----
END OF MODULE INFORMATION.


C51 COMPILATION COMPLETE.  0 WARNING(S),  0 ERROR(S)
