C51 COMPILER V9.60.7.0   DAC                                                               06/29/2026 15:47:56 PAGE 1   


C51 COMPILER V9.60.7.0, COMPILATION OF MODULE DAC
OBJECT MODULE PLACED IN .\Objects\dac.obj
COMPILER INVOKED BY: D:\keilv5\C51\BIN\C51.EXE ..\lib\dac.c OPTIMIZE(8,SPEED) BROWSE INCDIR(..\lib) DEBUG OBJECTEXTEND P
                    -RINT(.\Listings\dac.lst) TABS(2) OBJECT(.\Objects\dac.obj)

line level    source

   1          /* C8051F410 片内12位 IDAC 驱动
   2             正弦码表: x=linspace(0,2*pi,256); y=min(round(2048*(sin(x)+1)),4095) */
   3          #include "config.h"
   4          
   5          const uint code dacSineTable[DAC_SINE_POINTS] = {
   6              2048,2098,2148,2199,2249,2299,2349,2398,
   7              2448,2497,2546,2594,2643,2690,2738,2785,
   8              2832,2878,2924,2969,3013,3057,3101,3144,
   9              3186,3227,3268,3308,3347,3386,3423,3460,
  10              3496,3531,3565,3599,3631,3663,3693,3722,
  11              3751,3778,3805,3830,3854,3877,3899,3920,
  12              3940,3959,3976,3993,4008,4022,4035,4046,
  13              4057,4066,4074,4081,4086,4090,4094,4095,
  14              4095,4095,4094,4090,4086,4081,4074,4066,
  15              4057,4046,4035,4022,4008,3993,3976,3959,
  16              3940,3920,3899,3877,3854,3830,3805,3778,
  17              3751,3722,3693,3663,3631,3599,3565,3531,
  18              3496,3460,3423,3386,3347,3308,3268,3227,
  19              3186,3144,3101,3057,3013,2969,2924,2878,
  20              2832,2785,2738,2690,2643,2594,2546,2497,
  21              2448,2398,2349,2299,2249,2199,2148,2098,
  22              2048,1998,1948,1897,1847,1797,1747,1698,
  23              1648,1599,1550,1502,1453,1406,1358,1311,
  24              1264,1218,1172,1127,1083,1039, 995, 952,
  25               910, 869, 828, 788, 749, 710, 673, 636,
  26               600, 565, 531, 497, 465, 433, 403, 374,
  27               345, 318, 291, 266, 242, 219, 197, 176,
  28               156, 137, 120, 103,  88,  74,  61,  50,
  29                39,  30,  22,  15,  10,   6,   2,   1,
  30                 0,   1,   2,   6,  10,  15,  22,  30,
  31                39,  50,  61,  74,  88, 103, 120, 137,
  32               156, 176, 197, 219, 242, 266, 291, 318,
  33               345, 374, 403, 433, 465, 497, 531, 565,
  34               600, 636, 673, 710, 749, 788, 828, 869,
  35               910, 952, 995,1039,1083,1127,1172,1218,
  36              1264,1311,1358,1406,1453,1502,1550,1599,
  37              1648,1698,1747,1797,1847,1897,1948,1998
  38          };
  39          
  40          void dacInit(void)
  41          {
  42   1          REF0CN  = 0x0A;
  43   1          P0MDIN &= ~0x01;
  44   1          P0SKIP |=  0x01;
  45   1          IDA0CN  = 0xF4;
  46   1      }
  47          
  48          void dacSet(uint value)
  49          {
  50   1          IDA0 = value;
  51   1      }


MODULE INFORMATION:   STATIC OVERLAYABLE
C51 COMPILER V9.60.7.0   DAC                                                               06/29/2026 15:47:56 PAGE 2   

   CODE SIZE        =     18    ----
   CONSTANT SIZE    =    512    ----
   XDATA SIZE       =   ----    ----
   PDATA SIZE       =   ----    ----
   DATA SIZE        =   ----    ----
   IDATA SIZE       =   ----    ----
   BIT SIZE         =   ----    ----
END OF MODULE INFORMATION.


C51 COMPILATION COMPLETE.  0 WARNING(S),  0 ERROR(S)
