C51 COMPILER V9.60.7.0   MAIN                                                              06/29/2026 15:47:56 PAGE 1   


C51 COMPILER V9.60.7.0, COMPILATION OF MODULE MAIN
OBJECT MODULE PLACED IN .\Objects\main.obj
COMPILER INVOKED BY: D:\keilv5\C51\BIN\C51.EXE main.c OPTIMIZE(8,SPEED) BROWSE INCDIR(..\lib) DEBUG OBJECTEXTEND PRINT(.
                    -\Listings\main.lst) TABS(2) OBJECT(.\Objects\main.obj)

line level    source

   1          /* 片内IDAC0 正弦波发生器
   2             P0.0 输出, 256点查表 0-4095 */
   3          #include "config.h"
   4          #include "stdio.h"
   5          
   6          void main(void)
   7          {
   8   1          uint i;
   9   1      
  10   1          sysInit();
  11   1          uartInit();
  12   1          dacInit();
  13   1      
  14   1          printf("\r\n=== IDAC Sine Wave ===\r\n");
  15   1      
  16   1          while (1) {
  17   2              for (i = 0; i < DAC_SINE_POINTS; i++) {
  18   3                  dacSet(dacSineTable[i]);
  19   3              }
  20   2          }
  21   1      }


MODULE INFORMATION:   STATIC OVERLAYABLE
   CODE SIZE        =     69    ----
   CONSTANT SIZE    =     27    ----
   XDATA SIZE       =   ----    ----
   PDATA SIZE       =   ----    ----
   DATA SIZE        =   ----       2
   IDATA SIZE       =   ----    ----
   BIT SIZE         =   ----    ----
END OF MODULE INFORMATION.


C51 COMPILATION COMPLETE.  0 WARNING(S),  0 ERROR(S)
