C51 COMPILER V9.60.7.0   DS18B20                                                           06/26/2026 16:04:00 PAGE 1   


C51 COMPILER V9.60.7.0, COMPILATION OF MODULE DS18B20
OBJECT MODULE PLACED IN .\Objects\ds18b20.obj
COMPILER INVOKED BY: D:\keilv5\C51\BIN\C51.EXE ..\lib\ds18b20.c OPTIMIZE(8,SPEED) BROWSE INCDIR(..\lib) DEBUG OBJECTEXTE
                    -ND PRINT(.\Listings\ds18b20.lst) TABS(2) OBJECT(.\Objects\ds18b20.obj)

line level    source

   1          /**
   2           * DS18B20 1-Wire 时序 (24.5MHz/12 ≈ 2.04MHz 机器周期):
   3           *   delay(n)       ≈ n * 0.5us
   4           *   delay10us(n)   ≈ n * 10us (调用 delay(18))
   5           */
   6          
   7          #include "ds18b20.h"
   8          
   9          /* ===== 内部延时 ===== */
  10          static void delay(uint n)
  11          {
  12   1          while (n--);
  13   1      }
  14          
  15          static void delay10us(uchar n)
  16          {
  17   1          uchar i;
  18   1          for (i = 0; i < n; i++) delay(18);
  19   1      }
  20          
  21          /* ===== 1-Wire 复位 ===== */
  22          static uchar owReset(void)
  23          {
  24   1          uchar presence;
  25   1          DQ = 0;
  26   1          delay10us(50);
  27   1          DQ = 1;
  28   1          delay10us(5);
  29   1          presence = DQ;
  30   1          delay10us(50);
  31   1          return presence;
  32   1      }
  33          
  34          /* ===== 1-Wire 写字节 ===== */
  35          static void owWrite(uchar dat)
  36          {
  37   1          uchar i;
  38   1          for (i = 0; i < 8; i++) {
  39   2              DQ = 0;
  40   2              delay(2);
  41   2              DQ = dat & 0x01;
  42   2              delay10us(6);
  43   2              DQ = 1;
  44   2              dat >>= 1;
  45   2              delay(2);
  46   2          }
  47   1      }
  48          
  49          /* ===== 1-Wire 读字节 ===== */
  50          static uchar owRead(void)
  51          {
  52   1          uchar i, dat = 0;
  53   1          for (i = 0; i < 8; i++) {
  54   2              DQ = 0;
C51 COMPILER V9.60.7.0   DS18B20                                                           06/26/2026 16:04:00 PAGE 2   

  55   2              delay(2);
  56   2              dat >>= 1;
  57   2              DQ = 1;
  58   2              delay(2);
  59   2              if (DQ) dat |= 0x80;
  60   2              delay10us(5);
  61   2          }
  62   1          return dat;
  63   1      }
  64          
  65          /* ===== API ===== */
  66          
  67          void ds18b20Init(void)
  68          {
  69   1          DQ = 1;
  70   1      }
  71          
  72          void ds18b20Start(void)
  73          {
  74   1          owReset();
  75   1          owWrite(0xCC);
  76   1          owWrite(0x44);
  77   1      }
  78          
  79          uint ds18b20Read(void)
  80          {
  81   1          uchar lo, hi;
  82   1          uint raw16;
  83   1      
  84   1          owReset();
  85   1          owWrite(0xCC);
  86   1          owWrite(0xBE);
  87   1      
  88   1          lo = owRead();
  89   1          hi = owRead();
  90   1      
  91   1          raw16 = ((uint)hi << 8) | lo;
  92   1      
  93   1          return (uint)((raw16 * 100UL) / 16);
  94   1      }
  95          
  96          static void waitMs(uint ms)
  97          {
  98   1          uchar j;
  99   1          while (ms--) {
 100   2              for (j = 0; j < 250; j++);
 101   2          }
 102   1      }
 103          
 104          uint ds18b20ReadTemp(void)
 105          {
 106   1          ds18b20Start();
 107   1          waitMs(750);
 108   1          return ds18b20Read();
 109   1      }


MODULE INFORMATION:   STATIC OVERLAYABLE
   CODE SIZE        =    220    ----
   CONSTANT SIZE    =   ----    ----
   XDATA SIZE       =   ----    ----
   PDATA SIZE       =   ----    ----
C51 COMPILER V9.60.7.0   DS18B20                                                           06/26/2026 16:04:00 PAGE 3   

   DATA SIZE        =   ----       1
   IDATA SIZE       =   ----    ----
   BIT SIZE         =   ----    ----
END OF MODULE INFORMATION.


C51 COMPILATION COMPLETE.  0 WARNING(S),  0 ERROR(S)
