C51 COMPILER V9.60.7.0   ESP8266                                                           06/26/2026 16:04:00 PAGE 1   


C51 COMPILER V9.60.7.0, COMPILATION OF MODULE ESP8266
OBJECT MODULE PLACED IN .\Objects\esp8266.obj
COMPILER INVOKED BY: D:\keilv5\C51\BIN\C51.EXE ..\lib\esp8266.c OPTIMIZE(8,SPEED) BROWSE INCDIR(..\lib) DEBUG OBJECTEXTE
                    -ND PRINT(.\Listings\esp8266.lst) TABS(2) OBJECT(.\Objects\esp8266.obj)

line level    source

   1          /* ESP8266 WIFI 驱动: UART透传 + AT指令引擎 */
   2          #include "esp8266.h"
   3          #include "uart.h"
   4          #include "stdio.h"
   5          #include "string.h"
   6          
   7          static void espDelayMs(uint ms)
   8          {
   9   1          uchar j;
  10   1          while (ms--) {
  11   2              for (j = 0; j < 250; j++);
  12   2          }
  13   1      }
  14          
  15          static void espDelay10us(uchar n)
  16          {
  17   1          uchar i, j;
  18   1          for (i = 0; i < n; i++) {
  19   2              for (j = 0; j < 18; j++);
  20   2          }
  21   1      }
  22          
  23          void esp8266Init(ulong baud)
  24          {
  25   1          uartInitBaud(baud);
  26   1          ESP8266_RST = 1;
  27   1          espDelayMs(1000);
  28   1      }
  29          
  30          void esp8266HardReset(void)
  31          {
  32   1          ESP8266_RST = 0;
  33   1          espDelayMs(200);
  34   1          ESP8266_RST = 1;
  35   1          espDelayMs(2000);
  36   1      }
  37          
  38          void esp8266SendByte(uchar dat)
  39          {
  40   1          while (TI0 == 0);
  41   1          TI0 = 0;
  42   1          SBUF0 = dat;
  43   1      }
  44          
  45          void esp8266SendBuf(uchar *buf, uint len)
  46          {
  47   1          uint i;
  48   1          for (i = 0; i < len; i++) {
  49   2              esp8266SendByte(buf[i]);
  50   2          }
  51   1      }
  52          
  53          uchar esp8266ReadByte(void)
  54          {
C51 COMPILER V9.60.7.0   ESP8266                                                           06/26/2026 16:04:00 PAGE 2   

  55   1          if (RI0) {
  56   2              RI0 = 0;
  57   2              return SBUF0;
  58   2          }
  59   1          return 0;
  60   1      }
  61          
  62          uchar esp8266Available(void)
  63          {
  64   1          return RI0;
  65   1      }
  66          
  67          /**
  68           * 发送 AT 指令，在响应中搜索 "OK"，找到返回 1
  69           */
  70          uchar esp8266SendAT(uchar *cmd, uint timeoutMs)
  71          {
  72   1          uchar xdata buf[64];
  73   1          uint len, i;
  74   1      
  75   1          len = esp8266SendATResp(cmd, buf, sizeof(buf), timeoutMs);
  76   1          if (len == 0) return 0;
  77   1      
  78   1          for (i = 0; i < len - 1; i++) {
  79   2              if (buf[i] == 'O' && buf[i + 1] == 'K') return 1;
  80   2          }
  81   1          return 0;
  82   1      }
  83          
  84          /**
  85           * 发送 AT 指令并接收完整响应
  86           * 自动追加 "AT" 前缀和 \r\n，遇到 \r\nOK\r\n 或 \r\nERROR\r\n 时截断
  87           */
  88          uint esp8266SendATResp(uchar *cmd, uchar *buf, uint maxLen, uint timeoutMs)
  89          {
  90   1          uint idx = 0;
  91   1          uint elapsed = 0;
  92   1      
  93   1          esp8266SendByte('A');
  94   1          esp8266SendByte('T');
  95   1          if (cmd != 0 && cmd[0] != '\0') {
  96   2              esp8266SendBuf(cmd, strlen((char *)cmd));
  97   2          }
  98   1          esp8266SendByte('\r');
  99   1          esp8266SendByte('\n');
 100   1      
 101   1          while (elapsed < timeoutMs) {
 102   2              if (RI0) {
 103   3                  RI0 = 0;
 104   3                  if (idx < maxLen - 1) {
 105   4                      buf[idx++] = SBUF0;
 106   4                  }
 107   3                  if (idx >= 6 &&
 108   3                      buf[idx - 6] == '\r' && buf[idx - 5] == '\n' &&
 109   3                      buf[idx - 4] == 'O'  && buf[idx - 3] == 'K' &&
 110   3                      buf[idx - 2] == '\r' && buf[idx - 1] == '\n') {
 111   4                      break;
 112   4                  }
 113   3                  if (idx >= 9 &&
 114   3                      buf[idx - 9] == '\r' && buf[idx - 8] == '\n' &&
 115   3                      buf[idx - 7] == 'E'  && buf[idx - 6] == 'R' &&
 116   3                      buf[idx - 5] == 'R'  && buf[idx - 4] == 'O' &&
C51 COMPILER V9.60.7.0   ESP8266                                                           06/26/2026 16:04:00 PAGE 3   

 117   3                      buf[idx - 3] == 'R'  && buf[idx - 2] == '\r' &&
 118   3                      buf[idx - 1] == '\n') {
 119   4                      break;
 120   4                  }
 121   3                  elapsed = 0;
 122   3              }
 123   2              espDelayMs(1);
 124   2              elapsed++;
 125   2          }
 126   1      
 127   1          if (idx == 0) return 0;
 128   1          buf[idx] = '\0';
 129   1          return idx;
 130   1      }
 131          
 132          /**
 133           * 一键配置: STA模式 → 连WiFi → 连TCP → 开启透传
 134           * 任一步失败即返回 0, 全部成功返回 1
 135           */
 136          uchar esp8266Config(WiFiConfig *cfg)
 137          {
 138   1          if (!esp8266SetMode(1)) return 0;
 139   1          espDelayMs(500);
 140   1          if (!esp8266ConnectAP(cfg->ssid, cfg->password)) return 0;
 141   1          espDelayMs(1000);
 142   1          if (!esp8266ConnectTCP(cfg->serverIP, cfg->serverPort)) return 0;
 143   1          espDelayMs(500);
 144   1          if (!esp8266StartTrans()) return 0;
 145   1          espDelayMs(500);
 146   1          return 1;
 147   1      }
 148          
 149          uchar esp8266TestAT(void)
 150          {
 151   1          return esp8266SendAT("", 2000);
 152   1      }
 153          
 154          /**
 155           * 设置工作模式 (1=STA,2=AP,3=STA+AP) 并重启生效
 156           */
 157          uchar esp8266SetMode(uchar mode)
 158          {
 159   1          uchar xdata cmd[12];
 160   1          sprintf((char *)cmd, "+CWMODE=%d", mode);
 161   1          if (!esp8266SendAT(cmd, 1000)) return 0;
 162   1          return esp8266SendAT("+RST", 3000);
 163   1      }
 164          
 165          /**
 166           * 连接 WiFi 热点, 成功后自动设 CIPMUX=0, 重试 5 次
 167           */
 168          uchar esp8266ConnectAP(uchar *ssid, uchar *pwd)
 169          {
 170   1          uchar xdata cmd[60];
 171   1          uint retry = 0;
 172   1      
 173   1          espDelayMs(2000);
 174   1          sprintf((char *)cmd, "+CWJAP=\"%s\",\"%s\"", (char *)ssid, (char *)pwd);
 175   1      
 176   1          while (retry < 5) {
 177   2              if (esp8266SendAT(cmd, 8000)) {
 178   3                  if (esp8266SendAT("+CIPMUX=0", 1000)) return 1;
C51 COMPILER V9.60.7.0   ESP8266                                                           06/26/2026 16:04:00 PAGE 4   

 179   3              }
 180   2              retry++;
 181   2              espDelayMs(1000);
 182   2          }
 183   1          return 0;
 184   1      }
 185          
 186          /**
 187           * 建立 TCP 连接, ip 为字符串, port 为端口号
 188           */
 189          uchar esp8266ConnectTCP(uchar *ip, uint port)
 190          {
 191   1          uchar xdata cmd[50];
 192   1          sprintf((char *)cmd, "+CIPSTART=\"TCP\",\"%s\",%d", (char *)ip, port);
 193   1          return esp8266SendAT(cmd, 10000);
 194   1      }
 195          
 196          /**
 197           * 开启透传 (AT+CIPMODE=1 → AT+CIPSEND)
 198           * 成功后 printf 全部发往 TCP 服务器
 199           */
 200          uchar esp8266StartTrans(void)
 201          {
 202   1          if (!esp8266SendAT("+CIPMODE=1", 1000)) return 0;
 203   1          espDelayMs(200);
 204   1          return esp8266SendAT("+CIPSEND", 1000);
 205   1      }
 206          
 207          /**
 208           * 退出透传: 空闲 1s → 发送 +++ → 等待 1s
 209           */
 210          void esp8266ExitTrans(void)
 211          {
 212   1          espDelayMs(1000);
 213   1          esp8266SendByte('+');
 214   1          esp8266SendByte('+');
 215   1          esp8266SendByte('+');
 216   1          espDelayMs(1000);
 217   1      }
 218          
 219          void esp8266SendTrans(uchar *buf, uint len)
 220          {
 221   1          esp8266SendBuf(buf, len);
 222   1      }
 223          
 224          uchar esp8266ResetFactory(void)
 225          {
 226   1          return esp8266SendAT("+RESTORE", 3000);
 227   1      }
 228          
 229          /**
 230           * 查询当前是否已连接 AP, 响应含 +CWJAP: 且无 FAIL 标志则返回 1
 231           */
 232          uchar esp8266CheckConnected(void)
 233          {
 234   1          uchar xdata buf[32];
 235   1          uint len, i;
 236   1      
 237   1          len = esp8266SendATResp("+CWJAP?", buf, sizeof(buf), 3000);
 238   1          if (len == 0) return 0;
 239   1      
 240   1          for (i = 0; i < len - 6; i++) {
C51 COMPILER V9.60.7.0   ESP8266                                                           06/26/2026 16:04:00 PAGE 5   

 241   2              if (buf[i] == '+' && buf[i + 1] == 'C' &&
 242   2                  buf[i + 2] == 'W' && buf[i + 3] == 'J' &&
 243   2                  buf[i + 4] == 'A' && buf[i + 5] == 'P') {
 244   3                  if (i + 30 < len) {
 245   4                      uchar j;
 246   4                      for (j = i; j < i + 30; j++) {
 247   5                          if (buf[j] == 'F' && buf[j + 1] == 'A' &&
 248   5                              buf[j + 2] == 'I' && buf[j + 3] == 'L') {
 249   6                              return 0;
 250   6                          }
 251   5                      }
 252   4                  }
 253   3                  return 1;
 254   3              }
 255   2          }
 256   1          return 0;
 257   1      }


MODULE INFORMATION:   STATIC OVERLAYABLE
   CODE SIZE        =   1484    ----
   CONSTANT SIZE    =    105    ----
   XDATA SIZE       =   ----     218
   PDATA SIZE       =   ----    ----
   DATA SIZE        =   ----      36
   IDATA SIZE       =   ----    ----
   BIT SIZE         =   ----    ----
END OF MODULE INFORMATION.


C51 COMPILATION COMPLETE.  0 WARNING(S),  0 ERROR(S)
