C51 COMPILER V9.60.7.0   UART                                                              06/26/2026 16:04:00 PAGE 1   


C51 COMPILER V9.60.7.0, COMPILATION OF MODULE UART
OBJECT MODULE PLACED IN .\Objects\uart.obj
COMPILER INVOKED BY: D:\keilv5\C51\BIN\C51.EXE ..\lib\uart.c OPTIMIZE(8,SPEED) BROWSE INCDIR(..\lib) DEBUG OBJECTEXTEND 
                    -PRINT(.\Listings\uart.lst) TABS(2) OBJECT(.\Objects\uart.obj)

line level    source

   1          /* UART0 串口: 自动适配 T1M=0/1, 覆盖 1200~115200 */
   2          #include "uart.h"
   3          #include "stdio.h"
   4          
   5          #define SYS_CLK  24500000UL
   6          
   7          static ulong sysClk = SYS_CLK;
   8          
   9          void uartInit(void)
  10          {
  11   1          uartInitBaud(115200);
  12   1      }
  13          
  14          void uartInitBaud(ulong baud)
  15          {
  16   1          ulong divisor;
  17   1          uchar reload;
  18   1      
  19   1          XBR0 |= 0x01;
  20   1          XBR1 |= 0x40;
  21   1      
  22   1          TMOD = (TMOD & 0x0F) | 0x20;
  23   1      
  24   1          divisor = sysClk / (2UL * baud);
  25   1          if (divisor > 0 && divisor <= 256) {
  26   2              CKCON |= 0x08;
  27   2              reload = (uchar)(256UL - divisor);
  28   2          } else {
  29   2              CKCON &= ~0x08;
  30   2              divisor = sysClk / (24UL * baud);
  31   2              if (divisor > 256 || divisor == 0) {
  32   3                  divisor = 256;
  33   3              }
  34   2              reload = (uchar)(256UL - divisor);
  35   2          }
  36   1      
  37   1          TH1 = reload;
  38   1          SCON0 = 0x10;
  39   1          TR1 = 1;
  40   1          TI0 = 1;
  41   1      }
  42          
  43          char putchar(char c)
  44          {
  45   1          while (TI0 == 0);
  46   1          TI0 = 0;
  47   1          SBUF0 = c;
  48   1          return c;
  49   1      }


MODULE INFORMATION:   STATIC OVERLAYABLE
   CODE SIZE        =    230    ----
   CONSTANT SIZE    =   ----    ----
C51 COMPILER V9.60.7.0   UART                                                              06/26/2026 16:04:00 PAGE 2   

   XDATA SIZE       =   ----    ----
   PDATA SIZE       =   ----    ----
   DATA SIZE        =      4       9
   IDATA SIZE       =   ----    ----
   BIT SIZE         =   ----    ----
END OF MODULE INFORMATION.


C51 COMPILATION COMPLETE.  0 WARNING(S),  0 ERROR(S)
