A51 MACRO ASSEMBLER  MAIN                                                                 04/27/2026 18:47:31 PAGE     1


MACRO ASSEMBLER A51 V8.2.7.0
OBJECT MODULE PLACED IN .\Objects\main.obj
ASSEMBLER INVOKED BY: D:\keilv5\C51\BIN\A51.EXE main.a51 SET(SMALL) DEBUG PRINT(.\Listings\main.lst) OBJECT(.\Objects\ma
                      in.obj) EP

LOC  OBJ            LINE     SOURCE

0000 74FF              1     MOV A, #0FFH
0002 2401              2     ADD A, #01H
0004 747F              3     MOV A, #7FH
0006 2401              4     ADD A, #01H
0008 74FF              5     MOV A, #0FFH
000A 75F002            6     MOV B, #02H
000D A4                7     MUL AB
                       8     
                       9     END
A51 MACRO ASSEMBLER  MAIN                                                                 04/27/2026 18:47:31 PAGE     2

SYMBOL TABLE LISTING
------ ----- -------


N A M E             T Y P E  V A L U E   ATTRIBUTES

B. . . . . . . . .  D ADDR   00F0H   A   


REGISTER BANK(S) USED: 0 


ASSEMBLY COMPLETE.  0 WARNING(S), 0 ERROR(S)
