BL51 BANKED LINKER/LOCATER V6.22.4.0                                                    06/26/2026  21:12:19  PAGE 1


BL51 BANKED LINKER/LOCATER V6.22.4.0, INVOKED BY:
D:\KEILV5\C51\BIN\BL51.EXE .\Objects\main.obj, .\Objects\pcf8591.obj, .\Objects\segdisplay.obj, .\Objects\sysinit.obj, .
>> \Objects\uart.obj TO .\Objects\PCF8591 PRINT (.\Listings\PCF8591.m51) RAMSIZE (256)


MEMORY MODEL: SMALL


INPUT MODULES INCLUDED:
  .\Objects\main.obj (MAIN)
  .\Objects\pcf8591.obj (PCF8591)
  .\Objects\segdisplay.obj (SEGDISPLAY)
  .\Objects\sysinit.obj (SYSINIT)
  .\Objects\uart.obj (UART)
  D:\KEILV5\C51\LIB\C51S.LIB (?C_STARTUP)
  D:\KEILV5\C51\LIB\C51S.LIB (?C?CLDOPTR)
  D:\KEILV5\C51\LIB\C51S.LIB (?C?CSTOPTR)
  D:\KEILV5\C51\LIB\C51S.LIB (?C?IMUL)
  D:\KEILV5\C51\LIB\C51S.LIB (?C?UIDIV)
  D:\KEILV5\C51\LIB\C51S.LIB (?C?LMUL)
  D:\KEILV5\C51\LIB\C51S.LIB (?C?ULDIV)
  D:\KEILV5\C51\LIB\C51S.LIB (?C?ULCMP)
  D:\KEILV5\C51\LIB\C51S.LIB (PRINTF)
  D:\KEILV5\C51\LIB\C51S.LIB (?C_INIT)
  D:\KEILV5\C51\LIB\C51S.LIB (?C?CLDPTR)
  D:\KEILV5\C51\LIB\C51S.LIB (?C?CSTPTR)
  D:\KEILV5\C51\LIB\C51S.LIB (?C?PLDIIDATA)
  D:\KEILV5\C51\LIB\C51S.LIB (?C?CCASE)


LINK MAP OF MODULE:  .\Objects\PCF8591 (MAIN)


            TYPE    BASE      LENGTH    RELOCATION   SEGMENT NAME
            -----------------------------------------------------

            * * * * * * *   D A T A   M E M O R Y   * * * * * * *
            REG     0000H     0008H     ABSOLUTE     "REG BANK 0"
            DATA    0008H     0005H     UNIT         ?DT?_SEGSHOW?SEGDISPLAY
            DATA    000DH     0005H     UNIT         ?DT?SEGDISPLAY
            DATA    0012H     0004H     UNIT         ?DT?UART
            DATA    0016H     0003H     UNIT         ?DT?_PCF8591READALL?PCF8591
            DATA    0019H     0003H     UNIT         ?DT?_SEGSHOWBUF?SEGDISPLAY
                    001CH     0004H                  *** GAP ***
            BIT     0020H.0   0001H.1   UNIT         _BIT_GROUP_
                    0021H.1   0000H.7                *** GAP ***
            DATA    0022H     0019H     UNIT         _DATA_GROUP_
            IDATA   003BH     0001H     UNIT         ?STACK

            * * * * * * *   C O D E   M E M O R Y   * * * * * * *
            CODE    0000H     0003H     ABSOLUTE     
            CODE    0003H     035CH     UNIT         ?PR?PRINTF?PRINTF
            CODE    035FH     0245H     UNIT         ?C?LIB_CODE
            CODE    05A4H     00DAH     UNIT         ?PR?MAIN?MAIN
            CODE    067EH     00D3H     UNIT         ?PR?_UARTINITBAUD?UART
            CODE    0751H     008FH     UNIT         ?PR?_SEGSHOW?SEGDISPLAY
            CODE    07E0H     008CH     UNIT         ?C_C51STARTUP
            CODE    086CH     0049H     UNIT         ?PR?_PCF8591READALL?PCF8591
BL51 BANKED LINKER/LOCATER V6.22.4.0                                                  06/26/2026  21:12:19  PAGE 2


            CODE    08B5H     0041H     UNIT         ?PR?SEGSCAN?SEGDISPLAY
            CODE    08F6H     003BH     UNIT         ?PR?_SEGSHOWHEX?SEGDISPLAY
            CODE    0931H     0035H     UNIT         ?CO?MAIN
            CODE    0966H     0031H     UNIT         ?PR?_I2CSENDBYTE?PCF8591
            CODE    0997H     0031H     UNIT         ?PR?_SEGSHOWRAW?SEGDISPLAY
            CODE    09C8H     0030H     UNIT         ?PR?_PCF8591READADC?PCF8591
            CODE    09F8H     002BH     UNIT         ?PR?_SEGSHOWBUF?SEGDISPLAY
            CODE    0A23H     0026H     UNIT         ?PR?I2CRECVBYTE?PCF8591
            CODE    0A49H     0021H     UNIT         ?PR?SEGINIT?SEGDISPLAY
            CODE    0A6AH     001DH     UNIT         ?PR?I2CRECVACK?PCF8591
            CODE    0A87H     001BH     UNIT         ?PR?SEGCLEAR?SEGDISPLAY
            CODE    0AA2H     001AH     UNIT         ?CO?SEGDISPLAY
            CODE    0ABCH     0019H     UNIT         ?PR?_PCF8591WRITEDAC?PCF8591
            CODE    0AD5H     0017H     UNIT         ?PR?_SEGDELAYMS?SEGDISPLAY
            CODE    0AECH     0010H     UNIT         ?PR?_SEGCODE?SEGDISPLAY
            CODE    0AFCH     0010H     UNIT         ?C_INITSEG
            CODE    0B0CH     000FH     UNIT         ?PR?I2CSTART?PCF8591
            CODE    0B1BH     000FH     UNIT         ?PR?SYSINIT?SYSINIT
            CODE    0B2AH     000EH     UNIT         ?PR?I2CDELAY?PCF8591
            CODE    0B38H     000EH     UNIT         ?PR?PCF8591INIT?PCF8591
            CODE    0B46H     000DH     UNIT         ?PR?_I2CSENDACK?PCF8591
            CODE    0B53H     000CH     UNIT         ?PR?I2CSTOP?PCF8591
            CODE    0B5FH     000BH     UNIT         ?PR?UARTINIT?UART
            CODE    0B6AH     0009H     UNIT         ?PR?_SEGHEXCODE?SEGDISPLAY
            CODE    0B73H     0008H     UNIT         ?PR?_PUTCHAR?UART
            CODE    0B7BH     0007H     UNIT         ?PR?SYSPCAINIT?SYSINIT
            CODE    0B82H     0007H     UNIT         ?PR?SYSTIMERINIT?SYSINIT
            CODE    0B89H     0004H     UNIT         ?PR?SYSPORTINIT?SYSINIT
            CODE    0B8DH     0004H     UNIT         ?PR?SYSOSCINIT?SYSINIT
            CODE    0B91H     0004H     UNIT         ?PR?SYSINTINIT?SYSINIT



OVERLAY MAP OF MODULE:   .\Objects\PCF8591 (MAIN)


SEGMENT                                 BIT_GROUP          DATA_GROUP 
  +--> CALLED SEGMENT                START    LENGTH     START    LENGTH
------------------------------------------------------------------------
?C_C51STARTUP                        -----    -----      -----    -----
  +--> ?PR?MAIN?MAIN
  +--> ?C_INITSEG

?PR?MAIN?MAIN                        -----    -----      0022H    0005H
  +--> ?PR?SYSINIT?SYSINIT
  +--> ?PR?UARTINIT?UART
  +--> ?PR?SEGINIT?SEGDISPLAY
  +--> ?PR?PCF8591INIT?PCF8591
  +--> ?CO?MAIN
  +--> ?PR?PRINTF?PRINTF
  +--> ?PR?_PCF8591READADC?PCF8591
  +--> ?PR?_SEGCODE?SEGDISPLAY
  +--> ?PR?_SEGSHOWRAW?SEGDISPLAY

?PR?SYSINIT?SYSINIT                  -----    -----      -----    -----
  +--> ?PR?SYSPCAINIT?SYSINIT
  +--> ?PR?SYSTIMERINIT?SYSINIT
BL51 BANKED LINKER/LOCATER V6.22.4.0                                                  06/26/2026  21:12:19  PAGE 3


  +--> ?PR?SYSPORTINIT?SYSINIT
  +--> ?PR?SYSOSCINIT?SYSINIT
  +--> ?PR?SYSINTINIT?SYSINIT

?PR?UARTINIT?UART                    -----    -----      -----    -----
  +--> ?PR?_UARTINITBAUD?UART

?PR?_UARTINITBAUD?UART               -----    -----      0027H    0009H

?PR?PRINTF?PRINTF                    0020H.0  0001H.1    0027H    0014H
  +--> ?PR?_PUTCHAR?UART

?PR?_PCF8591READADC?PCF8591          -----    -----      -----    -----
  +--> ?PR?_I2CSENDBYTE?PCF8591
  +--> ?PR?I2CRECVACK?PCF8591
  +--> ?PR?I2CRECVBYTE?PCF8591
  +--> ?PR?_I2CSENDACK?PCF8591
  +--> ?PR?I2CSTOP?PCF8591

?PR?_I2CSENDBYTE?PCF8591             -----    -----      -----    -----
  +--> ?PR?I2CSTART?PCF8591
  +--> ?PR?I2CDELAY?PCF8591

?PR?I2CSTART?PCF8591                 -----    -----      -----    -----
  +--> ?PR?I2CDELAY?PCF8591

?PR?I2CRECVACK?PCF8591               -----    -----      -----    -----
  +--> ?PR?I2CSTOP?PCF8591
  +--> ?PR?I2CSTART?PCF8591
  +--> ?PR?_I2CSENDBYTE?PCF8591
  +--> ?PR?I2CDELAY?PCF8591

?PR?I2CSTOP?PCF8591                  -----    -----      -----    -----
  +--> ?PR?I2CDELAY?PCF8591

?PR?I2CRECVBYTE?PCF8591              -----    -----      -----    -----
  +--> ?PR?I2CDELAY?PCF8591

?PR?_I2CSENDACK?PCF8591              -----    -----      -----    -----
  +--> ?PR?I2CDELAY?PCF8591

?PR?_SEGCODE?SEGDISPLAY              -----    -----      -----    -----
  +--> ?CO?SEGDISPLAY

?PR?_SEGSHOWRAW?SEGDISPLAY           -----    -----      -----    -----
  +--> ?PR?_SEGDELAYMS?SEGDISPLAY



SYMBOL TABLE OF MODULE:  .\Objects\PCF8591 (MAIN)

  VALUE           TYPE          NAME
  ----------------------------------

  -------         MODULE        MAIN
  C:0000H         SYMBOL        _ICE_DUMMY_
  D:0080H         PUBLIC        P0
BL51 BANKED LINKER/LOCATER V6.22.4.0                                                  06/26/2026  21:12:19  PAGE 4


  D:0090H         PUBLIC        P1
  D:00E8H         PUBLIC        ADC0CN
  D:00A8H         PUBLIC        IE
  D:00D8H         PUBLIC        PCA0CN
  D:00B8H         PUBLIC        IP
  D:00C0H         PUBLIC        SMB0CN
  C:05A4H         PUBLIC        main
  D:00F8H         PUBLIC        SPI0CN
  D:0088H         PUBLIC        TCON
  D:00C8H         PUBLIC        TMR2CN
  D:0098H         PUBLIC        SCON0
  D:00D0H         PUBLIC        PSW
  -------         PROC          MAIN
  -------         DO            
  D:0022H         SYMBOL        val
  D:0023H         SYMBOL        mV
  D:0025H         SYMBOL        lastVal
  D:0026H         SYMBOL        i
  -------         ENDDO         
  C:05A4H         LINE#         9
  C:05A4H         LINE#         10
  C:05A4H         LINE#         13
  C:05A7H         LINE#         16
  C:05AAH         LINE#         17
  C:05ADH         LINE#         18
  C:05B0H         LINE#         19
  C:05B3H         LINE#         21
  C:05BCH         LINE#         23
  C:05BCH         LINE#         24
  C:05C3H         LINE#         25
  C:05D7H         LINE#         27
  C:05DDH         LINE#         28
  C:0603H         LINE#         30
  C:0606H         LINE#         31
  C:0606H         LINE#         33
  C:0610H         LINE#         34
  C:0627H         LINE#         35
  C:0645H         LINE#         36
  C:0663H         LINE#         37
  C:067AH         LINE#         38
  -------         ENDPROC       MAIN
  -------         ENDMOD        MAIN

  -------         MODULE        PCF8591
  C:0000H         SYMBOL        _ICE_DUMMY_
  D:0080H         PUBLIC        P0
  D:00E8H         PUBLIC        ADC0CN
  D:00A4H         PUBLIC        P0MDOUT
  D:00A8H         PUBLIC        IE
  C:0B0CH         SYMBOL        i2cStart
  B:0080H.2       PUBLIC        PCF_SDA
  D:00D8H         PUBLIC        PCA0CN
  D:00B8H         PUBLIC        IP
  C:0B46H         SYMBOL        _i2cSendAck
  B:0080H.3       PUBLIC        PCF_SCL
  C:096DH         SYMBOL        _i2cSendByte
  C:0A75H         SYMBOL        i2cRecvAck
BL51 BANKED LINKER/LOCATER V6.22.4.0                                                  06/26/2026  21:12:19  PAGE 5


  D:00C0H         PUBLIC        SMB0CN
  C:0B53H         SYMBOL        i2cStop
  C:0A23H         SYMBOL        i2cRecvByte
  C:0B38H         PUBLIC        pcf8591Init
  D:00F1H         PUBLIC        P0MDIN
  C:086CH         PUBLIC        _pcf8591ReadAll
  D:00F8H         PUBLIC        SPI0CN
  D:0088H         PUBLIC        TCON
  D:00C8H         PUBLIC        TMR2CN
  C:09C8H         PUBLIC        _pcf8591ReadADC
  D:0098H         PUBLIC        SCON0
  C:0ABCH         PUBLIC        _pcf8591WriteDAC
  C:0B31H         SYMBOL        i2cDelay
  D:00D0H         PUBLIC        PSW
  C:0B2CH         SYMBOL        L?0039
  -------         PROC          L?0038
  -------         ENDPROC       L?0038
  C:0B2CH         SYMBOL        L?0039
  -------         PROC          I2CDELAY
  -------         DO            
  D:0007H         SYMBOL        i
  -------         ENDDO         
  C:0B31H         LINE#         7
  C:0B31H         LINE#         8
  C:0B31H         LINE#         10
  C:0B37H         LINE#         11
  -------         ENDPROC       I2CDELAY
  -------         PROC          I2CSTART
  C:0B0CH         LINE#         13
  C:0B0CH         LINE#         14
  C:0B0CH         LINE#         15
  C:0B13H         LINE#         16
  C:0B18H         LINE#         17
  C:0B1AH         LINE#         18
  -------         ENDPROC       I2CSTART
  -------         PROC          I2CSTOP
  C:0B53H         LINE#         20
  C:0B53H         LINE#         21
  C:0B53H         LINE#         22
  C:0B5AH         LINE#         23
  -------         ENDPROC       I2CSTOP
  C:0A6DH         SYMBOL        L?0037
  -------         PROC          L?0036
  -------         ENDPROC       L?0036
  C:0A6DH         SYMBOL        L?0037
  -------         PROC          I2CRECVACK
  -------         DO            
  D:0006H         SYMBOL        ack
  -------         ENDDO         
  C:0A75H         LINE#         26
  C:0A75H         LINE#         27
  C:0A75H         LINE#         29
  C:0A77H         LINE#         30
  C:0A7AH         LINE#         31
  C:0A7FH         LINE#         32
  C:0A84H         LINE#         33
  C:0A86H         LINE#         34
BL51 BANKED LINKER/LOCATER V6.22.4.0                                                  06/26/2026  21:12:19  PAGE 6


  -------         ENDPROC       I2CRECVACK
  C:0968H         SYMBOL        L?0041
  -------         PROC          L?0040
  -------         ENDPROC       L?0040
  C:0968H         SYMBOL        L?0041
  -------         PROC          _I2CSENDBYTE
  D:0005H         SYMBOL        dat
  -------         DO            
  D:0004H         SYMBOL        i
  -------         ENDDO         
  C:096DH         LINE#         36
  C:096FH         LINE#         37
  C:096FH         LINE#         39
  C:0971H         LINE#         40
  C:098DH         LINE#         41
  C:098DH         LINE#         42
  C:0990H         LINE#         43
  C:0992H         LINE#         44
  C:0996H         LINE#         45
  -------         ENDPROC       _I2CSENDBYTE
  -------         PROC          I2CRECVBYTE
  -------         DO            
  D:0005H         SYMBOL        i
  D:0006H         SYMBOL        dat
  -------         ENDDO         
  C:0A23H         LINE#         47
  C:0A23H         LINE#         48
  C:0A23H         LINE#         49
  C:0A25H         LINE#         50
  C:0A27H         LINE#         51
  C:0A28H         LINE#         52
  C:0A2DH         LINE#         53
  C:0A3DH         LINE#         54
  C:0A42H         LINE#         55
  C:0A46H         LINE#         56
  C:0A48H         LINE#         57
  -------         ENDPROC       I2CRECVBYTE
  -------         PROC          _I2CSENDACK
  D:0007H         SYMBOL        ack
  C:0B46H         LINE#         59
  C:0B46H         LINE#         60
  C:0B46H         LINE#         61
  C:0B4DH         LINE#         62
  C:0B50H         LINE#         63
  C:0B52H         LINE#         64
  -------         ENDPROC       _I2CSENDACK
  -------         PROC          PCF8591INIT
  C:0B38H         LINE#         66
  C:0B38H         LINE#         67
  C:0B38H         LINE#         68
  C:0B3BH         LINE#         69
  C:0B3EH         LINE#         70
  C:0B41H         LINE#         71
  C:0B43H         LINE#         72
  C:0B45H         LINE#         73
  -------         ENDPROC       PCF8591INIT
  -------         PROC          _PCF8591READADC
BL51 BANKED LINKER/LOCATER V6.22.4.0                                                  06/26/2026  21:12:19  PAGE 7


  D:0002H         SYMBOL        channel
  -------         DO            
  D:0006H         SYMBOL        val
  -------         ENDDO         
  C:09C8H         LINE#         79
  C:09C8H         LINE#         80
  C:09C8H         LINE#         83
  C:09C8H         LINE#         84
  C:09CEH         LINE#         85
  C:09DAH         LINE#         86
  C:09DAH         LINE#         88
  C:09DAH         LINE#         89
  C:09DDH         LINE#         90
  C:09E5H         LINE#         91
  C:09E5H         LINE#         93
  C:09E5H         LINE#         94
  C:09E8H         LINE#         95
  C:09F2H         LINE#         96
  C:09F5H         LINE#         98
  C:09F7H         LINE#         99
  -------         ENDPROC       _PCF8591READADC
  -------         PROC          _PCF8591WRITEDAC
  D:0002H         SYMBOL        value
  C:0ABCH         LINE#         104
  C:0ABCH         LINE#         105
  C:0ABCH         LINE#         106
  C:0ABCH         LINE#         107
  C:0AC2H         LINE#         108
  C:0ACAH         LINE#         109
  C:0AD2H         LINE#         110
  -------         ENDPROC       _PCF8591WRITEDAC
  -------         PROC          _PCF8591READALL
  D:0016H         SYMBOL        buf
  -------         DO            
  D:0004H         SYMBOL        i
  -------         ENDDO         
  C:086CH         LINE#         116
  C:0872H         LINE#         117
  C:0872H         LINE#         120
  C:0872H         LINE#         121
  C:0878H         LINE#         122
  C:0880H         LINE#         124
  C:0880H         LINE#         125
  C:0883H         LINE#         126
  C:088BH         LINE#         128
  C:088DH         LINE#         129
  C:089FH         LINE#         130
  C:08A9H         LINE#         131
  C:08AEH         LINE#         132
  C:08B2H         LINE#         133
  -------         ENDPROC       _PCF8591READALL
  -------         ENDMOD        PCF8591

  -------         MODULE        SEGDISPLAY
  C:0000H         SYMBOL        _ICE_DUMMY_
  D:0090H         PUBLIC        P1
  D:00A0H         PUBLIC        P2
BL51 BANKED LINKER/LOCATER V6.22.4.0                                                  06/26/2026  21:12:19  PAGE 8


  C:09F8H         PUBLIC        _segShowBuf
  D:00E8H         PUBLIC        ADC0CN
  C:08F6H         PUBLIC        _segShowHex
  D:00A5H         PUBLIC        P1MDOUT
  D:00A8H         PUBLIC        IE
  D:00A6H         PUBLIC        P2MDOUT
  C:0997H         PUBLIC        _segShowRaw
  D:00D8H         PUBLIC        PCA0CN
  D:00B8H         PUBLIC        IP
  D:00C0H         PUBLIC        SMB0CN
  C:0A87H         PUBLIC        segClear
  C:0AA2H         SYMBOL        segTable
  D:00F8H         PUBLIC        SPI0CN
  D:0088H         PUBLIC        TCON
  D:00C8H         PUBLIC        TMR2CN
  C:0AECH         PUBLIC        _segCode
  C:08B5H         PUBLIC        segScan
  D:000DH         SYMBOL        scanIdx
  D:000EH         SYMBOL        dispBuf
  C:0AACH         SYMBOL        segHexTable
  C:0A49H         PUBLIC        segInit
  B:0090H.0       PUBLIC        SEG_DIGIT0
  C:0751H         PUBLIC        _segShow
  B:0090H.1       PUBLIC        SEG_DIGIT1
  D:0098H         PUBLIC        SCON0
  C:0B6AH         PUBLIC        _segHexCode
  B:0090H.2       PUBLIC        SEG_DIGIT2
  B:0090H.3       PUBLIC        SEG_DIGIT3
  C:0AD5H         PUBLIC        _segDelayMs
  D:00D0H         PUBLIC        PSW
  -------         PROC          SEGINIT
  C:0A49H         LINE#         19
  C:0A49H         LINE#         20
  C:0A49H         LINE#         21
  C:0A4CH         LINE#         22
  C:0A4FH         LINE#         23
  C:0A51H         LINE#         24
  C:0A53H         LINE#         25
  C:0A55H         LINE#         26
  C:0A57H         LINE#         27
  C:0A5AH         LINE#         28
  C:0A5DH         LINE#         29
  C:0A60H         LINE#         30
  C:0A63H         LINE#         31
  C:0A66H         LINE#         32
  C:0A69H         LINE#         33
  -------         ENDPROC       SEGINIT
  -------         PROC          _SEGCODE
  D:0007H         SYMBOL        digit
  C:0AECH         LINE#         35
  C:0AECH         LINE#         36
  C:0AECH         LINE#         37
  C:0AFBH         LINE#         38
  -------         ENDPROC       _SEGCODE
  -------         PROC          _SEGHEXCODE
  D:0007H         SYMBOL        val
  C:0B6AH         LINE#         40
BL51 BANKED LINKER/LOCATER V6.22.4.0                                                  06/26/2026  21:12:19  PAGE 9


  C:0B6AH         LINE#         41
  C:0B6AH         LINE#         42
  C:0B72H         LINE#         43
  -------         ENDPROC       _SEGHEXCODE
  -------         PROC          _SEGSHOWBUF
  D:0019H         SYMBOL        bufp
  D:0005H         SYMBOL        len
  -------         DO            
  D:0007H         SYMBOL        i
  -------         ENDDO         
  C:09F8H         LINE#         45
  C:09FEH         LINE#         46
  C:09FEH         LINE#         48
  C:0A00H         LINE#         49
  C:0A1EH         LINE#         50
  C:0A22H         LINE#         51
  -------         ENDPROC       _SEGSHOWBUF
  -------         PROC          _SEGSHOW
  D:0002H         SYMBOL        num
  -------         DO            
  D:0008H         SYMBOL        d
  D:0005H         SYMBOL        i
  D:000CH         SYMBOL        leading
  -------         ENDDO         
  C:0751H         LINE#         53
  C:0755H         LINE#         54
  C:0755H         LINE#         56
  C:0758H         LINE#         58
  C:0761H         LINE#         59
  C:076CH         LINE#         61
  C:076CH         LINE#         63
  C:0779H         LINE#         64
  C:078DH         LINE#         65
  C:07A1H         LINE#         66
  C:07AEH         LINE#         68
  C:07B0H         LINE#         69
  C:07B3H         LINE#         70
  C:07B3H         LINE#         71
  C:07C0H         LINE#         72
  C:07C6H         LINE#         73
  C:07C8H         LINE#         74
  C:07CBH         LINE#         75
  C:07DBH         LINE#         76
  C:07DBH         LINE#         77
  C:07DFH         LINE#         78
  -------         ENDPROC       _SEGSHOW
  -------         PROC          _SEGSHOWHEX
  D:0004H         SYMBOL        num
  -------         DO            
  D:0003H         SYMBOL        i
  -------         ENDDO         
  C:08F6H         LINE#         80
  C:08FAH         LINE#         81
  C:08FAH         LINE#         83
  C:08FCH         LINE#         84
  C:092CH         LINE#         85
  C:0930H         LINE#         86
BL51 BANKED LINKER/LOCATER V6.22.4.0                                                  06/26/2026  21:12:19  PAGE 10


  -------         ENDPROC       _SEGSHOWHEX
  -------         PROC          _SEGSHOWRAW
  D:0007H         SYMBOL        pos
  D:0005H         SYMBOL        seg
  C:0997H         LINE#         88
  C:0997H         LINE#         89
  C:0997H         LINE#         90
  C:0999H         LINE#         91
  C:09A7H         LINE#         92
  C:09ABH         LINE#         93
  C:09AFH         LINE#         94
  C:09B3H         LINE#         95
  C:09B5H         LINE#         96
  C:09B5H         LINE#         97
  C:09B5H         LINE#         98
  C:09BCH         LINE#         99
  C:09BEH         LINE#         100
  C:09C0H         LINE#         101
  C:09C2H         LINE#         102
  C:09C4H         LINE#         103
  C:09C7H         LINE#         104
  -------         ENDPROC       _SEGSHOWRAW
  -------         PROC          SEGSCAN
  C:08B5H         LINE#         106
  C:08B5H         LINE#         107
  C:08B5H         LINE#         108
  C:08B8H         LINE#         109
  C:08BAH         LINE#         110
  C:08BCH         LINE#         111
  C:08BEH         LINE#         112
  C:08C0H         LINE#         114
  C:08CAH         LINE#         115
  C:08CCH         LINE#         116
  C:08DBH         LINE#         117
  C:08DFH         LINE#         118
  C:08E3H         LINE#         119
  C:08E7H         LINE#         120
  C:08E9H         LINE#         121
  C:08E9H         LINE#         122
  C:08E9H         LINE#         124
  C:08EBH         LINE#         125
  C:08F5H         LINE#         126
  -------         ENDPROC       SEGSCAN
  -------         PROC          SEGCLEAR
  C:0A87H         LINE#         128
  C:0A87H         LINE#         129
  C:0A87H         LINE#         130
  C:0A89H         LINE#         131
  C:0A8BH         LINE#         132
  C:0A8DH         LINE#         133
  C:0A8FH         LINE#         134
  C:0A92H         LINE#         135
  C:0A95H         LINE#         136
  C:0A98H         LINE#         137
  C:0A9BH         LINE#         138
  C:0A9EH         LINE#         139
  C:0AA1H         LINE#         140
BL51 BANKED LINKER/LOCATER V6.22.4.0                                                  06/26/2026  21:12:19  PAGE 11


  -------         ENDPROC       SEGCLEAR
  -------         PROC          _SEGDELAYMS
  D:0006H         SYMBOL        ms
  -------         DO            
  D:0005H         SYMBOL        j
  -------         ENDDO         
  C:0AD5H         LINE#         142
  C:0AD5H         LINE#         143
  C:0AD5H         LINE#         145
  C:0ADFH         LINE#         146
  C:0AE7H         LINE#         147
  C:0AE8H         LINE#         148
  C:0AEBH         LINE#         149
  C:0AEBH         LINE#         150
  -------         ENDPROC       _SEGDELAYMS
  -------         ENDMOD        SEGDISPLAY

  -------         MODULE        SYSINIT
  C:0000H         SYMBOL        _ICE_DUMMY_
  D:00E8H         PUBLIC        ADC0CN
  C:0B7BH         PUBLIC        sysPcaInit
  D:00A8H         PUBLIC        IE
  D:00D9H         PUBLIC        PCA0MD
  D:00D8H         PUBLIC        PCA0CN
  D:00B8H         PUBLIC        IP
  D:00E2H         PUBLIC        XBR1
  C:0B8DH         PUBLIC        sysOscInit
  C:0B89H         PUBLIC        sysPortInit
  C:0B91H         PUBLIC        sysIntInit
  D:00C0H         PUBLIC        SMB0CN
  D:00F8H         PUBLIC        SPI0CN
  D:0089H         PUBLIC        TMOD
  D:0088H         PUBLIC        TCON
  D:00C8H         PUBLIC        TMR2CN
  D:00B2H         PUBLIC        OSCICN
  D:0098H         PUBLIC        SCON0
  C:0B1BH         PUBLIC        sysInit
  D:00D0H         PUBLIC        PSW
  C:0B82H         PUBLIC        sysTimerInit
  -------         PROC          SYSPCAINIT
  C:0B7BH         LINE#         3
  C:0B7BH         LINE#         4
  C:0B7BH         LINE#         5
  C:0B7EH         LINE#         6
  C:0B81H         LINE#         7
  -------         ENDPROC       SYSPCAINIT
  -------         PROC          SYSTIMERINIT
  C:0B82H         LINE#         9
  C:0B82H         LINE#         10
  C:0B82H         LINE#         11
  C:0B85H         LINE#         12
  C:0B88H         LINE#         13
  -------         ENDPROC       SYSTIMERINIT
  -------         PROC          SYSPORTINIT
  C:0B89H         LINE#         15
  C:0B89H         LINE#         16
  C:0B89H         LINE#         17
BL51 BANKED LINKER/LOCATER V6.22.4.0                                                  06/26/2026  21:12:19  PAGE 12


  C:0B8CH         LINE#         18
  -------         ENDPROC       SYSPORTINIT
  -------         PROC          SYSOSCINIT
  C:0B8DH         LINE#         20
  C:0B8DH         LINE#         21
  C:0B8DH         LINE#         22
  C:0B90H         LINE#         23
  -------         ENDPROC       SYSOSCINIT
  -------         PROC          SYSINTINIT
  C:0B91H         LINE#         25
  C:0B91H         LINE#         26
  C:0B91H         LINE#         27
  C:0B94H         LINE#         28
  -------         ENDPROC       SYSINTINIT
  -------         PROC          SYSINIT
  C:0B1BH         LINE#         30
  C:0B1BH         LINE#         31
  C:0B1BH         LINE#         32
  C:0B1EH         LINE#         33
  C:0B21H         LINE#         34
  C:0B24H         LINE#         35
  C:0B27H         LINE#         36
  -------         ENDPROC       SYSINIT
  -------         ENDMOD        SYSINIT

  -------         MODULE        UART
  C:0000H         SYMBOL        _ICE_DUMMY_
  D:00E8H         PUBLIC        ADC0CN
  D:00A8H         PUBLIC        IE
  D:00D8H         PUBLIC        PCA0CN
  D:00B8H         PUBLIC        IP
  D:00E1H         PUBLIC        XBR0
  D:00E2H         PUBLIC        XBR1
  D:00C0H         PUBLIC        SMB0CN
  D:00F8H         PUBLIC        SPI0CN
  D:0089H         PUBLIC        TMOD
  D:0088H         PUBLIC        TCON
  D:00C8H         PUBLIC        TMR2CN
  B:0098H.1       PUBLIC        TI0
  D:008DH         PUBLIC        TH1
  C:067EH         PUBLIC        _uartInitBaud
  C:0B5FH         PUBLIC        uartInit
  B:0088H.6       PUBLIC        TR1
  D:0099H         PUBLIC        SBUF0
  D:0098H         PUBLIC        SCON0
  D:008EH         PUBLIC        CKCON
  D:00D0H         PUBLIC        PSW
  C:0B73H         PUBLIC        _putchar
  D:0012H         SYMBOL        sysClk
  -------         PROC          UARTINIT
  C:0B5FH         LINE#         9
  C:0B5FH         LINE#         10
  C:0B5FH         LINE#         11
  -------         ENDPROC       UARTINIT
  -------         PROC          _UARTINITBAUD
  D:0027H         SYMBOL        baud
  -------         DO            
BL51 BANKED LINKER/LOCATER V6.22.4.0                                                  06/26/2026  21:12:19  PAGE 13


  D:002BH         SYMBOL        divisor
  D:002FH         SYMBOL        reload
  -------         ENDDO         
  C:067EH         LINE#         14
  C:0686H         LINE#         15
  C:0686H         LINE#         19
  C:0689H         LINE#         20
  C:068CH         LINE#         22
  C:0694H         LINE#         24
  C:06C0H         LINE#         25
  C:06E1H         LINE#         26
  C:06E4H         LINE#         27
  C:06E4H         LINE#         28
  C:06E6H         LINE#         29
  C:06E9H         LINE#         30
  C:0715H         LINE#         31
  C:0736H         LINE#         32
  C:0740H         LINE#         33
  C:0740H         LINE#         34
  C:0746H         LINE#         35
  C:0746H         LINE#         37
  C:0749H         LINE#         38
  C:074CH         LINE#         39
  C:074EH         LINE#         40
  C:0750H         LINE#         41
  -------         ENDPROC       _UARTINITBAUD
  -------         PROC          _PUTCHAR
  D:0007H         SYMBOL        c
  C:0B73H         LINE#         43
  C:0B73H         LINE#         44
  C:0B73H         LINE#         45
  C:0B76H         LINE#         46
  C:0B78H         LINE#         47
  C:0B7AH         LINE#         48
  C:0B7AH         LINE#         49
  -------         ENDPROC       _PUTCHAR
  -------         ENDMOD        UART

  -------         MODULE        ?C?CLDOPTR
  C:035FH         PUBLIC        ?C?CLDOPTR
  -------         ENDMOD        ?C?CLDOPTR

  -------         MODULE        ?C?CSTOPTR
  C:038CH         PUBLIC        ?C?CSTOPTR
  -------         ENDMOD        ?C?CSTOPTR

  -------         MODULE        ?C?IMUL
  C:03AEH         PUBLIC        ?C?IMUL
  -------         ENDMOD        ?C?IMUL

  -------         MODULE        ?C?UIDIV
  C:03C0H         PUBLIC        ?C?UIDIV
  -------         ENDMOD        ?C?UIDIV

  -------         MODULE        ?C?LMUL
  C:0415H         PUBLIC        ?C?LMUL
  -------         ENDMOD        ?C?LMUL
BL51 BANKED LINKER/LOCATER V6.22.4.0                                                  06/26/2026  21:12:19  PAGE 14



  -------         MODULE        ?C?ULDIV
  C:04A0H         PUBLIC        ?C?ULDIV
  -------         ENDMOD        ?C?ULDIV

  -------         MODULE        ?C?ULCMP
  C:0532H         PUBLIC        ?C?ULCMP
  -------         ENDMOD        ?C?ULCMP

  -------         MODULE        PRINTF
  D:0027H         PUBLIC        ?_PRINTF517?BYTE
  D:0027H         PUBLIC        ?_PRINTF?BYTE
  D:0027H         PUBLIC        ?_SPRINTF517?BYTE
  D:0027H         PUBLIC        ?_SPRINTF?BYTE
  C:0065H         PUBLIC        _PRINTF
  C:0065H         PUBLIC        _PRINTF517
  C:005FH         PUBLIC        _SPRINTF
  C:005FH         PUBLIC        _SPRINTF517
  -------         ENDMOD        PRINTF

  -------         MODULE        ?C?CLDPTR
  C:0543H         PUBLIC        ?C?CLDPTR
  -------         ENDMOD        ?C?CLDPTR

  -------         MODULE        ?C?CSTPTR
  C:055CH         PUBLIC        ?C?CSTPTR
  -------         ENDMOD        ?C?CSTPTR

  -------         MODULE        ?C?PLDIIDATA
  C:056EH         PUBLIC        ?C?PLDIIDATA
  -------         ENDMOD        ?C?PLDIIDATA

  -------         MODULE        ?C?CCASE
  C:057EH         PUBLIC        ?C?CCASE
  -------         ENDMOD        ?C?CCASE

*** WARNING L16: UNCALLED SEGMENT, IGNORED FOR OVERLAY PROCESS
    SEGMENT: ?PR?_PCF8591WRITEDAC?PCF8591

*** WARNING L16: UNCALLED SEGMENT, IGNORED FOR OVERLAY PROCESS
    SEGMENT: ?PR?_PCF8591READALL?PCF8591

*** WARNING L16: UNCALLED SEGMENT, IGNORED FOR OVERLAY PROCESS
    SEGMENT: ?PR?_SEGHEXCODE?SEGDISPLAY

*** WARNING L16: UNCALLED SEGMENT, IGNORED FOR OVERLAY PROCESS
    SEGMENT: ?PR?_SEGSHOWBUF?SEGDISPLAY

*** WARNING L16: UNCALLED SEGMENT, IGNORED FOR OVERLAY PROCESS
    SEGMENT: ?PR?_SEGSHOW?SEGDISPLAY

*** WARNING L16: UNCALLED SEGMENT, IGNORED FOR OVERLAY PROCESS
    SEGMENT: ?PR?_SEGSHOWHEX?SEGDISPLAY

*** WARNING L16: UNCALLED SEGMENT, IGNORED FOR OVERLAY PROCESS
    SEGMENT: ?PR?SEGSCAN?SEGDISPLAY

BL51 BANKED LINKER/LOCATER V6.22.4.0                                                  06/26/2026  21:12:19  PAGE 15


*** WARNING L16: UNCALLED SEGMENT, IGNORED FOR OVERLAY PROCESS
    SEGMENT: ?PR?SEGCLEAR?SEGDISPLAY

Program Size: data=55.1 xdata=0 code=2965
LINK/LOCATE RUN COMPLETE.  8 WARNING(S),  0 ERROR(S)
