C51 COMPILER V9.60.7.0   SEGDISPLAY                                                        06/26/2026 21:12:18 PAGE 1   


C51 COMPILER V9.60.7.0, COMPILATION OF MODULE SEGDISPLAY
OBJECT MODULE PLACED IN .\Objects\segdisplay.obj
COMPILER INVOKED BY: D:\keilv5\C51\BIN\C51.EXE ..\lib\segdisplay.c OPTIMIZE(8,SPEED) BROWSE INCDIR(..\lib) DEBUG OBJECTE
                    -XTEND PRINT(.\Listings\segdisplay.lst) TABS(2) OBJECT(.\Objects\segdisplay.obj)

line level    source

   1          #include "segdisplay.h"
   2          #include "intrins.h"
   3          
   4          static uchar code segTable[10] = {
   5              0xC0, 0xF9, 0xA4, 0xB0, 0x99, 0x92, 0x82, 0xF8, 0x80, 0x90
   6          };
   7          
   8          static uchar code segHexTable[16] = {
   9              0xC0, 0xF9, 0xA4, 0xB0, 0x99, 0x92, 0x82, 0xF8, 0x80, 0x90,
  10              0x88, 0x83, 0xC6, 0xA1, 0x86, 0x8E
  11          };
  12          
  13          #define SEG_DASH   0xBF
  14          #define SEG_BLANK  0xFF
  15          
  16          static uchar dispBuf[SEG_DIGIT_COUNT] = {0xFF, 0xFF, 0xFF, 0xFF};
  17          static uchar scanIdx = 0;
  18          
  19          void segInit(void)
  20          {
  21   1          P1MDOUT |= 0x0F;
  22   1          P2MDOUT  = 0xFF;
  23   1          SEG_DIGIT0 = 1;
  24   1          SEG_DIGIT1 = 1;
  25   1          SEG_DIGIT2 = 1;
  26   1          SEG_DIGIT3 = 1;
  27   1          SEG_PORT = 0xFF;
  28   1          dispBuf[0] = SEG_BLANK;
  29   1          dispBuf[1] = SEG_BLANK;
  30   1          dispBuf[2] = SEG_BLANK;
  31   1          dispBuf[3] = SEG_BLANK;
  32   1          scanIdx = 0;
  33   1      }
  34          
  35          uchar segCode(uchar digit)
  36          {
  37   1          return (digit > 9) ? SEG_BLANK : segTable[digit];
  38   1      }
  39          
  40          uchar segHexCode(uchar val)
  41          {
  42   1          return segHexTable[val & 0x0F];
  43   1      }
  44          
  45          void segShowBuf(uchar *bufp, uchar len)
  46          {
  47   1          uchar i;
  48   1          for (i = 0; i < SEG_DIGIT_COUNT; i++) {
  49   2              dispBuf[i] = (i < len) ? bufp[i] : SEG_BLANK;
  50   2          }
  51   1      }
  52          
  53          void segShow(uint num)
  54          {
C51 COMPILER V9.60.7.0   SEGDISPLAY                                                        06/26/2026 21:12:18 PAGE 2   

  55   1          uchar d[SEG_DIGIT_COUNT];
  56   1          uchar i, leading = 1;
  57   1      
  58   1          if (num > 9999) {
  59   2              for (i = 0; i < SEG_DIGIT_COUNT; i++) dispBuf[i] = SEG_DASH;
  60   2              return;
  61   2          }
  62   1      
  63   1          d[0] = (uchar)(num / 1000);
  64   1          d[1] = (uchar)((num / 100) % 10);
  65   1          d[2] = (uchar)((num / 10) % 10);
  66   1          d[3] = (uchar)(num % 10);
  67   1      
  68   1          for (i = 0; i < SEG_DIGIT_COUNT; i++) {
  69   2              if (i == SEG_DIGIT_COUNT - 1) {
  70   3                  dispBuf[i] = segTable[d[i]];
  71   3              } else if (leading && d[i] == 0) {
  72   3                  dispBuf[i] = SEG_BLANK;
  73   3              } else {
  74   3                  leading = 0;
  75   3                  dispBuf[i] = segTable[d[i]];
  76   3              }
  77   2          }
  78   1      }
  79          
  80          void segShowHex(uint num)
  81          {
  82   1          uchar i;
  83   1          for (i = 0; i < SEG_DIGIT_COUNT; i++) {
  84   2              dispBuf[i] = segHexTable[(num >> (12 - 4 * i)) & 0x0F];
  85   2          }
  86   1      }
  87          
  88          void segShowRaw(uchar pos, uchar seg)
  89          {
  90   1          SEG_PORT = seg;
  91   1          switch (pos) {
  92   2              case 0: SEG_DIGIT0 = 0; break;
  93   2              case 1: SEG_DIGIT1 = 0; break;
  94   2              case 2: SEG_DIGIT2 = 0; break;
  95   2              case 3: SEG_DIGIT3 = 0; break;
  96   2              default: return;
  97   2          }
  98   1          segDelayMs(2);
  99   1          SEG_DIGIT0 = 1;
 100   1          SEG_DIGIT1 = 1;
 101   1          SEG_DIGIT2 = 1;
 102   1          SEG_DIGIT3 = 1;
 103   1          SEG_PORT = 0xFF;
 104   1      }
 105          
 106          void segScan(void)
 107          {
 108   1          SEG_PORT = 0xFF;
 109   1          SEG_DIGIT0 = 1;
 110   1          SEG_DIGIT1 = 1;
 111   1          SEG_DIGIT2 = 1;
 112   1          SEG_DIGIT3 = 1;
 113   1      
 114   1          if (dispBuf[scanIdx] != SEG_BLANK) {
 115   2              SEG_PORT = dispBuf[scanIdx];
 116   2              switch (scanIdx) {
C51 COMPILER V9.60.7.0   SEGDISPLAY                                                        06/26/2026 21:12:18 PAGE 3   

 117   3                  case 0: SEG_DIGIT0 = 0; break;
 118   3                  case 1: SEG_DIGIT1 = 0; break;
 119   3                  case 2: SEG_DIGIT2 = 0; break;
 120   3                  case 3: SEG_DIGIT3 = 0; break;
 121   3              }
 122   2          }
 123   1      
 124   1          scanIdx++;
 125   1          if (scanIdx >= SEG_DIGIT_COUNT) scanIdx = 0;
 126   1      }
 127          
 128          void segClear(void)
 129          {
 130   1          SEG_DIGIT0 = 1;
 131   1          SEG_DIGIT1 = 1;
 132   1          SEG_DIGIT2 = 1;
 133   1          SEG_DIGIT3 = 1;
 134   1          SEG_PORT = 0xFF;
 135   1          dispBuf[0] = SEG_BLANK;
 136   1          dispBuf[1] = SEG_BLANK;
 137   1          dispBuf[2] = SEG_BLANK;
 138   1          dispBuf[3] = SEG_BLANK;
 139   1          scanIdx = 0;
 140   1      }
 141          
 142          void segDelayMs(uint ms)
 143          {
 144   1          uchar j;
 145   1          while (ms--) {
 146   2                for (j = 0; j < 250; j++) {
 147   3                  _nop_();
 148   3              }
 149   2          }
 150   1      }


MODULE INFORMATION:   STATIC OVERLAYABLE
   CODE SIZE        =    467    ----
   CONSTANT SIZE    =     26    ----
   XDATA SIZE       =   ----    ----
   PDATA SIZE       =   ----    ----
   DATA SIZE        =      5       8
   IDATA SIZE       =   ----    ----
   BIT SIZE         =   ----    ----
END OF MODULE INFORMATION.


C51 COMPILATION COMPLETE.  0 WARNING(S),  0 ERROR(S)
