C51 COMPILER V9.60.7.0   MAIN                                                              06/14/2026 21:01:15 PAGE 1   


C51 COMPILER V9.60.7.0, COMPILATION OF MODULE MAIN
OBJECT MODULE PLACED IN .\Objects\main.obj
COMPILER INVOKED BY: D:\keilv5\C51\BIN\C51.EXE main.c OPTIMIZE(8,SPEED) BROWSE INCDIR(..\lib) DEBUG OBJECTEXTEND PRINT(.
                    -\Listings\main.lst) TABS(2) OBJECT(.\Objects\main.obj)

line level    source

   1          #include "sysinit.h"
   2          #include "uart.h"
   3          #include "segdisplay.h"
   4          #include "buzzer.h"
   5          #include "ultrasonic.h"
   6          #include "stdio.h"
   7          
   8          void t2ISR() interrupt 5
   9          {
  10   1          TF2H = 0;
  11   1          buzzerTick();
  12   1      }
  13          
  14          void main(void)
  15          {
  16   1          uint dist;
  17   1          uint lastDist = 0;
  18   1          uchar x;
  19   1      
  20   1          sysInit();
  21   1          uartInit();
  22   1          buzzerInit();
  23   1          buzzerSetupTimer();
  24   1          ultraInit();
  25   1          segInit();
  26   1      
  27   1          printf("=== Ranging Ready ===\r\n");
  28   1      
  29   1          while(1)
  30   1          {
  31   2              dist = ultraRead();
  32   2              if (dist != lastDist)
  33   2              {
  34   3                  printf("dist = %u cm\r\n", dist);
  35   3                  lastDist = dist;
  36   3              }
  37   2              if (dist<20) buzzerStart(2000, 50, 20, 5);
  38   2              else if (dist<50) buzzerStart(1000, 80, 100, 3);
  39   2              else if (dist<100) buzzerStart(800, 50, 300, 2);
  40   2      
  41   2              for (x = 0; x < 50; x++) {
  42   3                  segShowRaw(0, segCode(dist / 1000));
  43   3                  segShowRaw(1, segCode((dist / 100) % 10));
  44   3                  segShowRaw(2, segCode((dist / 10) % 10));
  45   3                  segShowRaw(3, segCode(dist % 10));
  46   3              }
  47   2          }
  48   1      }


MODULE INFORMATION:   STATIC OVERLAYABLE
   CODE SIZE        =    339    ----
   CONSTANT SIZE    =     39    ----
   XDATA SIZE       =   ----    ----
C51 COMPILER V9.60.7.0   MAIN                                                              06/14/2026 21:01:15 PAGE 2   

   PDATA SIZE       =   ----    ----
   DATA SIZE        =   ----       5
   IDATA SIZE       =   ----    ----
   BIT SIZE         =   ----    ----
END OF MODULE INFORMATION.


C51 COMPILATION COMPLETE.  0 WARNING(S),  0 ERROR(S)
