BL51 BANKED LINKER/LOCATER V6.22.4.0                                                    06/14/2026  21:01:15  PAGE 1


BL51 BANKED LINKER/LOCATER V6.22.4.0, INVOKED BY:
D:\KEILV5\C51\BIN\BL51.EXE .\Objects\main.obj, .\Objects\buzzer.obj, .\Objects\segdisplay.obj, .\Objects\sysinit.obj, .\
>> Objects\uart.obj, .\Objects\ultrasonic.obj TO .\Objects\ranging PRINT (.\Listings\ranging.m51) RAMSIZE (256)


MEMORY MODEL: SMALL


INPUT MODULES INCLUDED:
  .\Objects\main.obj (MAIN)
  .\Objects\buzzer.obj (BUZZER)
  .\Objects\segdisplay.obj (SEGDISPLAY)
  .\Objects\sysinit.obj (SYSINIT)
  .\Objects\uart.obj (UART)
  .\Objects\ultrasonic.obj (ULTRASONIC)
  D:\KEILV5\C51\LIB\C51S.LIB (?C_STARTUP)
  D:\KEILV5\C51\LIB\C51S.LIB (?C?CLDOPTR)
  D:\KEILV5\C51\LIB\C51S.LIB (?C?UIDIV)
  D:\KEILV5\C51\LIB\C51S.LIB (?C?LMUL)
  D:\KEILV5\C51\LIB\C51S.LIB (?C?ULDIV)
  D:\KEILV5\C51\LIB\C51S.LIB (?C?LIMUL)
  D:\KEILV5\C51\LIB\C51S.LIB (PRINTF)
  D:\KEILV5\C51\LIB\C51S.LIB (?C_INIT)
  D:\KEILV5\C51\LIB\C51S.LIB (?C?CLDPTR)
  D:\KEILV5\C51\LIB\C51S.LIB (?C?CSTPTR)
  D:\KEILV5\C51\LIB\C51S.LIB (?C?PLDIIDATA)
  D:\KEILV5\C51\LIB\C51S.LIB (?C?CCASE)


LINK MAP OF MODULE:  .\Objects\ranging (MAIN)


            TYPE    BASE      LENGTH    RELOCATION   SEGMENT NAME
            -----------------------------------------------------

            * * * * * * *   D A T A   M E M O R Y   * * * * * * *
            REG     0000H     0008H     ABSOLUTE     "REG BANK 0"
            DATA    0008H     000CH     UNIT         ?DT?BUZZER
            DATA    0014H     0008H     UNIT         ?DT?_BUZZERBEEP?BUZZER
            DATA    001CH     0004H     UNIT         ?DT?UART
            BIT     0020H.0   0001H.1   UNIT         _BIT_GROUP_
                    0021H.1   0000H.7                *** GAP ***
            DATA    0022H     0019H     UNIT         _DATA_GROUP_
            DATA    003BH     0008H     UNIT         ?DT?_BUZZERBEEPPATTERN?BUZZER
            DATA    0043H     0005H     UNIT         ?DT?_SEGSHOW?SEGDISPLAY
            DATA    0048H     0005H     UNIT         ?DT?SEGDISPLAY
            DATA    004DH     0003H     UNIT         ?DT?_SEGSHOWBUF?SEGDISPLAY
            IDATA   0050H     0001H     UNIT         ?STACK

            * * * * * * *   C O D E   M E M O R Y   * * * * * * *
            CODE    0000H     0003H     ABSOLUTE     
            CODE    0003H     0027H     UNIT         ?CO?MAIN
                    002AH     0001H                  *** GAP ***
            CODE    002BH     0003H     ABSOLUTE     
            CODE    002EH     035CH     UNIT         ?PR?PRINTF?PRINTF
            CODE    038AH     022DH     UNIT         ?C?LIB_CODE
            CODE    05B7H     0116H     UNIT         ?PR?MAIN?MAIN
            CODE    06CDH     00B0H     UNIT         ?PR?_BUZZERBEEP?BUZZER
BL51 BANKED LINKER/LOCATER V6.22.4.0                                                  06/14/2026  21:01:15  PAGE 2


            CODE    077DH     00A7H     UNIT         ?PR?_BUZZERSTART?BUZZER
            CODE    0824H     008FH     UNIT         ?PR?_SEGSHOW?SEGDISPLAY
            CODE    08B3H     008CH     UNIT         ?C_C51STARTUP
            CODE    093FH     0054H     UNIT         ?PR?_BUZZERBEEPPATTERN?BUZZER
            CODE    0993H     0054H     UNIT         ?PR?BUZZERTICK?BUZZER
            CODE    09E7H     004AH     UNIT         ?PR?_UARTINITBAUD?UART
            CODE    0A31H     0041H     UNIT         ?PR?SEGSCAN?SEGDISPLAY
            CODE    0A72H     003DH     UNIT         ?PR?T2ISR?MAIN
            CODE    0AAFH     003BH     UNIT         ?PR?_SEGSHOWHEX?SEGDISPLAY
            CODE    0AEAH     0038H     UNIT         ?PR?ULTRAREAD?ULTRASONIC
            CODE    0B22H     0031H     UNIT         ?PR?_SEGSHOWRAW?SEGDISPLAY
            CODE    0B53H     002BH     UNIT         ?PR?_SEGSHOWBUF?SEGDISPLAY
            CODE    0B7EH     0021H     UNIT         ?PR?SEGINIT?SEGDISPLAY
            CODE    0B9FH     001BH     UNIT         ?PR?SEGCLEAR?SEGDISPLAY
            CODE    0BBAH     001AH     UNIT         ?CO?SEGDISPLAY
            CODE    0BD4H     0017H     UNIT         ?PR?_DELAYUS?BUZZER
            CODE    0BEBH     0017H     UNIT         ?PR?_DELAYMS?BUZZER
            CODE    0C02H     0017H     UNIT         ?PR?_SEGDELAYMS?SEGDISPLAY
            CODE    0C19H     0017H     UNIT         ?PR?_ULTRADELAYUS?ULTRASONIC
            CODE    0C30H     0012H     UNIT         ?PR?BUZZERSETUPTIMER?BUZZER
            CODE    0C42H     0010H     UNIT         ?PR?_SEGCODE?SEGDISPLAY
            CODE    0C52H     0010H     UNIT         ?C_INITSEG
            CODE    0C62H     000FH     UNIT         ?PR?SYSINIT?SYSINIT
            CODE    0C71H     000BH     UNIT         ?PR?UARTINIT?UART
            CODE    0C7CH     0009H     UNIT         ?PR?_SEGHEXCODE?SEGDISPLAY
            CODE    0C85H     0008H     UNIT         ?PR?_PUTCHAR?UART
            CODE    0C8DH     0007H     UNIT         ?PR?SYSPCAINIT?SYSINIT
            CODE    0C94H     0007H     UNIT         ?PR?SYSTIMERINIT?SYSINIT
            CODE    0C9BH     0006H     UNIT         ?PR?BUZZERINIT?BUZZER
            CODE    0CA1H     0006H     UNIT         ?PR?BUZZERSTOP?BUZZER
            CODE    0CA7H     0006H     UNIT         ?PR?ULTRAINIT?ULTRASONIC
            CODE    0CADH     0004H     UNIT         ?PR?SYSPORTINIT?SYSINIT
            CODE    0CB1H     0004H     UNIT         ?PR?SYSOSCINIT?SYSINIT
            CODE    0CB5H     0004H     UNIT         ?PR?SYSINTINIT?SYSINIT
            CODE    0CB9H     0003H     UNIT         ?PR?BUZZERON?BUZZER
            CODE    0CBCH     0003H     UNIT         ?PR?BUZZEROFF?BUZZER
            CODE    0CBFH     0003H     UNIT         ?PR?BUZZERTOGGLE?BUZZER
            CODE    0CC2H     0003H     UNIT         ?PR?BUZZERBUSY?BUZZER



OVERLAY MAP OF MODULE:   .\Objects\ranging (MAIN)


SEGMENT                                  BIT_GROUP          DATA_GROUP 
  +--> CALLED SEGMENT                 START    LENGTH     START    LENGTH
-------------------------------------------------------------------------
?PR?T2ISR?MAIN                        -----    -----      -----    -----
  +--> ?PR?BUZZERTICK?BUZZER

?PR?BUZZERTICK?BUZZER                 -----    -----      -----    -----
  +--> ?PR?BUZZERTOGGLE?BUZZER

*** NEW ROOT ***************************************************

?C_C51STARTUP                         -----    -----      -----    -----
  +--> ?PR?MAIN?MAIN
BL51 BANKED LINKER/LOCATER V6.22.4.0                                                  06/14/2026  21:01:15  PAGE 3


  +--> ?C_INITSEG

?PR?MAIN?MAIN                         -----    -----      0022H    0005H
  +--> ?PR?SYSINIT?SYSINIT
  +--> ?PR?UARTINIT?UART
  +--> ?PR?BUZZERINIT?BUZZER
  +--> ?PR?BUZZERSETUPTIMER?BUZZER
  +--> ?PR?ULTRAINIT?ULTRASONIC
  +--> ?PR?SEGINIT?SEGDISPLAY
  +--> ?CO?MAIN
  +--> ?PR?PRINTF?PRINTF
  +--> ?PR?ULTRAREAD?ULTRASONIC
  +--> ?PR?_BUZZERSTART?BUZZER
  +--> ?PR?_SEGCODE?SEGDISPLAY
  +--> ?PR?_SEGSHOWRAW?SEGDISPLAY

?PR?SYSINIT?SYSINIT                   -----    -----      -----    -----
  +--> ?PR?SYSPCAINIT?SYSINIT
  +--> ?PR?SYSTIMERINIT?SYSINIT
  +--> ?PR?SYSPORTINIT?SYSINIT
  +--> ?PR?SYSOSCINIT?SYSINIT
  +--> ?PR?SYSINTINIT?SYSINIT

?PR?UARTINIT?UART                     -----    -----      -----    -----
  +--> ?PR?_UARTINITBAUD?UART

?PR?_UARTINITBAUD?UART                -----    -----      0027H    0004H

?PR?PRINTF?PRINTF                     0020H.0  0001H.1    0027H    0014H
  +--> ?PR?_PUTCHAR?UART

?PR?ULTRAREAD?ULTRASONIC              0020H.0  0000H.1    -----    -----
  +--> ?PR?_ULTRADELAYUS?ULTRASONIC

?PR?_BUZZERSTART?BUZZER               -----    -----      0027H    0007H

?PR?_SEGCODE?SEGDISPLAY               -----    -----      -----    -----
  +--> ?CO?SEGDISPLAY

?PR?_SEGSHOWRAW?SEGDISPLAY            -----    -----      -----    -----
  +--> ?PR?_SEGDELAYMS?SEGDISPLAY



SYMBOL TABLE OF MODULE:  .\Objects\ranging (MAIN)

  VALUE           TYPE          NAME
  ----------------------------------

  -------         MODULE        MAIN
  C:0000H         SYMBOL        _ICE_DUMMY_
  D:0080H         PUBLIC        P0
  D:0090H         PUBLIC        P1
  D:00E8H         PUBLIC        ADC0CN
  D:00A8H         PUBLIC        IE
  B:00C8H.7       PUBLIC        TF2H
  C:0A72H         PUBLIC        t2ISR
BL51 BANKED LINKER/LOCATER V6.22.4.0                                                  06/14/2026  21:01:15  PAGE 4


  D:00D8H         PUBLIC        PCA0CN
  D:00B8H         PUBLIC        IP
  D:00C0H         PUBLIC        SMB0CN
  C:05B7H         PUBLIC        main
  D:00F8H         PUBLIC        SPI0CN
  D:0088H         PUBLIC        TCON
  D:00C8H         PUBLIC        TMR2CN
  D:0098H         PUBLIC        SCON0
  D:00D0H         PUBLIC        PSW
  -------         PROC          T2ISR
  C:0A72H         LINE#         8
  C:0A8FH         LINE#         10
  C:0A91H         LINE#         11
  C:0A94H         LINE#         12
  -------         ENDPROC       T2ISR
  -------         PROC          MAIN
  -------         DO            
  D:0022H         SYMBOL        dist
  D:0024H         SYMBOL        lastDist
  D:0026H         SYMBOL        x
  -------         ENDDO         
  C:05B7H         LINE#         14
  C:05B7H         LINE#         15
  C:05B7H         LINE#         17
  C:05BCH         LINE#         20
  C:05BFH         LINE#         21
  C:05C2H         LINE#         22
  C:05C5H         LINE#         23
  C:05C8H         LINE#         24
  C:05CBH         LINE#         25
  C:05CEH         LINE#         27
  C:05D7H         LINE#         29
  C:05D7H         LINE#         30
  C:05D7H         LINE#         31
  C:05DEH         LINE#         32
  C:05EAH         LINE#         33
  C:05EAH         LINE#         34
  C:05F9H         LINE#         35
  C:05FFH         LINE#         36
  C:05FFH         LINE#         37
  C:061BH         LINE#         38
  C:0637H         LINE#         39
  C:0654H         LINE#         41
  C:0661H         LINE#         42
  C:0676H         LINE#         43
  C:0694H         LINE#         44
  C:06B2H         LINE#         45
  C:06C9H         LINE#         46
  -------         ENDPROC       MAIN
  -------         ENDMOD        MAIN

  -------         MODULE        BUZZER
  C:0000H         SYMBOL        _ICE_DUMMY_
  D:0090H         PUBLIC        P1
  D:0008H         SYMBOL        nbTickCnt
  C:093FH         PUBLIC        _buzzerBeepPattern
  D:00E8H         PUBLIC        ADC0CN
BL51 BANKED LINKER/LOCATER V6.22.4.0                                                  06/14/2026  21:01:15  PAGE 5


  C:0CBFH         PUBLIC        buzzerToggle
  D:00A5H         PUBLIC        P1MDOUT
  D:00CBH         PUBLIC        TMR2RLH
  D:00A8H         PUBLIC        IE
  D:000AH         SYMBOL        nbToneCnt
  D:000BH         SYMBOL        nbOnTicks
  D:00CAH         PUBLIC        TMR2RLL
  D:00D8H         PUBLIC        PCA0CN
  D:00B8H         PUBLIC        IP
  C:06CDH         PUBLIC        _buzzerBeep
  D:00C0H         PUBLIC        SMB0CN
  B:0090H.7       PUBLIC        BUZZER_PIN
  D:00F8H         PUBLIC        SPI0CN
  D:000DH         SYMBOL        nbActive
  C:0993H         PUBLIC        buzzerTick
  D:0088H         PUBLIC        TCON
  D:000EH         SYMBOL        nbCycles
  D:000FH         SYMBOL        nbPeriod
  C:077DH         PUBLIC        _buzzerStart
  D:00C8H         PUBLIC        TMR2CN
  C:0C9BH         PUBLIC        buzzerInit
  C:0C30H         PUBLIC        buzzerSetupTimer
  C:0CBCH         PUBLIC        buzzerOff
  D:0011H         SYMBOL        nbPhase
  B:00A8H.5       PUBLIC        ET2
  C:0CC2H         PUBLIC        buzzerBusy
  C:0CA1H         PUBLIC        buzzerStop
  C:0BEBH         SYMBOL        _delayMs
  C:0BD4H         SYMBOL        _delayUs
  C:0CB9H         PUBLIC        buzzerOn
  D:0098H         PUBLIC        SCON0
  D:00CDH         PUBLIC        TMR2H
  D:0012H         SYMBOL        nbOffTicks
  D:00CCH         PUBLIC        TMR2L
  D:00D0H         PUBLIC        PSW
  -------         PROC          BUZZERINIT
  C:0C9BH         LINE#         19
  C:0C9BH         LINE#         20
  C:0C9BH         LINE#         21
  C:0C9EH         LINE#         22
  C:0CA0H         LINE#         23
  -------         ENDPROC       BUZZERINIT
  -------         PROC          BUZZERON
  C:0CB9H         LINE#         25
  -------         ENDPROC       BUZZERON
  -------         PROC          BUZZEROFF
  C:0CBCH         LINE#         26
  -------         ENDPROC       BUZZEROFF
  -------         PROC          BUZZERTOGGLE
  C:0CBFH         LINE#         27
  -------         ENDPROC       BUZZERTOGGLE
  -------         PROC          _DELAYUS
  D:0006H         SYMBOL        us
  -------         DO            
  D:0005H         SYMBOL        i
  -------         ENDDO         
  C:0BD4H         LINE#         29
BL51 BANKED LINKER/LOCATER V6.22.4.0                                                  06/14/2026  21:01:15  PAGE 6


  C:0BD4H         LINE#         30
  C:0BD4H         LINE#         32
  C:0BDEH         LINE#         33
  C:0BEAH         LINE#         34
  C:0BEAH         LINE#         35
  -------         ENDPROC       _DELAYUS
  -------         PROC          _DELAYMS
  D:0006H         SYMBOL        ms
  -------         DO            
  D:0005H         SYMBOL        j
  -------         ENDDO         
  C:0BEBH         LINE#         37
  C:0BEBH         LINE#         38
  C:0BEBH         LINE#         40
  C:0BF5H         LINE#         41
  C:0C01H         LINE#         42
  C:0C01H         LINE#         43
  -------         ENDPROC       _DELAYMS
  -------         PROC          _BUZZERBEEP
  D:0006H         SYMBOL        freqHz
  D:0014H         SYMBOL        durMs
  -------         DO            
  D:0016H         SYMBOL        halfUs
  D:0018H         SYMBOL        elapsed
  D:001AH         SYMBOL        perMs
  D:0082H         SYMBOL        cyc
  -------         ENDDO         
  C:06CDH         LINE#         45
  C:06D1H         LINE#         46
  C:06D1H         LINE#         49
  C:06D5H         LINE#         50
  C:06E2H         LINE#         52
  C:06E2H         LINE#         54
  C:06F7H         LINE#         55
  C:0708H         LINE#         56
  C:0719H         LINE#         58
  C:0729H         LINE#         59
  C:0744H         LINE#         60
  C:074FH         LINE#         61
  C:075DH         LINE#         62
  C:0766H         LINE#         63
  C:076FH         LINE#         64
  C:0772H         LINE#         65
  C:077CH         LINE#         66
  -------         ENDPROC       _BUZZERBEEP
  -------         PROC          _BUZZERBEEPPATTERN
  D:003BH         SYMBOL        freqHz
  D:003DH         SYMBOL        onMs
  D:003FH         SYMBOL        offMs
  D:0041H         SYMBOL        cycles
  -------         DO            
  D:0042H         SYMBOL        i
  -------         ENDDO         
  C:093FH         LINE#         68
  C:094BH         LINE#         69
  C:094BH         LINE#         71
  C:0951H         LINE#         72
BL51 BANKED LINKER/LOCATER V6.22.4.0                                                  06/14/2026  21:01:15  PAGE 7


  C:095AH         LINE#         73
  C:0964H         LINE#         74
  C:096EH         LINE#         75
  C:0972H         LINE#         77
  C:0972H         LINE#         78
  C:097CH         LINE#         79
  C:0987H         LINE#         80
  C:098EH         LINE#         81
  C:0992H         LINE#         82
  -------         ENDPROC       _BUZZERBEEPPATTERN
  -------         PROC          BUZZERSETUPTIMER
  C:0C30H         LINE#         86
  C:0C30H         LINE#         87
  C:0C30H         LINE#         88
  C:0C33H         LINE#         89
  C:0C36H         LINE#         90
  C:0C39H         LINE#         91
  C:0C3CH         LINE#         92
  C:0C3FH         LINE#         93
  C:0C41H         LINE#         94
  -------         ENDPROC       BUZZERSETUPTIMER
  -------         PROC          _BUZZERSTART
  D:0006H         SYMBOL        freqHz
  D:0029H         SYMBOL        onMs
  D:002BH         SYMBOL        offMs
  D:002DH         SYMBOL        cycles
  -------         DO            
  D:0006H         SYMBOL        halfUs
  -------         ENDDO         
  C:077DH         LINE#         96
  C:0785H         LINE#         97
  C:0785H         LINE#         99
  C:078DH         LINE#         100
  C:079EH         LINE#         101
  C:07B0H         LINE#         102
  C:07C1H         LINE#         104
  C:07D9H         LINE#         105
  C:07F1H         LINE#         106
  C:0802H         LINE#         107
  C:0813H         LINE#         109
  C:0816H         LINE#         110
  C:081BH         LINE#         111
  C:081DH         LINE#         112
  C:0820H         LINE#         113
  C:0823H         LINE#         114
  -------         ENDPROC       _BUZZERSTART
  -------         PROC          BUZZERSTOP
  C:0CA1H         LINE#         116
  C:0CA1H         LINE#         117
  C:0CA1H         LINE#         118
  C:0CA4H         LINE#         119
  C:0CA6H         LINE#         120
  -------         ENDPROC       BUZZERSTOP
  -------         PROC          BUZZERBUSY
  C:0CC2H         LINE#         122
  C:0CC2H         LINE#         123
  C:0CC2H         LINE#         124
BL51 BANKED LINKER/LOCATER V6.22.4.0                                                  06/14/2026  21:01:15  PAGE 8


  C:0CC4H         LINE#         125
  -------         ENDPROC       BUZZERBUSY
  -------         PROC          BUZZERTICK
  C:0993H         LINE#         127
  C:0993H         LINE#         128
  C:0993H         LINE#         129
  C:0997H         LINE#         131
  C:099FH         LINE#         133
  C:09A3H         LINE#         135
  C:09A5H         LINE#         136
  C:09AFH         LINE#         137
  C:09B2H         LINE#         138
  C:09B5H         LINE#         139
  C:09B5H         LINE#         140
  C:09C0H         LINE#         141
  C:09C5H         LINE#         142
  C:09C7H         LINE#         143
  C:09C9H         LINE#         144
  C:09C9H         LINE#         145
  C:09CAH         LINE#         147
  C:09D5H         LINE#         148
  C:09DAH         LINE#         149
  C:09DDH         LINE#         150
  C:09DFH         LINE#         151
  C:09E2H         LINE#         152
  C:09E2H         LINE#         153
  C:09E4H         LINE#         154
  C:09E6H         LINE#         155
  C:09E6H         LINE#         156
  C:09E6H         LINE#         157
  C:09E6H         LINE#         158
  -------         ENDPROC       BUZZERTICK
  -------         ENDMOD        BUZZER

  -------         MODULE        SEGDISPLAY
  C:0000H         SYMBOL        _ICE_DUMMY_
  D:0090H         PUBLIC        P1
  D:00A0H         PUBLIC        P2
  C:0B53H         PUBLIC        _segShowBuf
  D:00E8H         PUBLIC        ADC0CN
  C:0AAFH         PUBLIC        _segShowHex
  D:00A5H         PUBLIC        P1MDOUT
  D:00A8H         PUBLIC        IE
  D:00A6H         PUBLIC        P2MDOUT
  C:0B22H         PUBLIC        _segShowRaw
  D:00D8H         PUBLIC        PCA0CN
  D:00B8H         PUBLIC        IP
  D:00C0H         PUBLIC        SMB0CN
  C:0B9FH         PUBLIC        segClear
  C:0BBAH         SYMBOL        segTable
  D:00F8H         PUBLIC        SPI0CN
  D:0088H         PUBLIC        TCON
  D:00C8H         PUBLIC        TMR2CN
  C:0C42H         PUBLIC        _segCode
  C:0A31H         PUBLIC        segScan
  D:0048H         SYMBOL        scanIdx
  D:0049H         SYMBOL        dispBuf
BL51 BANKED LINKER/LOCATER V6.22.4.0                                                  06/14/2026  21:01:15  PAGE 9


  C:0BC4H         SYMBOL        segHexTable
  C:0B7EH         PUBLIC        segInit
  B:0090H.0       PUBLIC        SEG_DIGIT0
  C:0824H         PUBLIC        _segShow
  B:0090H.1       PUBLIC        SEG_DIGIT1
  D:0098H         PUBLIC        SCON0
  C:0C7CH         PUBLIC        _segHexCode
  B:0090H.2       PUBLIC        SEG_DIGIT2
  B:0090H.3       PUBLIC        SEG_DIGIT3
  C:0C02H         PUBLIC        _segDelayMs
  D:00D0H         PUBLIC        PSW
  -------         PROC          SEGINIT
  C:0B7EH         LINE#         19
  C:0B7EH         LINE#         20
  C:0B7EH         LINE#         21
  C:0B81H         LINE#         22
  C:0B84H         LINE#         23
  C:0B86H         LINE#         24
  C:0B88H         LINE#         25
  C:0B8AH         LINE#         26
  C:0B8CH         LINE#         27
  C:0B8FH         LINE#         28
  C:0B92H         LINE#         29
  C:0B95H         LINE#         30
  C:0B98H         LINE#         31
  C:0B9BH         LINE#         32
  C:0B9EH         LINE#         33
  -------         ENDPROC       SEGINIT
  -------         PROC          _SEGCODE
  D:0007H         SYMBOL        digit
  C:0C42H         LINE#         35
  C:0C42H         LINE#         36
  C:0C42H         LINE#         37
  C:0C51H         LINE#         38
  -------         ENDPROC       _SEGCODE
  -------         PROC          _SEGHEXCODE
  D:0007H         SYMBOL        val
  C:0C7CH         LINE#         40
  C:0C7CH         LINE#         41
  C:0C7CH         LINE#         42
  C:0C84H         LINE#         43
  -------         ENDPROC       _SEGHEXCODE
  -------         PROC          _SEGSHOWBUF
  D:004DH         SYMBOL        bufp
  D:0005H         SYMBOL        len
  -------         DO            
  D:0007H         SYMBOL        i
  -------         ENDDO         
  C:0B53H         LINE#         45
  C:0B59H         LINE#         46
  C:0B59H         LINE#         48
  C:0B5BH         LINE#         49
  C:0B79H         LINE#         50
  C:0B7DH         LINE#         51
  -------         ENDPROC       _SEGSHOWBUF
  -------         PROC          _SEGSHOW
  D:0002H         SYMBOL        num
BL51 BANKED LINKER/LOCATER V6.22.4.0                                                  06/14/2026  21:01:15  PAGE 10


  -------         DO            
  D:0043H         SYMBOL        d
  D:0005H         SYMBOL        i
  D:0047H         SYMBOL        leading
  -------         ENDDO         
  C:0824H         LINE#         53
  C:0828H         LINE#         54
  C:0828H         LINE#         56
  C:082BH         LINE#         58
  C:0834H         LINE#         59
  C:083FH         LINE#         61
  C:083FH         LINE#         63
  C:084CH         LINE#         64
  C:0860H         LINE#         65
  C:0874H         LINE#         66
  C:0881H         LINE#         68
  C:0883H         LINE#         69
  C:0886H         LINE#         70
  C:0886H         LINE#         71
  C:0893H         LINE#         72
  C:0899H         LINE#         73
  C:089BH         LINE#         74
  C:089EH         LINE#         75
  C:08AEH         LINE#         76
  C:08AEH         LINE#         77
  C:08B2H         LINE#         78
  -------         ENDPROC       _SEGSHOW
  -------         PROC          _SEGSHOWHEX
  D:0004H         SYMBOL        num
  -------         DO            
  D:0003H         SYMBOL        i
  -------         ENDDO         
  C:0AAFH         LINE#         80
  C:0AB3H         LINE#         81
  C:0AB3H         LINE#         83
  C:0AB5H         LINE#         84
  C:0AE5H         LINE#         85
  C:0AE9H         LINE#         86
  -------         ENDPROC       _SEGSHOWHEX
  -------         PROC          _SEGSHOWRAW
  D:0007H         SYMBOL        pos
  D:0005H         SYMBOL        seg
  C:0B22H         LINE#         88
  C:0B22H         LINE#         89
  C:0B22H         LINE#         90
  C:0B24H         LINE#         91
  C:0B32H         LINE#         92
  C:0B36H         LINE#         93
  C:0B3AH         LINE#         94
  C:0B3EH         LINE#         95
  C:0B40H         LINE#         96
  C:0B40H         LINE#         97
  C:0B40H         LINE#         98
  C:0B47H         LINE#         99
  C:0B49H         LINE#         100
  C:0B4BH         LINE#         101
  C:0B4DH         LINE#         102
BL51 BANKED LINKER/LOCATER V6.22.4.0                                                  06/14/2026  21:01:15  PAGE 11


  C:0B4FH         LINE#         103
  C:0B52H         LINE#         104
  -------         ENDPROC       _SEGSHOWRAW
  -------         PROC          SEGSCAN
  C:0A31H         LINE#         106
  C:0A31H         LINE#         107
  C:0A31H         LINE#         108
  C:0A34H         LINE#         109
  C:0A36H         LINE#         110
  C:0A38H         LINE#         111
  C:0A3AH         LINE#         112
  C:0A3CH         LINE#         114
  C:0A46H         LINE#         115
  C:0A48H         LINE#         116
  C:0A57H         LINE#         117
  C:0A5BH         LINE#         118
  C:0A5FH         LINE#         119
  C:0A63H         LINE#         120
  C:0A65H         LINE#         121
  C:0A65H         LINE#         122
  C:0A65H         LINE#         124
  C:0A67H         LINE#         125
  C:0A71H         LINE#         126
  -------         ENDPROC       SEGSCAN
  -------         PROC          SEGCLEAR
  C:0B9FH         LINE#         128
  C:0B9FH         LINE#         129
  C:0B9FH         LINE#         130
  C:0BA1H         LINE#         131
  C:0BA3H         LINE#         132
  C:0BA5H         LINE#         133
  C:0BA7H         LINE#         134
  C:0BAAH         LINE#         135
  C:0BADH         LINE#         136
  C:0BB0H         LINE#         137
  C:0BB3H         LINE#         138
  C:0BB6H         LINE#         139
  C:0BB9H         LINE#         140
  -------         ENDPROC       SEGCLEAR
  -------         PROC          _SEGDELAYMS
  D:0006H         SYMBOL        ms
  -------         DO            
  D:0005H         SYMBOL        j
  -------         ENDDO         
  C:0C02H         LINE#         142
  C:0C02H         LINE#         143
  C:0C02H         LINE#         145
  C:0C0CH         LINE#         146
  C:0C14H         LINE#         147
  C:0C15H         LINE#         148
  C:0C18H         LINE#         149
  C:0C18H         LINE#         150
  -------         ENDPROC       _SEGDELAYMS
  -------         ENDMOD        SEGDISPLAY

  -------         MODULE        SYSINIT
  C:0000H         SYMBOL        _ICE_DUMMY_
BL51 BANKED LINKER/LOCATER V6.22.4.0                                                  06/14/2026  21:01:15  PAGE 12


  D:00E8H         PUBLIC        ADC0CN
  C:0C8DH         PUBLIC        sysPcaInit
  D:00A8H         PUBLIC        IE
  D:00D9H         PUBLIC        PCA0MD
  D:00D8H         PUBLIC        PCA0CN
  D:00B8H         PUBLIC        IP
  D:00E2H         PUBLIC        XBR1
  C:0CB1H         PUBLIC        sysOscInit
  C:0CADH         PUBLIC        sysPortInit
  C:0CB5H         PUBLIC        sysIntInit
  D:00C0H         PUBLIC        SMB0CN
  D:00F8H         PUBLIC        SPI0CN
  D:0089H         PUBLIC        TMOD
  D:0088H         PUBLIC        TCON
  D:00C8H         PUBLIC        TMR2CN
  D:00B2H         PUBLIC        OSCICN
  D:0098H         PUBLIC        SCON0
  C:0C62H         PUBLIC        sysInit
  D:00D0H         PUBLIC        PSW
  C:0C94H         PUBLIC        sysTimerInit
  -------         PROC          SYSPCAINIT
  C:0C8DH         LINE#         3
  C:0C8DH         LINE#         4
  C:0C8DH         LINE#         5
  C:0C90H         LINE#         6
  C:0C93H         LINE#         7
  -------         ENDPROC       SYSPCAINIT
  -------         PROC          SYSTIMERINIT
  C:0C94H         LINE#         9
  C:0C94H         LINE#         10
  C:0C94H         LINE#         11
  C:0C97H         LINE#         12
  C:0C9AH         LINE#         13
  -------         ENDPROC       SYSTIMERINIT
  -------         PROC          SYSPORTINIT
  C:0CADH         LINE#         15
  C:0CADH         LINE#         16
  C:0CADH         LINE#         17
  C:0CB0H         LINE#         18
  -------         ENDPROC       SYSPORTINIT
  -------         PROC          SYSOSCINIT
  C:0CB1H         LINE#         20
  C:0CB1H         LINE#         21
  C:0CB1H         LINE#         22
  C:0CB4H         LINE#         23
  -------         ENDPROC       SYSOSCINIT
  -------         PROC          SYSINTINIT
  C:0CB5H         LINE#         25
  C:0CB5H         LINE#         26
  C:0CB5H         LINE#         27
  C:0CB8H         LINE#         28
  -------         ENDPROC       SYSINTINIT
  -------         PROC          SYSINIT
  C:0C62H         LINE#         30
  C:0C62H         LINE#         31
  C:0C62H         LINE#         32
  C:0C65H         LINE#         33
BL51 BANKED LINKER/LOCATER V6.22.4.0                                                  06/14/2026  21:01:15  PAGE 13


  C:0C68H         LINE#         34
  C:0C6BH         LINE#         35
  C:0C6EH         LINE#         36
  -------         ENDPROC       SYSINIT
  -------         ENDMOD        SYSINIT

  -------         MODULE        UART
  C:0000H         SYMBOL        _ICE_DUMMY_
  D:00E8H         PUBLIC        ADC0CN
  D:00A8H         PUBLIC        IE
  D:00D8H         PUBLIC        PCA0CN
  D:00B8H         PUBLIC        IP
  D:00E1H         PUBLIC        XBR0
  D:00E2H         PUBLIC        XBR1
  D:00C0H         PUBLIC        SMB0CN
  D:00F8H         PUBLIC        SPI0CN
  D:0089H         PUBLIC        TMOD
  D:0088H         PUBLIC        TCON
  D:00C8H         PUBLIC        TMR2CN
  B:0098H.1       PUBLIC        TI0
  D:008DH         PUBLIC        TH1
  C:09E7H         PUBLIC        _uartInitBaud
  C:0C71H         PUBLIC        uartInit
  B:0088H.6       PUBLIC        TR1
  D:0099H         PUBLIC        SBUF0
  D:0098H         PUBLIC        SCON0
  D:008EH         PUBLIC        CKCON
  D:00D0H         PUBLIC        PSW
  C:0C85H         PUBLIC        _putchar
  D:001CH         SYMBOL        sysClk
  -------         PROC          UARTINIT
  C:0C71H         LINE#         8
  C:0C71H         LINE#         9
  C:0C71H         LINE#         10
  -------         ENDPROC       UARTINIT
  -------         PROC          _UARTINITBAUD
  D:0027H         SYMBOL        baud
  -------         DO            
  D:0007H         SYMBOL        reload
  -------         ENDDO         
  C:09E7H         LINE#         13
  C:09EFH         LINE#         14
  C:09EFH         LINE#         17
  C:09F2H         LINE#         18
  C:09F5H         LINE#         20
  C:09F8H         LINE#         22
  C:0A00H         LINE#         24
  C:0A27H         LINE#         25
  C:0A29H         LINE#         27
  C:0A2CH         LINE#         29
  C:0A2EH         LINE#         31
  C:0A30H         LINE#         32
  -------         ENDPROC       _UARTINITBAUD
  -------         PROC          _PUTCHAR
  D:0007H         SYMBOL        c
  C:0C85H         LINE#         34
  C:0C85H         LINE#         35
BL51 BANKED LINKER/LOCATER V6.22.4.0                                                  06/14/2026  21:01:15  PAGE 14


  C:0C85H         LINE#         36
  C:0C88H         LINE#         37
  C:0C8AH         LINE#         38
  C:0C8CH         LINE#         39
  C:0C8CH         LINE#         40
  -------         ENDPROC       _PUTCHAR
  -------         ENDMOD        UART

  -------         MODULE        ULTRASONIC
  C:0000H         SYMBOL        _ICE_DUMMY_
  D:0080H         PUBLIC        P0
  B:00A8H.7       PUBLIC        EA
  D:00E8H         PUBLIC        ADC0CN
  D:00A4H         PUBLIC        P0MDOUT
  D:00A8H         PUBLIC        IE
  D:00D8H         PUBLIC        PCA0CN
  D:00B8H         PUBLIC        IP
  B:0080H.1       PUBLIC        ECHO
  D:00C0H         PUBLIC        SMB0CN
  C:0AEAH         PUBLIC        ultraRead
  D:00F8H         PUBLIC        SPI0CN
  D:0088H         PUBLIC        TCON
  B:0080H.0       PUBLIC        TRIG
  D:00C8H         PUBLIC        TMR2CN
  C:0CA7H         PUBLIC        ultraInit
  D:008CH         PUBLIC        TH0
  D:008AH         PUBLIC        TL0
  B:0088H.4       PUBLIC        TR0
  D:0098H         PUBLIC        SCON0
  C:0C19H         SYMBOL        _ultraDelayUs
  D:00D0H         PUBLIC        PSW
  -------         PROC          _ULTRADELAYUS
  D:0006H         SYMBOL        us
  -------         DO            
  D:0005H         SYMBOL        i
  -------         ENDDO         
  C:0C19H         LINE#         15
  C:0C19H         LINE#         16
  C:0C19H         LINE#         18
  C:0C23H         LINE#         19
  C:0C2BH         LINE#         20
  C:0C2CH         LINE#         21
  C:0C2FH         LINE#         22
  C:0C2FH         LINE#         23
  -------         ENDPROC       _ULTRADELAYUS
  -------         PROC          ULTRAINIT
  C:0CA7H         LINE#         25
  C:0CA7H         LINE#         26
  C:0CA7H         LINE#         27
  C:0CAAH         LINE#         28
  C:0CACH         LINE#         29
  -------         ENDPROC       ULTRAINIT
  -------         PROC          ULTRAREAD
  -------         DO            
  D:0006H         SYMBOL        ticks
  B:0020H.0       SYMBOL        savedEA
  -------         ENDDO         
BL51 BANKED LINKER/LOCATER V6.22.4.0                                                  06/14/2026  21:01:15  PAGE 15


  C:0AEAH         LINE#         31
  C:0AEAH         LINE#         32
  C:0AEAH         LINE#         36
  C:0AEDH         LINE#         37
  C:0AEFH         LINE#         38
  C:0AF1H         LINE#         40
  C:0AF3H         LINE#         41
  C:0AF9H         LINE#         42
  C:0AFBH         LINE#         44
  C:0AFFH         LINE#         45
  C:0B01H         LINE#         47
  C:0B04H         LINE#         48
  C:0B06H         LINE#         49
  C:0B09H         LINE#         50
  C:0B0BH         LINE#         52
  C:0B0FH         LINE#         54
  C:0B17H         LINE#         55
  -------         ENDPROC       ULTRAREAD
  -------         ENDMOD        ULTRASONIC

  -------         MODULE        ?C?CLDOPTR
  C:038AH         PUBLIC        ?C?CLDOPTR
  -------         ENDMOD        ?C?CLDOPTR

  -------         MODULE        ?C?UIDIV
  C:03B7H         PUBLIC        ?C?UIDIV
  -------         ENDMOD        ?C?UIDIV

  -------         MODULE        ?C?LMUL
  C:040CH         PUBLIC        ?C?LMUL
  -------         ENDMOD        ?C?LMUL

  -------         MODULE        ?C?ULDIV
  C:0497H         PUBLIC        ?C?ULDIV
  -------         ENDMOD        ?C?ULDIV

  -------         MODULE        ?C?LIMUL
  C:0529H         PUBLIC        ?C?LIMUL
  -------         ENDMOD        ?C?LIMUL

  -------         MODULE        PRINTF
  D:0027H         PUBLIC        ?_PRINTF517?BYTE
  D:0027H         PUBLIC        ?_PRINTF?BYTE
  D:0027H         PUBLIC        ?_SPRINTF517?BYTE
  D:0027H         PUBLIC        ?_SPRINTF?BYTE
  C:0090H         PUBLIC        _PRINTF
  C:0090H         PUBLIC        _PRINTF517
  C:008AH         PUBLIC        _SPRINTF
  C:008AH         PUBLIC        _SPRINTF517
  -------         ENDMOD        PRINTF

  -------         MODULE        ?C?CLDPTR
  C:0556H         PUBLIC        ?C?CLDPTR
  -------         ENDMOD        ?C?CLDPTR

  -------         MODULE        ?C?CSTPTR
  C:056FH         PUBLIC        ?C?CSTPTR
BL51 BANKED LINKER/LOCATER V6.22.4.0                                                  06/14/2026  21:01:15  PAGE 16


  -------         ENDMOD        ?C?CSTPTR

  -------         MODULE        ?C?PLDIIDATA
  C:0581H         PUBLIC        ?C?PLDIIDATA
  -------         ENDMOD        ?C?PLDIIDATA

  -------         MODULE        ?C?CCASE
  C:0591H         PUBLIC        ?C?CCASE
  -------         ENDMOD        ?C?CCASE

*** WARNING L16: UNCALLED SEGMENT, IGNORED FOR OVERLAY PROCESS
    SEGMENT: ?PR?_BUZZERBEEPPATTERN?BUZZER

*** WARNING L16: UNCALLED SEGMENT, IGNORED FOR OVERLAY PROCESS
    SEGMENT: ?PR?BUZZERSTOP?BUZZER

*** WARNING L16: UNCALLED SEGMENT, IGNORED FOR OVERLAY PROCESS
    SEGMENT: ?PR?BUZZERBUSY?BUZZER

*** WARNING L16: UNCALLED SEGMENT, IGNORED FOR OVERLAY PROCESS
    SEGMENT: ?PR?_SEGHEXCODE?SEGDISPLAY

*** WARNING L16: UNCALLED SEGMENT, IGNORED FOR OVERLAY PROCESS
    SEGMENT: ?PR?_SEGSHOWBUF?SEGDISPLAY

*** WARNING L16: UNCALLED SEGMENT, IGNORED FOR OVERLAY PROCESS
    SEGMENT: ?PR?_SEGSHOW?SEGDISPLAY

*** WARNING L16: UNCALLED SEGMENT, IGNORED FOR OVERLAY PROCESS
    SEGMENT: ?PR?_SEGSHOWHEX?SEGDISPLAY

*** WARNING L16: UNCALLED SEGMENT, IGNORED FOR OVERLAY PROCESS
    SEGMENT: ?PR?SEGSCAN?SEGDISPLAY

*** WARNING L16: UNCALLED SEGMENT, IGNORED FOR OVERLAY PROCESS
    SEGMENT: ?PR?SEGCLEAR?SEGDISPLAY

Program Size: data=80.1 xdata=0 code=3268
LINK/LOCATE RUN COMPLETE.  9 WARNING(S),  0 ERROR(S)
