C51 COMPILER V9.60.7.0   BUZZER                                                            06/27/2026 17:46:19 PAGE 1   


C51 COMPILER V9.60.7.0, COMPILATION OF MODULE BUZZER
OBJECT MODULE PLACED IN .\Objects\buzzer.obj
COMPILER INVOKED BY: D:\keilv5\C51\BIN\C51.EXE ..\lib\buzzer.c OPTIMIZE(8,SPEED) BROWSE INCDIR(..\lib) DEBUG OBJECTEXTEN
                    -D PRINT(.\Listings\buzzer.lst) TABS(2) OBJECT(.\Objects\buzzer.obj)

line level    source

   1          #include "buzzer.h"
   2          #include "intrins.h"
   3          
   4          #define US_PER_LOOP   4
   5          #define TICK_US       250     /* T1 溢出周期 ≈ 250us              */
   6          
   7          /* ===== 非阻塞状态 ===== */
   8          static uint   nbPeriod;       /* 半周期 (tick 数)                 */
   9          static uint   nbOnTicks;      /* 响持续 tick 数                   */
  10          static uint   nbOffTicks;     /* 停持续 tick 数                   */
  11          static uchar  nbCycles;       /* 剩余循环次数                     */
  12          static uint   nbTickCnt;      /* 当前 tick 计数                   */
  13          static uchar  nbPhase;        /* 0=停, 1=响                       */
  14          static uchar  nbActive;       /* 1=鸣叫进行中                     */
  15          static uchar  nbToneCnt;      /* 响阶段内的翻转计数               */
  16          
  17          /* ===== 阻塞实现 ===== */
  18          
  19          void buzzerInit(void)
  20          {
  21   1          P1MDOUT |= 0x80;
  22   1          BUZZER_PIN = 0;
  23   1      }
  24          
  25          void buzzerOn(void)  { BUZZER_PIN = 1; }
  26          void buzzerOff(void) { BUZZER_PIN = 0; }
  27          void buzzerToggle(void) { BUZZER_PIN = ~BUZZER_PIN; }
  28          
  29          static void delayUs(uint us)
  30          {
  31   1          uchar i;
  32   1          while (us--) {
  33   2              for (i = 0; i < US_PER_LOOP; i++) _nop_();
  34   2          }
  35   1      }
  36          
  37          static void delayMs(uint ms)
  38          {
  39   1          uchar j;
  40   1          while (ms--) {
  41   2              for (j = 0; j < 250; j++) _nop_();
  42   2          }
  43   1      }
  44          
  45          void buzzerBeep(uint freqHz, uint durMs)
  46          {
  47   1          uint halfUs, elapsed, perMs, cyc;
  48   1      
  49   1          if (freqHz == 0) {
  50   2              buzzerOn();  delayMs(durMs);  buzzerOff();
  51   2              return;
  52   2          }
  53   1      
  54   1          halfUs = 500000UL / freqHz;
C51 COMPILER V9.60.7.0   BUZZER                                                            06/27/2026 17:46:19 PAGE 2   

  55   1          if (halfUs < 10)  halfUs = 10;
  56   1          if (halfUs > 25000) halfUs = 25000;
  57   1      
  58   1          for (elapsed = 0; elapsed < durMs; elapsed++) {
  59   2              perMs = 1000UL / (halfUs * 2);
  60   2              if (perMs == 0) perMs = 1;
  61   2              for (cyc = 0; cyc < perMs; cyc++) {
  62   3                  BUZZER_PIN = 1;  delayUs(halfUs);
  63   3                  BUZZER_PIN = 0;  delayUs(halfUs);
  64   3              }
  65   2          }
  66   1      }
  67          
  68          void buzzerBeepPattern(uint freqHz, uint onMs, uint offMs, uchar cycles)
  69          {
  70   1          uchar i;
  71   1          if (freqHz == 0) {
  72   2              for (i = 0; i < cycles; i++) {
  73   3                  buzzerOn();  delayMs(onMs);
  74   3                  buzzerOff(); delayMs(offMs);
  75   3              }
  76   2              return;
  77   2          }
  78   1          for (i = 0; i < cycles; i++) {
  79   2              buzzerBeep(freqHz, onMs);
  80   2              delayMs(offMs);
  81   2          }
  82   1      }
  83          
  84          /* ===== 非阻塞实现 ===== */
  85          
  86          void buzzerSetupTimer(void)
  87          {
  88   1          TMR2CN   = 0x04;
  89   1          TMR2RLL  = 0x02;
  90   1          TMR2RLH  = 0xFE;
  91   1          TMR2L    = 0x02;
  92   1          TMR2H    = 0xFE;
  93   1          ET2      = 1;
  94   1      }
  95          
  96          void buzzerStart(uint freqHz, uint onMs, uint offMs, uchar cycles)
  97          {
  98   1          uint halfUs;
  99   1          if (freqHz == 0) freqHz = 2000;
 100   1          halfUs = 500000UL / freqHz;
 101   1          nbPeriod  = (halfUs + TICK_US - 1) / TICK_US;
 102   1          if (nbPeriod < 1) nbPeriod = 1;
 103   1      
 104   1          nbOnTicks  = onMs  * 1000UL / TICK_US;
 105   1          nbOffTicks = offMs * 1000UL / TICK_US;
 106   1          if (nbOnTicks  < 1) nbOnTicks  = 1;
 107   1          if (nbOffTicks < 1) nbOffTicks = 1;
 108   1      
 109   1          nbCycles   = cycles;
 110   1          nbTickCnt  = 0;
 111   1          nbToneCnt  = 0;
 112   1          nbPhase    = 1;
 113   1          nbActive   = 1;
 114   1      }
 115          
 116          void buzzerStop(void)
C51 COMPILER V9.60.7.0   BUZZER                                                            06/27/2026 17:46:19 PAGE 3   

 117          {
 118   1          nbActive = 0;
 119   1          BUZZER_PIN = 0;
 120   1      }
 121          
 122          uchar buzzerBusy(void)
 123          {
 124   1          return nbActive;
 125   1      }
 126          
 127          void buzzerTick(void)
 128          {
 129   1          if (!nbActive) return;
 130   1      
 131   1          nbTickCnt++;
 132   1      
 133   1          if (nbPhase) {
 134   2              /* 响阶段 */
 135   2              nbToneCnt++;
 136   2              if (nbToneCnt >= nbPeriod) {
 137   3                  nbToneCnt = 0;
 138   3                  buzzerToggle();
 139   3              }
 140   2              if (nbTickCnt >= nbOnTicks) {
 141   3                  nbTickCnt = 0;
 142   3                  nbPhase  = 0;
 143   3                  BUZZER_PIN = 0;
 144   3              }
 145   2          } else {
 146   2              /* 停阶段 */
 147   2              if (nbTickCnt >= nbOffTicks) {
 148   3                  nbTickCnt = 0;
 149   3                  nbPhase  = 1;
 150   3                  nbToneCnt = 0;
 151   3                  nbCycles--;
 152   3                  if (nbCycles == 0) {
 153   4                      nbActive = 0;
 154   4                      BUZZER_PIN = 0;
 155   4                  }
 156   3              }
 157   2          }
 158   1      }


MODULE INFORMATION:   STATIC OVERLAYABLE
   CODE SIZE        =    599    ----
   CONSTANT SIZE    =   ----    ----
   XDATA SIZE       =   ----    ----
   PDATA SIZE       =   ----    ----
   DATA SIZE        =     12      23
   IDATA SIZE       =   ----    ----
   BIT SIZE         =   ----    ----
END OF MODULE INFORMATION.


C51 COMPILATION COMPLETE.  0 WARNING(S),  0 ERROR(S)
