C51 COMPILER V9.60.7.0   MAIN                                                              06/29/2026 16:05:58 PAGE 1   


C51 COMPILER V9.60.7.0, COMPILATION OF MODULE MAIN
OBJECT MODULE PLACED IN .\Objects\main.obj
COMPILER INVOKED BY: D:\keilv5\C51\BIN\C51.EXE main.c OPTIMIZE(8,SPEED) BROWSE INCDIR(..\lib) DEBUG OBJECTEXTEND PRINT(.
                    -\Listings\main.lst) TABS(2) OBJECT(.\Objects\main.obj)

line level    source

   1          /**
   2           * sensorFusion_UI — 多传感器融合 (UI美化版)
   3           *
   4           * Key2: 切换 超声波->电压->温度   Key1: 温度下切换 ℃/℉
   5           * ADC 页面: 标题+数值一行 + 实时曲线图
   6           */
   7          #include "config.h"
   8          
   9          /* ===== 状态 ===== */
  10          #define STATE_BOOT  0
  11          #define STATE_ULTRA 1
  12          #define STATE_ADC   2
  13          #define STATE_TEMP  3
  14          
  15          static uchar code keyTable[16] = {
  16              0x77,0xB7,0xD7,0xE7, 0x7B,0xBB,0xDB,0xEB,
  17              0x7D,0xBD,0xDD,0xED, 0x7E,0xBE,0xDE,0xEE
  18          };
  19          
  20          static uchar keyScan(void)
  21          {
  22   1          uchar s1, s2, kc, j;
  23   1          P2 = 0xF0; s1 = P2;
  24   1          if ((s1 & 0xF0) == 0xF0) return 0;
  25   1          { uint d; for (d = 0; d < 6000; d++); }
  26   1          P2 = 0xF0; s1 = P2;
  27   1          if ((s1 & 0xF0) == 0xF0) return 0;
  28   1          P2 = 0x0F; s2 = P2;
  29   1          kc = s1 | s2;
  30   1          for (j = 0; j < 16; j++)
  31   1              if (kc == keyTable[j]) return j + 1;
  32   1          return 0;
  33   1      }
  34          
  35          static void delayShort(void) { uint i; for (i = 0; i < 30000; i++); }
  36          
  37          /** 延时并轮询所有按键, 返回按键值(0=超时) */
  38          static uchar delayPoll(uchar n)
  39          {
  40   1          uchar k;
  41   1          while (n--) {
  42   2              delayShort();
  43   2              k = keyScan();
  44   2              if (k) return k;
  45   2          }
  46   1          return 0;
  47   1      }
  48          
  49          static void oledShowFloat(uchar x, uchar y, uint val)
  50          {
  51   1          uchar buf[7];
  52   1          buf[0] = '0' + (val / 1000) % 10;
  53   1          buf[1] = '0' + (val / 100) % 10;
  54   1          buf[2] = '.';
C51 COMPILER V9.60.7.0   MAIN                                                              06/29/2026 16:05:58 PAGE 2   

  55   1          buf[3] = '0' + (val / 10) % 10;
  56   1          buf[4] = '0' + val % 10;
  57   1          buf[5] = 0;
  58   1          oledShowStr(x, y, buf);
  59   1      }
  60          
  61          /**
  62           * 开机动画
  63           */
  64          static void bootAnim(void)
  65          {
  66   1          uchar code *msg = "Welcome!";
  67   1          uchar i, buf[10], j;
  68   1      
  69   1          for (i = 0; msg[i]; i++) {
  70   2              buf[i]   = msg[i];
  71   2              buf[i+1] = 0;
  72   2              oledShowStr(32, 3, buf);
  73   2              for ( j = 0; j<10; j++)delayShort();
  74   2          }
  75   1          delayShort();
  76   1          delayShort();
  77   1      }
  78          
  79          void main(void)
  80          {
  81   1          uchar state  = STATE_BOOT;
  82   1          uchar lastKey = 0, key, fahrMode = 0, refresh = 1;
  83   1          uint  dist, volt, temp, lastDist = 0xFFFF, lastVolt = 0xFFFF, lastTemp = 0xFFFF;
  84   1      
  85   1          sysInit();
  86   1          oledInit();
  87   1          buzzerInit();
  88   1          ultraInit();
  89   1          ds18b20Init();
  90   1          pcf8591Init();
  91   1          P2MDOUT  = 0x0F; P2 = 0xFF;
  92   1          chartInit(2, 6, 1);      /* 初始占位, 进入状态后 chartReset 覆盖 */
  93   1      
  94   1          bootAnim();
  95   1          oledClear();
  96   1          state   = STATE_ULTRA;
  97   1          refresh = 1;
  98   1      
  99   1          while (1)
 100   1          {
 101   2              key = keyScan();
 102   2              if (key && key != lastKey) {
 103   3                  if (key == 2) {
 104   4                      state++;
 105   4                      if (state > STATE_TEMP) state = STATE_ULTRA;
 106   4                      refresh   = 1;
 107   4                      if (state == STATE_ULTRA) chartReset(200);
 108   4                      if (state == STATE_ADC)   chartReset(255);
 109   4                  }
 110   3                  if (key == 1 && state == STATE_TEMP) {
 111   4                      fahrMode = !fahrMode;
 112   4                      refresh  = 1;
 113   4                  }
 114   3                  lastKey = key;
 115   3                  while (keyScan()) {}  /* 等松开 */
 116   3                  lastKey = 0;          /* 复位, 允许下次再按 */
C51 COMPILER V9.60.7.0   MAIN                                                              06/29/2026 16:05:58 PAGE 3   

 117   3              }
 118   2      
 119   2              switch (state) {
 120   3      
 121   3              case STATE_ULTRA:
 122   3                  dist = ultraRead();
 123   3                  if (dist != lastDist) { refresh = 1; lastDist = dist; }
 124   3                  if (refresh) {
 125   4                      oledClear();
 126   4                      oledShowStr(0, 0, "Dist:");
 127   4                      oledShowNum(40, 0, dist, 3, 16);
 128   4                      oledShowStr(72, 0, "cm");
 129   4                      refresh = 0;
 130   4                  }
 131   3                  chartPush(dist < 200 ? (uchar)(dist/2) : 100);
 132   3                  if (dist < 80) {
 133   4                      uchar n;
 134   4                      buzzerBeep(2500, 40);
 135   4                      for (n = dist / 4 + 1; n; n--) delayPoll(1);
 136   4                  } else {
 137   4                      delayPoll(3);
 138   4                  }
 139   3                  break;
 140   3      
 141   3              case STATE_ADC:
 142   3              {
 143   4                  uchar raw = pcf8591ReadADC(1);
 144   4                  volt = (uint)raw * 5000UL / 255UL;
 145   4                  if (volt != lastVolt) { refresh = 1; lastVolt = volt; }
 146   4                  if (refresh) {
 147   5                      oledClear();
 148   5                      oledShowStr(4, 0, "ADC:");
 149   5                      oledShowFloat(36, 0, volt / 10);
 150   5                      oledShowStr(92, 0, "V");
 151   5                      refresh = 0;
 152   5                  }
 153   4                  chartPush(raw);
 154   4                  delayPoll(1);
 155   4                  break;
 156   4              }
 157   3      
 158   3              case STATE_TEMP:
 159   3                  ds18b20Start();
 160   3                  if (delayPoll(20) == 2) {
 161   4                      state   = STATE_ULTRA; refresh = 1;
 162   4                      lastKey = 2; while (keyScan()) {} lastKey = 0;
 163   4                      break;
 164   4                  }
 165   3                  temp = ds18b20Read();
 166   3                  if (temp > 3200) {
 167   4                      buzzerBeep(2500, 60);
 168   4                      { uint d; for(d=0;d<12000;d++); }
 169   4                      buzzerBeep(2500, 60);
 170   4                      delayPoll(2);
 171   4                  }
 172   3                  if (fahrMode)
 173   3                      temp = (uint)((ulong)temp * 9UL / 5UL) + 3200UL;
 174   3                  if (temp != lastTemp) { refresh = 1; lastTemp = temp; }
 175   3                  if (refresh) {
 176   4                      oledClear();
 177   4                      oledShowStr(0, 0, fahrMode ? "Temp(F):" : "Temp(C):");
 178   4                      oledShowFloat(0, 2, temp);
C51 COMPILER V9.60.7.0   MAIN                                                              06/29/2026 16:05:58 PAGE 4   

 179   4                      refresh = 0;
 180   4                  }
 181   3                  delayPoll(3);
 182   3                  break;
 183   3              }
 184   2          }
 185   1      }


MODULE INFORMATION:   STATIC OVERLAYABLE
   CODE SIZE        =    964    ----
   CONSTANT SIZE    =     59    ----
   XDATA SIZE       =   ----    ----
   PDATA SIZE       =   ----    ----
   DATA SIZE        =   ----      43
   IDATA SIZE       =   ----    ----
   BIT SIZE         =   ----    ----
END OF MODULE INFORMATION.


C51 COMPILATION COMPLETE.  0 WARNING(S),  0 ERROR(S)
