C51 COMPILER V9.60.7.0   PCF8591                                                           06/27/2026 17:46:18 PAGE 1   


C51 COMPILER V9.60.7.0, COMPILATION OF MODULE PCF8591
OBJECT MODULE PLACED IN .\Objects\pcf8591.obj
COMPILER INVOKED BY: D:\keilv5\C51\BIN\C51.EXE pcf8591.c OPTIMIZE(8,SPEED) BROWSE INCDIR(..\lib) DEBUG OBJECTEXTEND PRIN
                    -T(.\Listings\pcf8591.lst) TABS(2) OBJECT(.\Objects\pcf8591.obj)

line level    source

   1          /* PCF8591 AD/DA 模块驱动, I2C 位操作 */
   2          #include "config.h"
   3          
   4          #define PCF_ADDR_W 0x90
   5          #define PCF_ADDR_R 0x91
   6          
   7          static void i2cDelay(void)
   8          {
   9   1          uchar i;
  10   1          for (i = 0; i < 30; i++);
  11   1      }
  12          
  13          static void i2cStart(void)
  14          {
  15   1          PCF_SDA = 1; PCF_SCL = 1; i2cDelay();
  16   1          PCF_SDA = 0;              i2cDelay();
  17   1          PCF_SCL = 0;
  18   1      }
  19          
  20          static void i2cStop(void)
  21          {
  22   1          PCF_SDA = 0; PCF_SCL = 1; i2cDelay();
  23   1          PCF_SDA = 1;              i2cDelay();
  24   1      }
  25          
  26          static uchar i2cRecvAck(void)
  27          {
  28   1          uchar ack;
  29   1          PCF_SDA = 1; i2cDelay();
  30   1          PCF_SCL = 1; i2cDelay();
  31   1          ack = PCF_SDA;
  32   1          PCF_SCL = 0; i2cDelay();
  33   1          return ack;
  34   1      }
  35          
  36          static void i2cSendByte(uchar dat)
  37          {
  38   1          uchar i;
  39   1          for (i = 0; i < 8; i++) {
  40   2              PCF_SDA = (dat & (0x80 >> i)) ? 1 : 0;
  41   2              i2cDelay();
  42   2              PCF_SCL = 1; i2cDelay();
  43   2              PCF_SCL = 0;
  44   2          }
  45   1      }
  46          
  47          static uchar i2cRecvByte(void)
  48          {
  49   1          uchar i, dat = 0;
  50   1          PCF_SDA = 1;
  51   1          for (i = 0; i < 8; i++) {
  52   2              PCF_SCL = 1; i2cDelay();
  53   2              if (PCF_SDA) dat |= (0x80 >> i);
  54   2              PCF_SCL = 0; i2cDelay();
C51 COMPILER V9.60.7.0   PCF8591                                                           06/27/2026 17:46:18 PAGE 2   

  55   2          }
  56   1          return dat;
  57   1      }
  58          
  59          static void i2cSendAck(uchar ack)
  60          {
  61   1          PCF_SDA = ack ? 1 : 0; i2cDelay();
  62   1          PCF_SCL = 1;            i2cDelay();
  63   1          PCF_SCL = 0;
  64   1      }
  65          
  66          void pcf8591Init(void)
  67          {
  68   1          P0MDOUT |=  0x08;
  69   1          P0MDOUT &= ~0x04;
  70   1          P0MDIN  |=  0x0C;
  71   1          PCF_SCL = 1;
  72   1          PCF_SDA = 1;
  73   1      }
  74          
  75          /**
  76           * 读取指定通道 ADC, 返回 8bit (0-255)
  77           * 流程: 写控制字(STOP) → 读dummy(NACK+STOP) → 读真实(NACK+STOP)
  78           */
  79          uchar pcf8591ReadADC(uchar channel)
  80          {
  81   1          uchar val;
  82   1      
  83   1          i2cStart();
  84   1          i2cSendByte(PCF_ADDR_W); i2cRecvAck();
  85   1          i2cSendByte(0x40 | (channel & 0x03)); i2cRecvAck();
  86   1          i2cStop();
  87   1      
  88   1          i2cStart();
  89   1          i2cSendByte(PCF_ADDR_R); i2cRecvAck();
  90   1          i2cRecvByte(); i2cSendAck(1);
  91   1          i2cStop();
  92   1      
  93   1          i2cStart();
  94   1          i2cSendByte(PCF_ADDR_R); i2cRecvAck();
  95   1          val = i2cRecvByte(); i2cSendAck(1);
  96   1          i2cStop();
  97   1      
  98   1          return val;
  99   1      }
 100          
 101          /**
 102           * 输出 DAC, value: 0-255
 103           */
 104          void pcf8591WriteDAC(uchar value)
 105          {
 106   1          i2cStart();
 107   1          i2cSendByte(PCF_ADDR_W); i2cRecvAck();
 108   1          i2cSendByte(0x40);        i2cRecvAck();
 109   1          i2cSendByte(value);       i2cRecvAck();
 110   1          i2cStop();
 111   1      }
 112          
 113          /**
 114           * 读取全部4通道, 存入 buf[4]
 115           */
 116          void pcf8591ReadAll(uchar *buf)
C51 COMPILER V9.60.7.0   PCF8591                                                           06/27/2026 17:46:18 PAGE 3   

 117          {
 118   1          uchar i;
 119   1      
 120   1          i2cStart();
 121   1          i2cSendByte(PCF_ADDR_W); i2cRecvAck();
 122   1          i2cSendByte(0x44);        i2cRecvAck();
 123   1      
 124   1          i2cStart();
 125   1          i2cSendByte(PCF_ADDR_R); i2cRecvAck();
 126   1          i2cRecvByte(); i2cSendAck(0);
 127   1      
 128   1          for (i = 0; i < 4; i++) {
 129   2              buf[i] = i2cRecvByte();
 130   2              if (i < 3) i2cSendAck(0);
 131   2              else       i2cSendAck(1);
 132   2          }
 133   1          i2cStop();
 134   1      }


MODULE INFORMATION:   STATIC OVERLAYABLE
   CODE SIZE        =    330    ----
   CONSTANT SIZE    =   ----    ----
   XDATA SIZE       =   ----    ----
   PDATA SIZE       =   ----    ----
   DATA SIZE        =   ----       3
   IDATA SIZE       =   ----    ----
   BIT SIZE         =   ----    ----
END OF MODULE INFORMATION.


C51 COMPILATION COMPLETE.  0 WARNING(S),  0 ERROR(S)
