BL51 BANKED LINKER/LOCATER V6.22.4.0                                                    06/27/2026  17:46:19  PAGE 1


BL51 BANKED LINKER/LOCATER V6.22.4.0, INVOKED BY:
D:\KEILV5\C51\BIN\BL51.EXE .\Objects\ds18b20.obj, .\Objects\main.obj, .\Objects\pcf8591.obj, .\Objects\ultra.obj, .\Obje
>> cts\oled7pin.obj, .\Objects\buzzer.obj, .\Objects\chart.obj, .\Objects\sysinit.obj TO .\Objects\SFU PRINT (.\Listings
>> \SFU.m51) RAMSIZE (256)


MEMORY MODEL: SMALL


INPUT MODULES INCLUDED:
  .\Objects\ds18b20.obj (DS18B20)
  .\Objects\main.obj (MAIN)
  .\Objects\pcf8591.obj (PCF8591)
  .\Objects\ultra.obj (ULTRA)
  .\Objects\oled7pin.obj (OLED7PIN)
  .\Objects\buzzer.obj (BUZZER)
  .\Objects\chart.obj (CHART)
  .\Objects\sysinit.obj (SYSINIT)
  D:\KEILV5\C51\LIB\C51S.LIB (?C_STARTUP)
  D:\KEILV5\C51\LIB\C51S.LIB (?C?CLDOPTR)
  D:\KEILV5\C51\LIB\C51S.LIB (?C?CSTOPTR)
  D:\KEILV5\C51\LIB\C51S.LIB (?C?IMUL)
  D:\KEILV5\C51\LIB\C51S.LIB (?C?UIDIV)
  D:\KEILV5\C51\LIB\C51S.LIB (?C?LMUL)
  D:\KEILV5\C51\LIB\C51S.LIB (?C?ULDIV)
  D:\KEILV5\C51\LIB\C51S.LIB (?C?LIMUL)


LINK MAP OF MODULE:  .\Objects\SFU (DS18B20)


            TYPE    BASE      LENGTH    RELOCATION   SEGMENT NAME
            -----------------------------------------------------

            * * * * * * *   D A T A   M E M O R Y   * * * * * * *
            REG     0000H     0008H     ABSOLUTE     "REG BANK 0"
            DATA    0008H     000CH     UNIT         ?DT?BUZZER
            DATA    0014H     0008H     UNIT         ?DT?_OLEDDRAWBMP?OLED7PIN
            DATA    001CH     0003H     UNIT         ?DT?_PCF8591READALL?PCF8591
                    001FH     0001H                  *** GAP ***
            BIT     0020H.0   0000H.1   UNIT         _BIT_GROUP_
                    0020H.1   0000H.7                *** GAP ***
            DATA    0021H     0026H     UNIT         _DATA_GROUP_
            DATA    0047H     0008H     UNIT         ?DT?_BUZZERBEEPPATTERN?BUZZER
            DATA    004FH     0007H     UNIT         ?DT?_BUZZERSTART?BUZZER
            DATA    0056H     0005H     UNIT         ?DT?CHART
            IDATA   005BH     0001H     UNIT         ?STACK

            * * * * * * *  X D A T A   M E M O R Y  * * * * * * *
            XDATA   0000H     0040H     UNIT         ?XD?CHART

            * * * * * * *   C O D E   M E M O R Y   * * * * * * *
            CODE    0000H     0003H     ABSOLUTE     
            CODE    0003H     0C58H     UNIT         ?CO?OLED7PIN
            CODE    0C5BH     02BBH     UNIT         ?PR?MAIN?MAIN
            CODE    0F16H     0200H     UNIT         ?C?LIB_CODE
            CODE    1116H     00C2H     UNIT         ?PR?_CHARTCOL?CHART
            CODE    11D8H     00B0H     UNIT         ?PR?_BUZZERBEEP?BUZZER
BL51 BANKED LINKER/LOCATER V6.22.4.0                                                  06/27/2026  17:46:19  PAGE 2


            CODE    1288H     00ABH     UNIT         ?PR?OLEDINIT?OLED7PIN
            CODE    1333H     00A7H     UNIT         ?PR?_BUZZERSTART?BUZZER
            CODE    13DAH     0078H     UNIT         ?PR?_OLEDSHOWNUM?OLED7PIN
            CODE    1452H     006BH     UNIT         ?PR?_OLEDSHOWFLOAT?MAIN
            CODE    14BDH     0060H     UNIT         ?PR?CHARTDRAW?CHART
            CODE    151DH     005DH     UNIT         ?PR?_OLEDSHOWCHAR?OLED7PIN
            CODE    157AH     0054H     UNIT         ?PR?_BUZZERBEEPPATTERN?BUZZER
            CODE    15CEH     0054H     UNIT         ?PR?BUZZERTICK?BUZZER
            CODE    1622H     0050H     UNIT         ?PR?KEYSCAN?MAIN
            CODE    1672H     004BH     UNIT         ?PR?_OLEDDRAWBMP?OLED7PIN
            CODE    16BDH     0049H     UNIT         ?PR?_PCF8591READALL?PCF8591
            CODE    1706H     0046H     UNIT         ?PR?BOOTANIM?MAIN
            CODE    174CH     0046H     UNIT         ?PR?_OLEDWRITEBYTE?OLED7PIN
            CODE    1792H     003DH     UNIT         ?PR?_OLEDSHOWSTR?OLED7PIN
            CODE    17CFH     003BH     UNIT         ?PR?CHARTCLEAR?CHART
            CODE    180AH     0039H     UNIT         ?PR?_CHARTPUSH?CHART
            CODE    1843H     0038H     UNIT         ?PR?ULTRAREAD?ULTRA
            CODE    187BH     0037H     UNIT         ?PR?_OLEDPOW10?OLED7PIN
            CODE    18B2H     0035H     UNIT         ?CO?MAIN
            CODE    18E7H     0031H     UNIT         ?PR?_I2CSENDBYTE?PCF8591
            CODE    1918H     0030H     UNIT         ?PR?_PCF8591READADC?PCF8591
            CODE    1948H     002AH     UNIT         ?PR?DS18B20READ?DS18B20
            CODE    1972H     002AH     UNIT         ?PR?_OLEDSHOWCN?OLED7PIN
            CODE    199CH     002AH     UNIT         ?PR?_OLEDSHOWCHAR8?OLED7PIN
            CODE    19C6H     0027H     UNIT         ?PR?OLEDCLEAR?OLED7PIN
            CODE    19EDH     0026H     UNIT         ?PR?I2CRECVBYTE?PCF8591
            CODE    1A13H     0025H     UNIT         ?PR?_OLEDSETPOS?OLED7PIN
            CODE    1A38H     0023H     UNIT         ?PR?_CHARTINIT?CHART
            CODE    1A5BH     0021H     UNIT         ?PR?OWREAD?DS18B20
            CODE    1A7CH     001EH     UNIT         ?PR?_OWWRITE?DS18B20
            CODE    1A9AH     001DH     UNIT         ?PR?I2CRECVACK?PCF8591
            CODE    1AB7H     001BH     UNIT         ?PR?OWRESET?DS18B20
            CODE    1AD2H     001BH     UNIT         ?PR?_OLEDDELAYMS?OLED7PIN
            CODE    1AEDH     0019H     UNIT         ?PR?_PCF8591WRITEDAC?PCF8591
            CODE    1B06H     0019H     UNIT         ?PR?_CHARTRESET?CHART
            CODE    1B1FH     0017H     UNIT         ?PR?_ULTRADELAYUS?ULTRA
            CODE    1B36H     0017H     UNIT         ?PR?_DELAYUS?BUZZER
            CODE    1B4DH     0017H     UNIT         ?PR?_DELAYMS?BUZZER
            CODE    1B64H     0016H     UNIT         ?PR?_WAITMS?DS18B20
            CODE    1B7AH     0015H     UNIT         ?PR?_DELAY?DS18B20
            CODE    1B8FH     0015H     UNIT         ?PR?_DELAYPOLL?MAIN
            CODE    1BA4H     0014H     UNIT         ?PR?_DELAY10US?DS18B20
            CODE    1BB8H     0012H     UNIT         ?PR?BUZZERSETUPTIMER?BUZZER
            CODE    1BCAH     0011H     UNIT         ?PR?OLEDDISPLAYON?OLED7PIN
            CODE    1BDBH     0011H     UNIT         ?PR?OLEDDISPLAYOFF?OLED7PIN
            CODE    1BECH     000FH     UNIT         ?PR?DELAYSHORT?MAIN
            CODE    1BFBH     000FH     UNIT         ?PR?I2CSTART?PCF8591
            CODE    1C0AH     000FH     UNIT         ?PR?SYSINIT?SYSINIT
            CODE    1C19H     000EH     UNIT         ?PR?I2CDELAY?PCF8591
            CODE    1C27H     000EH     UNIT         ?PR?PCF8591INIT?PCF8591
            CODE    1C35H     000DH     UNIT         ?PR?DS18B20START?DS18B20
            CODE    1C42H     000DH     UNIT         ?PR?DS18B20READTEMP?DS18B20
            CODE    1C4FH     000DH     UNIT         ?PR?_I2CSENDACK?PCF8591
            CODE    1C5CH     000CH     UNIT         ?PR?I2CSTOP?PCF8591
            CODE    1C68H     000CH     UNIT         ?C_C51STARTUP
            CODE    1C74H     0009H     UNIT         ?CO?CHART
            CODE    1C7DH     0007H     UNIT         ?PR?SYSPCAINIT?SYSINIT
BL51 BANKED LINKER/LOCATER V6.22.4.0                                                  06/27/2026  17:46:19  PAGE 3


            CODE    1C84H     0007H     UNIT         ?PR?SYSTIMERINIT?SYSINIT
            CODE    1C8BH     0006H     UNIT         ?PR?ULTRAINIT?ULTRA
            CODE    1C91H     0006H     UNIT         ?PR?BUZZERINIT?BUZZER
            CODE    1C97H     0006H     UNIT         ?PR?BUZZERSTOP?BUZZER
            CODE    1C9DH     0004H     UNIT         ?PR?SYSPORTINIT?SYSINIT
            CODE    1CA1H     0004H     UNIT         ?PR?SYSOSCINIT?SYSINIT
            CODE    1CA5H     0004H     UNIT         ?PR?SYSINTINIT?SYSINIT
            CODE    1CA9H     0003H     UNIT         ?PR?DS18B20INIT?DS18B20
            CODE    1CACH     0003H     UNIT         ?PR?BUZZERON?BUZZER
            CODE    1CAFH     0003H     UNIT         ?PR?BUZZEROFF?BUZZER
            CODE    1CB2H     0003H     UNIT         ?PR?BUZZERTOGGLE?BUZZER
            CODE    1CB5H     0003H     UNIT         ?PR?BUZZERBUSY?BUZZER



OVERLAY MAP OF MODULE:   .\Objects\SFU (DS18B20)


SEGMENT                                  BIT_GROUP          DATA_GROUP 
  +--> CALLED SEGMENT                 START    LENGTH     START    LENGTH
-------------------------------------------------------------------------
?C_C51STARTUP                         -----    -----      -----    -----
  +--> ?PR?MAIN?MAIN

?PR?MAIN?MAIN                         -----    -----      0021H    0013H
  +--> ?PR?SYSINIT?SYSINIT
  +--> ?PR?OLEDINIT?OLED7PIN
  +--> ?PR?BUZZERINIT?BUZZER
  +--> ?PR?ULTRAINIT?ULTRA
  +--> ?PR?DS18B20INIT?DS18B20
  +--> ?PR?PCF8591INIT?PCF8591
  +--> ?PR?_CHARTINIT?CHART
  +--> ?PR?BOOTANIM?MAIN
  +--> ?PR?OLEDCLEAR?OLED7PIN
  +--> ?PR?KEYSCAN?MAIN
  +--> ?PR?_CHARTRESET?CHART
  +--> ?PR?ULTRAREAD?ULTRA
  +--> ?CO?MAIN
  +--> ?PR?_OLEDSHOWSTR?OLED7PIN
  +--> ?PR?_OLEDSHOWNUM?OLED7PIN
  +--> ?PR?_CHARTPUSH?CHART
  +--> ?PR?_BUZZERBEEP?BUZZER
  +--> ?PR?_DELAYPOLL?MAIN
  +--> ?PR?_PCF8591READADC?PCF8591
  +--> ?PR?_OLEDSHOWFLOAT?MAIN
  +--> ?PR?DS18B20START?DS18B20
  +--> ?PR?DS18B20READ?DS18B20

?PR?SYSINIT?SYSINIT                   -----    -----      -----    -----
  +--> ?PR?SYSPCAINIT?SYSINIT
  +--> ?PR?SYSTIMERINIT?SYSINIT
  +--> ?PR?SYSPORTINIT?SYSINIT
  +--> ?PR?SYSOSCINIT?SYSINIT
  +--> ?PR?SYSINTINIT?SYSINIT

?PR?OLEDINIT?OLED7PIN                 -----    -----      -----    -----
  +--> ?PR?_OLEDDELAYMS?OLED7PIN
BL51 BANKED LINKER/LOCATER V6.22.4.0                                                  06/27/2026  17:46:19  PAGE 4


  +--> ?PR?_OLEDWRITEBYTE?OLED7PIN
  +--> ?PR?OLEDCLEAR?OLED7PIN
  +--> ?PR?_OLEDSETPOS?OLED7PIN

?PR?_OLEDWRITEBYTE?OLED7PIN           -----    -----      -----    -----
  +--> ?CO?OLED7PIN

?PR?OLEDCLEAR?OLED7PIN                -----    -----      -----    -----
  +--> ?PR?_OLEDWRITEBYTE?OLED7PIN

?PR?_OLEDSETPOS?OLED7PIN              -----    -----      -----    -----
  +--> ?PR?_OLEDWRITEBYTE?OLED7PIN

?PR?BOOTANIM?MAIN                     -----    -----      0034H    000DH
  +--> ?CO?MAIN
  +--> ?PR?_OLEDSHOWSTR?OLED7PIN
  +--> ?PR?DELAYSHORT?MAIN

?PR?_OLEDSHOWSTR?OLED7PIN             -----    -----      0041H    0006H
  +--> ?PR?_OLEDSHOWCHAR?OLED7PIN

?PR?_OLEDSHOWCHAR?OLED7PIN            -----    -----      -----    -----
  +--> ?PR?_OLEDSETPOS?OLED7PIN
  +--> ?CO?OLED7PIN
  +--> ?PR?_OLEDWRITEBYTE?OLED7PIN

?PR?KEYSCAN?MAIN                      -----    -----      0034H    0002H
  +--> ?CO?MAIN

?PR?_CHARTRESET?CHART                 -----    -----      -----    -----
  +--> ?PR?CHARTCLEAR?CHART

?PR?CHARTCLEAR?CHART                  -----    -----      0037H    0002H
  +--> ?PR?_OLEDWRITEBYTE?OLED7PIN

?PR?ULTRAREAD?ULTRA                   0020H.0  0000H.1    -----    -----
  +--> ?PR?_ULTRADELAYUS?ULTRA

?PR?_OLEDSHOWNUM?OLED7PIN             -----    -----      0034H    000BH
  +--> ?PR?_OLEDPOW10?OLED7PIN
  +--> ?PR?_OLEDSHOWCHAR?OLED7PIN

?PR?_OLEDPOW10?OLED7PIN               -----    -----      003FH    0005H

?PR?_CHARTPUSH?CHART                  -----    -----      -----    -----
  +--> ?PR?CHARTDRAW?CHART

?PR?CHARTDRAW?CHART                   -----    -----      0034H    0003H
  +--> ?PR?CHARTCLEAR?CHART
  +--> ?PR?_CHARTCOL?CHART

?PR?_CHARTCOL?CHART                   -----    -----      0037H    0009H
  +--> ?CO?CHART
  +--> ?PR?_OLEDWRITEBYTE?OLED7PIN

?PR?_BUZZERBEEP?BUZZER                -----    -----      0034H    0008H
  +--> ?PR?BUZZERON?BUZZER
BL51 BANKED LINKER/LOCATER V6.22.4.0                                                  06/27/2026  17:46:19  PAGE 5


  +--> ?PR?_DELAYMS?BUZZER
  +--> ?PR?BUZZEROFF?BUZZER
  +--> ?PR?_DELAYUS?BUZZER

?PR?_DELAYPOLL?MAIN                   -----    -----      -----    -----
  +--> ?PR?DELAYSHORT?MAIN
  +--> ?PR?KEYSCAN?MAIN

?PR?_PCF8591READADC?PCF8591           -----    -----      -----    -----
  +--> ?PR?_I2CSENDBYTE?PCF8591
  +--> ?PR?I2CRECVACK?PCF8591
  +--> ?PR?I2CRECVBYTE?PCF8591
  +--> ?PR?_I2CSENDACK?PCF8591
  +--> ?PR?I2CSTOP?PCF8591

?PR?_I2CSENDBYTE?PCF8591              -----    -----      -----    -----
  +--> ?PR?I2CSTART?PCF8591
  +--> ?PR?I2CDELAY?PCF8591

?PR?I2CSTART?PCF8591                  -----    -----      -----    -----
  +--> ?PR?I2CDELAY?PCF8591

?PR?I2CRECVACK?PCF8591                -----    -----      -----    -----
  +--> ?PR?I2CSTOP?PCF8591
  +--> ?PR?I2CSTART?PCF8591
  +--> ?PR?_I2CSENDBYTE?PCF8591
  +--> ?PR?I2CDELAY?PCF8591

?PR?I2CSTOP?PCF8591                   -----    -----      -----    -----
  +--> ?PR?I2CDELAY?PCF8591

?PR?I2CRECVBYTE?PCF8591               -----    -----      -----    -----
  +--> ?PR?I2CDELAY?PCF8591

?PR?_I2CSENDACK?PCF8591               -----    -----      -----    -----
  +--> ?PR?I2CDELAY?PCF8591

?PR?_OLEDSHOWFLOAT?MAIN               -----    -----      0034H    0009H
  +--> ?PR?_OLEDSHOWSTR?OLED7PIN

?PR?DS18B20START?DS18B20              -----    -----      -----    -----
  +--> ?PR?OWRESET?DS18B20
  +--> ?PR?_OWWRITE?DS18B20

?PR?OWRESET?DS18B20                   -----    -----      -----    -----
  +--> ?PR?_DELAY10US?DS18B20

?PR?_DELAY10US?DS18B20                -----    -----      -----    -----
  +--> ?PR?_DELAY?DS18B20

?PR?_OWWRITE?DS18B20                  -----    -----      -----    -----
  +--> ?PR?_DELAY?DS18B20
  +--> ?PR?_DELAY10US?DS18B20

?PR?DS18B20READ?DS18B20               -----    -----      0034H    0001H
  +--> ?PR?OWRESET?DS18B20
  +--> ?PR?_OWWRITE?DS18B20
BL51 BANKED LINKER/LOCATER V6.22.4.0                                                  06/27/2026  17:46:19  PAGE 6


  +--> ?PR?OWREAD?DS18B20

?PR?OWREAD?DS18B20                    -----    -----      -----    -----
  +--> ?PR?_DELAY?DS18B20
  +--> ?PR?_DELAY10US?DS18B20



SYMBOL TABLE OF MODULE:  .\Objects\SFU (DS18B20)

  VALUE           TYPE          NAME
  ----------------------------------

  -------         MODULE        DS18B20
  C:0000H         SYMBOL        _ICE_DUMMY_
  D:0080H         PUBLIC        P0
  D:0090H         PUBLIC        P1
  C:1948H         PUBLIC        ds18b20Read
  D:00E8H         PUBLIC        ADC0CN
  D:00A8H         PUBLIC        IE
  C:1B80H         SYMBOL        _delay
  B:0080H.5       PUBLIC        DQ
  D:00D8H         PUBLIC        PCA0CN
  C:1C35H         PUBLIC        ds18b20Start
  D:00B8H         PUBLIC        IP
  C:1CA9H         PUBLIC        ds18b20Init
  C:1C42H         PUBLIC        ds18b20ReadTemp
  D:00C0H         PUBLIC        SMB0CN
  D:00F8H         PUBLIC        SPI0CN
  D:0088H         PUBLIC        TCON
  D:00C8H         PUBLIC        TMR2CN
  C:1BA4H         SYMBOL        _delay10us
  D:0098H         PUBLIC        SCON0
  C:1A5BH         SYMBOL        owRead
  C:1AB7H         SYMBOL        owReset
  C:1A7CH         SYMBOL        _owWrite
  C:1B64H         SYMBOL        _waitMs
  D:00D0H         PUBLIC        PSW
  C:1B7CH         SYMBOL        L?0031
  -------         PROC          L?0030
  -------         ENDPROC       L?0030
  C:1B7CH         SYMBOL        L?0031
  -------         PROC          _DELAY
  D:0006H         SYMBOL        n
  C:1B80H         LINE#         11
  C:1B80H         LINE#         12
  C:1B80H         LINE#         13
  C:1B8EH         LINE#         14
  -------         ENDPROC       _DELAY
  -------         PROC          _DELAY10US
  D:0005H         SYMBOL        n
  -------         DO            
  D:0003H         SYMBOL        i
  -------         ENDDO         
  C:1BA4H         LINE#         16
  C:1BA6H         LINE#         17
  C:1BA6H         LINE#         19
BL51 BANKED LINKER/LOCATER V6.22.4.0                                                  06/27/2026  17:46:19  PAGE 7


  C:1BB7H         LINE#         20
  -------         ENDPROC       _DELAY10US
  -------         PROC          OWRESET
  -------         DO            
  D:0002H         SYMBOL        presence
  -------         ENDDO         
  C:1AB7H         LINE#         23
  C:1AB7H         LINE#         24
  C:1AB7H         LINE#         26
  C:1AB9H         LINE#         27
  C:1ABEH         LINE#         28
  C:1AC0H         LINE#         29
  C:1AC5H         LINE#         30
  C:1ACAH         LINE#         31
  C:1ACFH         LINE#         32
  C:1AD1H         LINE#         33
  -------         ENDPROC       OWRESET
  -------         PROC          _OWWRITE
  D:0001H         SYMBOL        dat
  -------         DO            
  D:0002H         SYMBOL        i
  -------         ENDDO         
  C:1A7CH         LINE#         36
  C:1A7EH         LINE#         37
  C:1A7EH         LINE#         39
  C:1A80H         LINE#         40
  C:1A80H         LINE#         41
  C:1A83H         LINE#         42
  C:1A87H         LINE#         43
  C:1A8CH         LINE#         44
  C:1A8EH         LINE#         45
  C:1A92H         LINE#         46
  C:1A95H         LINE#         47
  C:1A99H         LINE#         48
  -------         ENDPROC       _OWWRITE
  -------         PROC          OWREAD
  -------         DO            
  D:0002H         SYMBOL        i
  D:0001H         SYMBOL        dat
  -------         ENDDO         
  C:1A5BH         LINE#         51
  C:1A5BH         LINE#         52
  C:1A5BH         LINE#         53
  C:1A5DH         LINE#         54
  C:1A5EH         LINE#         55
  C:1A5EH         LINE#         56
  C:1A61H         LINE#         57
  C:1A65H         LINE#         58
  C:1A67H         LINE#         59
  C:1A6AH         LINE#         60
  C:1A70H         LINE#         61
  C:1A75H         LINE#         62
  C:1A79H         LINE#         63
  C:1A7BH         LINE#         64
  -------         ENDPROC       OWREAD
  -------         PROC          DS18B20INIT
  C:1CA9H         LINE#         68
BL51 BANKED LINKER/LOCATER V6.22.4.0                                                  06/27/2026  17:46:19  PAGE 8


  C:1CA9H         LINE#         69
  C:1CA9H         LINE#         70
  C:1CABH         LINE#         71
  -------         ENDPROC       DS18B20INIT
  -------         PROC          DS18B20START
  C:1C35H         LINE#         73
  C:1C35H         LINE#         74
  C:1C35H         LINE#         75
  C:1C38H         LINE#         76
  C:1C3DH         LINE#         77
  -------         ENDPROC       DS18B20START
  -------         PROC          DS18B20READ
  -------         DO            
  D:0034H         SYMBOL        lo
  D:0007H         SYMBOL        hi
  D:0006H         SYMBOL        raw16
  -------         ENDDO         
  C:1948H         LINE#         80
  C:1948H         LINE#         81
  C:1948H         LINE#         85
  C:194BH         LINE#         86
  C:1950H         LINE#         87
  C:1955H         LINE#         89
  C:195AH         LINE#         90
  C:195DH         LINE#         92
  C:1962H         LINE#         94
  -------         ENDPROC       DS18B20READ
  -------         PROC          _WAITMS
  D:0006H         SYMBOL        ms
  -------         DO            
  D:0005H         SYMBOL        j
  -------         ENDDO         
  C:1B64H         LINE#         97
  C:1B64H         LINE#         98
  C:1B64H         LINE#         100
  C:1B6EH         LINE#         101
  C:1B79H         LINE#         102
  C:1B79H         LINE#         103
  -------         ENDPROC       _WAITMS
  -------         PROC          DS18B20READTEMP
  C:1C42H         LINE#         105
  C:1C42H         LINE#         106
  C:1C42H         LINE#         107
  C:1C45H         LINE#         108
  C:1C4CH         LINE#         109
  -------         ENDPROC       DS18B20READTEMP
  -------         ENDMOD        DS18B20

  -------         MODULE        MAIN
  C:0000H         SYMBOL        _ICE_DUMMY_
  D:0080H         PUBLIC        P0
  D:0090H         PUBLIC        P1
  D:00A0H         PUBLIC        P2
  D:00E8H         PUBLIC        ADC0CN
  D:00A4H         PUBLIC        P0MDOUT
  D:00A8H         PUBLIC        IE
  D:00A6H         PUBLIC        P2MDOUT
BL51 BANKED LINKER/LOCATER V6.22.4.0                                                  06/27/2026  17:46:19  PAGE 9


  D:00D8H         PUBLIC        PCA0CN
  D:00B8H         PUBLIC        IP
  D:00C0H         PUBLIC        SMB0CN
  C:1BECH         SYMBOL        delayShort
  C:0C5BH         PUBLIC        main
  C:1B8FH         SYMBOL        _delayPoll
  D:00F8H         PUBLIC        SPI0CN
  D:0088H         PUBLIC        TCON
  C:18D7H         SYMBOL        keyTable
  D:00C8H         PUBLIC        TMR2CN
  C:1706H         SYMBOL        bootAnim
  C:1452H         SYMBOL        _oledShowFloat
  C:1622H         SYMBOL        keyScan
  D:0098H         PUBLIC        SCON0
  D:00D0H         PUBLIC        PSW
  -------         PROC          KEYSCAN
  -------         DO            
  D:0007H         SYMBOL        s1
  D:0006H         SYMBOL        s2
  D:0007H         SYMBOL        kc
  D:0006H         SYMBOL        j
  -------         DO            
  D:0034H         SYMBOL        d
  -------         ENDDO         
  -------         ENDDO         
  C:1622H         LINE#         21
  C:1622H         LINE#         22
  C:1622H         LINE#         24
  C:1627H         LINE#         25
  C:1631H         LINE#         26
  C:1646H         LINE#         27
  C:164BH         LINE#         28
  C:1655H         LINE#         29
  C:165AH         LINE#         30
  C:165DH         LINE#         31
  C:165FH         LINE#         32
  C:166FH         LINE#         33
  C:1671H         LINE#         34
  -------         ENDPROC       KEYSCAN
  -------         PROC          DELAYSHORT
  -------         DO            
  D:0006H         SYMBOL        i
  -------         ENDDO         
  C:1BECH         LINE#         36
  -------         ENDPROC       DELAYSHORT
  -------         PROC          _DELAYPOLL
  D:0005H         SYMBOL        n
  -------         DO            
  D:0007H         SYMBOL        k
  -------         ENDDO         
  C:1B8FH         LINE#         39
  C:1B91H         LINE#         40
  C:1B91H         LINE#         42
  C:1B97H         LINE#         43
  C:1B9AH         LINE#         44
  C:1B9DH         LINE#         45
  C:1BA1H         LINE#         46
BL51 BANKED LINKER/LOCATER V6.22.4.0                                                  06/27/2026  17:46:19  PAGE 10


  C:1BA1H         LINE#         47
  C:1BA3H         LINE#         48
  -------         ENDPROC       _DELAYPOLL
  -------         PROC          _OLEDSHOWFLOAT
  D:0034H         SYMBOL        x
  D:0035H         SYMBOL        y
  D:0002H         SYMBOL        val
  -------         DO            
  D:0036H         SYMBOL        buf
  -------         ENDDO         
  C:1452H         LINE#         50
  C:1456H         LINE#         51
  C:1456H         LINE#         53
  C:146DH         LINE#         54
  C:1484H         LINE#         55
  C:1487H         LINE#         56
  C:149EH         LINE#         57
  C:14AEH         LINE#         58
  C:14B1H         LINE#         59
  -------         ENDPROC       _OLEDSHOWFLOAT
  -------         PROC          BOOTANIM
  -------         DO            
  D:0034H         SYMBOL        msg
  D:0036H         SYMBOL        i
  D:0037H         SYMBOL        buf
  D:0005H         SYMBOL        j
  -------         ENDDO         
  C:1706H         LINE#         65
  C:1706H         LINE#         66
  C:1706H         LINE#         67
  C:170CH         LINE#         70
  C:171FH         LINE#         71
  C:1726H         LINE#         72
  C:172DH         LINE#         73
  C:1739H         LINE#         74
  C:1742H         LINE#         75
  C:1746H         LINE#         76
  C:1749H         LINE#         77
  -------         ENDPROC       BOOTANIM
  -------         PROC          MAIN
  -------         DO            
  D:0021H         SYMBOL        state
  D:0022H         SYMBOL        lastKey
  D:0023H         SYMBOL        key
  D:0024H         SYMBOL        fahrMode
  D:0025H         SYMBOL        refresh
  D:0026H         SYMBOL        dist
  D:0028H         SYMBOL        volt
  D:002AH         SYMBOL        temp
  D:002CH         SYMBOL        lastDist
  D:002EH         SYMBOL        lastVolt
  D:0030H         SYMBOL        lastTemp
  -------         DO            
  D:0032H         SYMBOL        n
  D:0032H         SYMBOL        raw
  -------         ENDDO         
  -------         DO            
BL51 BANKED LINKER/LOCATER V6.22.4.0                                                  06/27/2026  17:46:19  PAGE 11


  D:0032H         SYMBOL        raw
  -------         ENDDO         
  -------         DO            
  D:0032H         SYMBOL        d
  -------         ENDDO         
  -------         ENDDO         
  C:0C5BH         LINE#         80
  C:0C5BH         LINE#         81
  C:0C5BH         LINE#         82
  C:0C5EH         LINE#         83
  C:0C65H         LINE#         84
  C:0C73H         LINE#         86
  C:0C76H         LINE#         87
  C:0C79H         LINE#         88
  C:0C7CH         LINE#         89
  C:0C7FH         LINE#         90
  C:0C82H         LINE#         91
  C:0C85H         LINE#         92
  C:0C88H         LINE#         93
  C:0C8EH         LINE#         94
  C:0C97H         LINE#         97
  C:0C9AH         LINE#         98
  C:0C9DH         LINE#         99
  C:0CA0H         LINE#         100
  C:0CA3H         LINE#         102
  C:0CA3H         LINE#         103
  C:0CA3H         LINE#         104
  C:0CA8H         LINE#         105
  C:0CB0H         LINE#         106
  C:0CB6H         LINE#         107
  C:0CB8H         LINE#         108
  C:0CC2H         LINE#         109
  C:0CC5H         LINE#         110
  C:0CCFH         LINE#         111
  C:0CD9H         LINE#         112
  C:0CE3H         LINE#         113
  C:0CE3H         LINE#         114
  C:0CEDH         LINE#         115
  C:0CF9H         LINE#         116
  C:0CFCH         LINE#         117
  C:0CFCH         LINE#         118
  C:0CFFH         LINE#         119
  C:0D05H         LINE#         120
  C:0D07H         LINE#         121
  C:0D07H         LINE#         123
  C:0D1AH         LINE#         125
  C:0D1AH         LINE#         126
  C:0D21H         LINE#         127
  C:0D36H         LINE#         128
  C:0D3AH         LINE#         129
  C:0D3DH         LINE#         130
  C:0D49H         LINE#         131
  C:0D60H         LINE#         132
  C:0D6DH         LINE#         133
  C:0D70H         LINE#         134
  C:0D70H         LINE#         135
  C:0D8AH         LINE#         136
BL51 BANKED LINKER/LOCATER V6.22.4.0                                                  06/27/2026  17:46:19  PAGE 12


  C:0D95H         LINE#         138
  C:0DA0H         LINE#         139
  C:0DC0H         LINE#         140
  C:0DC0H         LINE#         141
  C:0DC2H         LINE#         142
  C:0DC2H         LINE#         143
  C:0DC4H         LINE#         145
  C:0DC4H         LINE#         146
  C:0DC4H         LINE#         147
  C:0DCBH         LINE#         148
  C:0DE1H         LINE#         149
  C:0DF6H         LINE#         150
  C:0DFAH         LINE#         151
  C:0DFDH         LINE#         152
  C:0E0AH         LINE#         153
  C:0E20H         LINE#         154
  C:0E2DH         LINE#         155
  C:0E30H         LINE#         156
  C:0E30H         LINE#         157
  C:0E35H         LINE#         158
  C:0E3AH         LINE#         159
  C:0E3DH         LINE#         160
  C:0E3DH         LINE#         162
  C:0E3DH         LINE#         163
  C:0E40H         LINE#         164
  C:0E48H         LINE#         165
  C:0E4EH         LINE#         166
  C:0E59H         LINE#         167
  C:0E5CH         LINE#         168
  C:0E5CH         LINE#         169
  C:0E63H         LINE#         170
  C:0E6EH         LINE#         171
  C:0E79H         LINE#         172
  C:0E8EH         LINE#         173
  C:0E99H         LINE#         174
  C:0E9EH         LINE#         175
  C:0E9EH         LINE#         176
  C:0EACH         LINE#         177
  C:0EB0H         LINE#         178
  C:0ECEH         LINE#         179
  C:0EE3H         LINE#         180
  C:0EE7H         LINE#         181
  C:0EEAH         LINE#         182
  C:0F00H         LINE#         183
  C:0F0BH         LINE#         184
  C:0F0EH         LINE#         185
  C:0F0EH         LINE#         186
  C:0F13H         LINE#         187
  -------         ENDPROC       MAIN
  -------         ENDMOD        MAIN

  -------         MODULE        PCF8591
  C:0000H         SYMBOL        _ICE_DUMMY_
  D:0080H         PUBLIC        P0
  D:0090H         PUBLIC        P1
  D:00E8H         PUBLIC        ADC0CN
  D:00A4H         PUBLIC        P0MDOUT
BL51 BANKED LINKER/LOCATER V6.22.4.0                                                  06/27/2026  17:46:19  PAGE 13


  D:00A8H         PUBLIC        IE
  C:1BFBH         SYMBOL        i2cStart
  B:0090H.0       PUBLIC        PCF_SDA
  D:00D8H         PUBLIC        PCA0CN
  D:00B8H         PUBLIC        IP
  C:1C4FH         SYMBOL        _i2cSendAck
  B:0090H.1       PUBLIC        PCF_SCL
  C:18EEH         SYMBOL        _i2cSendByte
  C:1AA5H         SYMBOL        i2cRecvAck
  D:00C0H         PUBLIC        SMB0CN
  C:1C5CH         SYMBOL        i2cStop
  C:19EDH         SYMBOL        i2cRecvByte
  C:1C27H         PUBLIC        pcf8591Init
  D:00F1H         PUBLIC        P0MDIN
  C:16BDH         PUBLIC        _pcf8591ReadAll
  D:00F8H         PUBLIC        SPI0CN
  D:0088H         PUBLIC        TCON
  D:00C8H         PUBLIC        TMR2CN
  C:1918H         PUBLIC        _pcf8591ReadADC
  D:0098H         PUBLIC        SCON0
  C:1AEDH         PUBLIC        _pcf8591WriteDAC
  C:1C20H         SYMBOL        i2cDelay
  D:00D0H         PUBLIC        PSW
  C:1C1BH         SYMBOL        L?0039
  -------         PROC          L?0038
  -------         ENDPROC       L?0038
  C:1C1BH         SYMBOL        L?0039
  -------         PROC          I2CDELAY
  -------         DO            
  D:0007H         SYMBOL        i
  -------         ENDDO         
  C:1C20H         LINE#         7
  C:1C20H         LINE#         8
  C:1C20H         LINE#         10
  C:1C26H         LINE#         11
  -------         ENDPROC       I2CDELAY
  -------         PROC          I2CSTART
  C:1BFBH         LINE#         13
  C:1BFBH         LINE#         14
  C:1BFBH         LINE#         15
  C:1C02H         LINE#         16
  C:1C07H         LINE#         17
  C:1C09H         LINE#         18
  -------         ENDPROC       I2CSTART
  -------         PROC          I2CSTOP
  C:1C5CH         LINE#         20
  C:1C5CH         LINE#         21
  C:1C5CH         LINE#         22
  C:1C63H         LINE#         23
  -------         ENDPROC       I2CSTOP
  C:1A9DH         SYMBOL        L?0037
  -------         PROC          L?0036
  -------         ENDPROC       L?0036
  C:1A9DH         SYMBOL        L?0037
  -------         PROC          I2CRECVACK
  -------         DO            
  D:0006H         SYMBOL        ack
BL51 BANKED LINKER/LOCATER V6.22.4.0                                                  06/27/2026  17:46:19  PAGE 14


  -------         ENDDO         
  C:1AA5H         LINE#         26
  C:1AA5H         LINE#         27
  C:1AA5H         LINE#         29
  C:1AA7H         LINE#         30
  C:1AAAH         LINE#         31
  C:1AAFH         LINE#         32
  C:1AB4H         LINE#         33
  C:1AB6H         LINE#         34
  -------         ENDPROC       I2CRECVACK
  C:18E9H         SYMBOL        L?0041
  -------         PROC          L?0040
  -------         ENDPROC       L?0040
  C:18E9H         SYMBOL        L?0041
  -------         PROC          _I2CSENDBYTE
  D:0005H         SYMBOL        dat
  -------         DO            
  D:0004H         SYMBOL        i
  -------         ENDDO         
  C:18EEH         LINE#         36
  C:18F0H         LINE#         37
  C:18F0H         LINE#         39
  C:18F2H         LINE#         40
  C:190EH         LINE#         41
  C:190EH         LINE#         42
  C:1911H         LINE#         43
  C:1913H         LINE#         44
  C:1917H         LINE#         45
  -------         ENDPROC       _I2CSENDBYTE
  -------         PROC          I2CRECVBYTE
  -------         DO            
  D:0005H         SYMBOL        i
  D:0006H         SYMBOL        dat
  -------         ENDDO         
  C:19EDH         LINE#         47
  C:19EDH         LINE#         48
  C:19EDH         LINE#         49
  C:19EFH         LINE#         50
  C:19F1H         LINE#         51
  C:19F2H         LINE#         52
  C:19F7H         LINE#         53
  C:1A07H         LINE#         54
  C:1A0CH         LINE#         55
  C:1A10H         LINE#         56
  C:1A12H         LINE#         57
  -------         ENDPROC       I2CRECVBYTE
  -------         PROC          _I2CSENDACK
  D:0007H         SYMBOL        ack
  C:1C4FH         LINE#         59
  C:1C4FH         LINE#         60
  C:1C4FH         LINE#         61
  C:1C56H         LINE#         62
  C:1C59H         LINE#         63
  C:1C5BH         LINE#         64
  -------         ENDPROC       _I2CSENDACK
  -------         PROC          PCF8591INIT
  C:1C27H         LINE#         66
BL51 BANKED LINKER/LOCATER V6.22.4.0                                                  06/27/2026  17:46:19  PAGE 15


  C:1C27H         LINE#         67
  C:1C27H         LINE#         68
  C:1C2AH         LINE#         69
  C:1C2DH         LINE#         70
  C:1C30H         LINE#         71
  C:1C32H         LINE#         72
  C:1C34H         LINE#         73
  -------         ENDPROC       PCF8591INIT
  -------         PROC          _PCF8591READADC
  D:0002H         SYMBOL        channel
  -------         DO            
  D:0006H         SYMBOL        val
  -------         ENDDO         
  C:1918H         LINE#         79
  C:1918H         LINE#         80
  C:1918H         LINE#         83
  C:1918H         LINE#         84
  C:191EH         LINE#         85
  C:192AH         LINE#         86
  C:192AH         LINE#         88
  C:192AH         LINE#         89
  C:192DH         LINE#         90
  C:1935H         LINE#         91
  C:1935H         LINE#         93
  C:1935H         LINE#         94
  C:1938H         LINE#         95
  C:1942H         LINE#         96
  C:1945H         LINE#         98
  C:1947H         LINE#         99
  -------         ENDPROC       _PCF8591READADC
  -------         PROC          _PCF8591WRITEDAC
  D:0002H         SYMBOL        value
  C:1AEDH         LINE#         104
  C:1AEDH         LINE#         105
  C:1AEDH         LINE#         106
  C:1AEDH         LINE#         107
  C:1AF3H         LINE#         108
  C:1AFBH         LINE#         109
  C:1B03H         LINE#         110
  -------         ENDPROC       _PCF8591WRITEDAC
  -------         PROC          _PCF8591READALL
  D:001CH         SYMBOL        buf
  -------         DO            
  D:0004H         SYMBOL        i
  -------         ENDDO         
  C:16BDH         LINE#         116
  C:16C3H         LINE#         117
  C:16C3H         LINE#         120
  C:16C3H         LINE#         121
  C:16C9H         LINE#         122
  C:16D1H         LINE#         124
  C:16D1H         LINE#         125
  C:16D4H         LINE#         126
  C:16DCH         LINE#         128
  C:16DEH         LINE#         129
  C:16F0H         LINE#         130
  C:16FAH         LINE#         131
BL51 BANKED LINKER/LOCATER V6.22.4.0                                                  06/27/2026  17:46:19  PAGE 16


  C:16FFH         LINE#         132
  C:1703H         LINE#         133
  -------         ENDPROC       _PCF8591READALL
  -------         ENDMOD        PCF8591

  -------         MODULE        ULTRA
  C:0000H         SYMBOL        _ICE_DUMMY_
  D:0080H         PUBLIC        P0
  D:0090H         PUBLIC        P1
  B:00A8H.7       PUBLIC        EA
  D:00E8H         PUBLIC        ADC0CN
  D:00A4H         PUBLIC        P0MDOUT
  D:00A8H         PUBLIC        IE
  D:00D8H         PUBLIC        PCA0CN
  D:00B8H         PUBLIC        IP
  B:0080H.7       PUBLIC        ECHO
  D:00C0H         PUBLIC        SMB0CN
  C:1843H         PUBLIC        ultraRead
  D:00F8H         PUBLIC        SPI0CN
  D:0088H         PUBLIC        TCON
  B:0080H.6       PUBLIC        TRIG
  D:00C8H         PUBLIC        TMR2CN
  C:1C8BH         PUBLIC        ultraInit
  D:008CH         PUBLIC        TH0
  D:008AH         PUBLIC        TL0
  B:0088H.4       PUBLIC        TR0
  D:0098H         PUBLIC        SCON0
  C:1B1FH         SYMBOL        _ultraDelayUs
  D:00D0H         PUBLIC        PSW
  -------         PROC          _ULTRADELAYUS
  D:0006H         SYMBOL        us
  -------         DO            
  D:0005H         SYMBOL        i
  -------         ENDDO         
  C:1B1FH         LINE#         15
  C:1B1FH         LINE#         16
  C:1B1FH         LINE#         18
  C:1B29H         LINE#         19
  C:1B31H         LINE#         20
  C:1B32H         LINE#         21
  C:1B35H         LINE#         22
  C:1B35H         LINE#         23
  -------         ENDPROC       _ULTRADELAYUS
  -------         PROC          ULTRAINIT
  C:1C8BH         LINE#         25
  C:1C8BH         LINE#         26
  C:1C8BH         LINE#         27
  C:1C8EH         LINE#         28
  C:1C90H         LINE#         29
  -------         ENDPROC       ULTRAINIT
  -------         PROC          ULTRAREAD
  -------         DO            
  D:0006H         SYMBOL        ticks
  B:0020H.0       SYMBOL        savedEA
  -------         ENDDO         
  C:1843H         LINE#         31
  C:1843H         LINE#         32
BL51 BANKED LINKER/LOCATER V6.22.4.0                                                  06/27/2026  17:46:19  PAGE 17


  C:1843H         LINE#         36
  C:1846H         LINE#         37
  C:1848H         LINE#         38
  C:184AH         LINE#         40
  C:184CH         LINE#         41
  C:1852H         LINE#         42
  C:1854H         LINE#         44
  C:1858H         LINE#         45
  C:185AH         LINE#         47
  C:185DH         LINE#         48
  C:185FH         LINE#         49
  C:1862H         LINE#         50
  C:1864H         LINE#         52
  C:1868H         LINE#         54
  C:1870H         LINE#         55
  -------         ENDPROC       ULTRAREAD
  -------         ENDMOD        ULTRA

  -------         MODULE        OLED7PIN
  C:0000H         SYMBOL        _ICE_DUMMY_
  C:022BH         PUBLIC        f8x16
  B:0080H.2       PUBLIC        OLED_RST
  D:0080H         PUBLIC        P0
  C:199CH         PUBLIC        _oledShowChar8
  C:1792H         PUBLIC        _oledShowStr
  C:1A18H         SYMBOL        _oledSetPos
  D:00E8H         PUBLIC        ADC0CN
  B:0080H.3       PUBLIC        OLED_DC
  D:00A8H         PUBLIC        IE
  C:19C6H         PUBLIC        oledClear
  D:00D8H         PUBLIC        PCA0CN
  C:1672H         PUBLIC        _oledDrawBMP
  D:00B8H         PUBLIC        IP
  B:0080H.4       PUBLIC        OLED_CS
  C:1BDBH         PUBLIC        oledDisplayOff
  D:00C0H         PUBLIC        SMB0CN
  C:081BH         PUBLIC        Hzk
  D:00F8H         PUBLIC        SPI0CN
  D:0088H         PUBLIC        TCON
  D:00C8H         PUBLIC        TMR2CN
  C:1288H         PUBLIC        oledInit
  C:187BH         SYMBOL        _oledPow10
  C:1BCAH         PUBLIC        oledDisplayOn
  C:151DH         PUBLIC        _oledShowChar
  C:176AH         PUBLIC        _oledWriteByte
  C:0003H         PUBLIC        f6x8
  C:1AD2H         PUBLIC        _oledDelayMs
  B:0080H.1       PUBLIC        OLED_SDA
  D:0098H         PUBLIC        SCON0
  B:0080H.0       PUBLIC        OLED_SCL
  D:00D0H         PUBLIC        PSW
  C:13DAH         PUBLIC        _oledShowNum
  C:1972H         PUBLIC        _oledShowCn
  -------         PROC          _OLEDDELAYMS
  D:0006H         SYMBOL        ms
  -------         DO            
  D:0004H         SYMBOL        a
BL51 BANKED LINKER/LOCATER V6.22.4.0                                                  06/27/2026  17:46:19  PAGE 18


  -------         ENDDO         
  C:1AD2H         LINE#         10
  C:1AD2H         LINE#         11
  C:1AD2H         LINE#         13
  C:1ADCH         LINE#         14
  C:1AE0H         LINE#         15
  C:1AECH         LINE#         16
  C:1AECH         LINE#         17
  -------         ENDPROC       _OLEDDELAYMS
  C:1759H         SYMBOL        L?0073
  C:1763H         SYMBOL        L?0074
  -------         PROC          L?0072
  -------         ENDPROC       L?0072
  C:1759H         SYMBOL        L?0073
  C:1763H         SYMBOL        L?0074
  -------         PROC          _OLEDWRITEBYTE
  D:0007H         SYMBOL        dat
  D:0005H         SYMBOL        cmd
  -------         DO            
  D:0006H         SYMBOL        i
  -------         ENDDO         
  C:176AH         LINE#         23
  C:176AH         LINE#         24
  C:176AH         LINE#         27
  C:176DH         LINE#         28
  C:1771H         LINE#         30
  C:1773H         LINE#         32
  C:1775H         LINE#         33
  C:1777H         LINE#         34
  C:1779H         LINE#         35
  C:177DH         LINE#         36
  C:1781H         LINE#         38
  C:1783H         LINE#         39
  C:1785H         LINE#         40
  C:1789H         LINE#         41
  C:178DH         LINE#         42
  C:178FH         LINE#         43
  C:1791H         LINE#         44
  -------         ENDPROC       _OLEDWRITEBYTE
  C:1A13H         SYMBOL        L?0076
  -------         PROC          L?0075
  -------         ENDPROC       L?0075
  C:1A13H         SYMBOL        L?0076
  -------         PROC          _OLEDSETPOS
  D:0004H         SYMBOL        x
  D:0005H         SYMBOL        y
  C:1A18H         LINE#         47
  C:1A1AH         LINE#         48
  C:1A1AH         LINE#         49
  C:1A23H         LINE#         50
  C:1A2FH         LINE#         51
  -------         ENDPROC       _OLEDSETPOS
  -------         PROC          OLEDDISPLAYON
  C:1BCAH         LINE#         56
  C:1BCAH         LINE#         57
  C:1BCAH         LINE#         58
  C:1BD1H         LINE#         59
BL51 BANKED LINKER/LOCATER V6.22.4.0                                                  06/27/2026  17:46:19  PAGE 19


  C:1BD6H         LINE#         60
  -------         ENDPROC       OLEDDISPLAYON
  -------         PROC          OLEDDISPLAYOFF
  C:1BDBH         LINE#         63
  C:1BDBH         LINE#         64
  C:1BDBH         LINE#         65
  C:1BE2H         LINE#         66
  C:1BE7H         LINE#         67
  -------         ENDPROC       OLEDDISPLAYOFF
  -------         PROC          OLEDCLEAR
  -------         DO            
  D:0004H         SYMBOL        i
  D:0003H         SYMBOL        n
  -------         ENDDO         
  C:19C6H         LINE#         70
  C:19C6H         LINE#         71
  C:19C6H         LINE#         73
  C:19C8H         LINE#         74
  C:19D1H         LINE#         75
  C:19D6H         LINE#         76
  C:19DBH         LINE#         77
  C:19DDH         LINE#         78
  C:19E8H         LINE#         79
  C:19ECH         LINE#         80
  -------         ENDPROC       OLEDCLEAR
  -------         PROC          OLEDINIT
  C:1288H         LINE#         82
  C:1288H         LINE#         83
  C:1288H         LINE#         84
  C:128AH         LINE#         85
  C:1291H         LINE#         86
  C:1293H         LINE#         87
  C:129AH         LINE#         88
  C:129CH         LINE#         90
  C:12A3H         LINE#         91
  C:12A8H         LINE#         92
  C:12ADH         LINE#         93
  C:12B2H         LINE#         94
  C:12B7H         LINE#         95
  C:12BCH         LINE#         96
  C:12C1H         LINE#         97
  C:12C6H         LINE#         98
  C:12CBH         LINE#         99
  C:12D0H         LINE#         100
  C:12D5H         LINE#         101
  C:12DAH         LINE#         102
  C:12DFH         LINE#         103
  C:12E4H         LINE#         104
  C:12E9H         LINE#         105
  C:12EEH         LINE#         106
  C:12F3H         LINE#         107
  C:12F8H         LINE#         108
  C:12FDH         LINE#         109
  C:1302H         LINE#         110
  C:1307H         LINE#         111
  C:130CH         LINE#         112
  C:1311H         LINE#         113
BL51 BANKED LINKER/LOCATER V6.22.4.0                                                  06/27/2026  17:46:19  PAGE 20


  C:1316H         LINE#         114
  C:131BH         LINE#         115
  C:1320H         LINE#         116
  C:1325H         LINE#         117
  C:132AH         LINE#         119
  C:132DH         LINE#         120
  -------         ENDPROC       OLEDINIT
  -------         PROC          _OLEDSHOWCHAR
  D:0002H         SYMBOL        x
  D:0001H         SYMBOL        y
  D:0003H         SYMBOL        chr
  -------         DO            
  D:0003H         SYMBOL        c
  D:0004H         SYMBOL        i
  -------         ENDDO         
  C:151DH         LINE#         123
  C:1521H         LINE#         124
  C:1521H         LINE#         127
  C:1525H         LINE#         128
  C:152FH         LINE#         130
  C:1536H         LINE#         131
  C:1538H         LINE#         132
  C:1556H         LINE#         133
  C:1559H         LINE#         134
  C:155BH         LINE#         135
  C:1579H         LINE#         136
  -------         ENDPROC       _OLEDSHOWCHAR
  -------         PROC          _OLEDSHOWSTR
  D:0041H         SYMBOL        x
  D:0042H         SYMBOL        y
  D:0043H         SYMBOL        str
  -------         DO            
  D:0046H         SYMBOL        j
  -------         ENDDO         
  C:1792H         LINE#         138
  C:179CH         LINE#         139
  C:179CH         LINE#         140
  C:179FH         LINE#         141
  C:17B1H         LINE#         142
  C:17B8H         LINE#         143
  C:17BEH         LINE#         144
  C:17CAH         LINE#         145
  C:17CCH         LINE#         146
  C:17CEH         LINE#         147
  -------         ENDPROC       _OLEDSHOWSTR
  -------         PROC          _OLEDSHOWCN
  D:0002H         SYMBOL        x
  D:0001H         SYMBOL        y
  D:0003H         SYMBOL        no
  -------         DO            
  D:0004H         SYMBOL        t
  -------         ENDDO         
  C:1972H         LINE#         149
  C:1976H         LINE#         150
  C:1976H         LINE#         153
  C:1979H         LINE#         154
  C:197BH         LINE#         155
BL51 BANKED LINKER/LOCATER V6.22.4.0                                                  06/27/2026  17:46:19  PAGE 21


  C:1982H         LINE#         157
  C:1985H         LINE#         158
  C:1987H         LINE#         159
  C:199BH         LINE#         160
  -------         ENDPROC       _OLEDSHOWCN
  -------         PROC          _OLEDSHOWCHAR8
  D:0002H         SYMBOL        x
  D:0001H         SYMBOL        y
  D:0003H         SYMBOL        no
  -------         DO            
  D:0004H         SYMBOL        t
  -------         ENDDO         
  C:199CH         LINE#         163
  C:19A0H         LINE#         164
  C:19A0H         LINE#         167
  C:19A3H         LINE#         168
  C:19A5H         LINE#         169
  C:19ACH         LINE#         171
  C:19AFH         LINE#         172
  C:19B1H         LINE#         173
  C:19C5H         LINE#         174
  -------         ENDPROC       _OLEDSHOWCHAR8
  -------         PROC          _OLEDPOW10
  D:003FH         SYMBOL        n
  -------         DO            
  D:0040H         SYMBOL        r
  -------         ENDDO         
  C:187BH         LINE#         176
  C:187DH         LINE#         177
  C:187DH         LINE#         178
  C:1887H         LINE#         179
  C:18A9H         LINE#         180
  C:18B1H         LINE#         181
  -------         ENDPROC       _OLEDPOW10
  -------         PROC          _OLEDSHOWNUM
  D:0034H         SYMBOL        x
  D:0035H         SYMBOL        y
  D:0036H         SYMBOL        num
  D:003AH         SYMBOL        len
  D:003BH         SYMBOL        size
  -------         DO            
  D:003CH         SYMBOL        t
  D:003DH         SYMBOL        temp
  D:003EH         SYMBOL        enshow
  -------         ENDDO         
  C:13DAH         LINE#         183
  C:13DEH         LINE#         184
  C:13DEH         LINE#         185
  C:13E1H         LINE#         187
  C:13EAH         LINE#         188
  C:1414H         LINE#         189
  C:1422H         LINE#         190
  C:1426H         LINE#         191
  C:1433H         LINE#         192
  C:1435H         LINE#         193
  C:1435H         LINE#         194
  C:1438H         LINE#         195
BL51 BANKED LINKER/LOCATER V6.22.4.0                                                  06/27/2026  17:46:19  PAGE 22


  C:1438H         LINE#         196
  C:1438H         LINE#         197
  C:144DH         LINE#         198
  C:1451H         LINE#         199
  -------         ENDPROC       _OLEDSHOWNUM
  -------         PROC          _OLEDDRAWBMP
  D:0001H         SYMBOL        x0
  D:0002H         SYMBOL        y0
  D:0016H         SYMBOL        x1
  D:0017H         SYMBOL        y1
  D:0018H         SYMBOL        bmp
  -------         DO            
  D:001AH         SYMBOL        j
  D:0004H         SYMBOL        x
  D:0003H         SYMBOL        y
  -------         ENDDO         
  C:1672H         LINE#         204
  C:1678H         LINE#         205
  C:1678H         LINE#         206
  C:167DH         LINE#         209
  C:1692H         LINE#         210
  C:1699H         LINE#         211
  C:16A1H         LINE#         212
  C:16B9H         LINE#         213
  C:16BCH         LINE#         214
  -------         ENDPROC       _OLEDDRAWBMP
  -------         ENDMOD        OLED7PIN

  -------         MODULE        BUZZER
  C:0000H         SYMBOL        _ICE_DUMMY_
  D:0090H         PUBLIC        P1
  D:0008H         SYMBOL        nbTickCnt
  C:157AH         PUBLIC        _buzzerBeepPattern
  D:00E8H         PUBLIC        ADC0CN
  C:1CB2H         PUBLIC        buzzerToggle
  D:00A5H         PUBLIC        P1MDOUT
  D:00CBH         PUBLIC        TMR2RLH
  D:00A8H         PUBLIC        IE
  D:000AH         SYMBOL        nbToneCnt
  D:000BH         SYMBOL        nbOnTicks
  D:00CAH         PUBLIC        TMR2RLL
  D:00D8H         PUBLIC        PCA0CN
  D:00B8H         PUBLIC        IP
  C:11D8H         PUBLIC        _buzzerBeep
  D:00C0H         PUBLIC        SMB0CN
  B:0090H.7       PUBLIC        BUZZER_PIN
  D:00F8H         PUBLIC        SPI0CN
  D:000DH         SYMBOL        nbActive
  C:15CEH         PUBLIC        buzzerTick
  D:0088H         PUBLIC        TCON
  D:000EH         SYMBOL        nbCycles
  D:000FH         SYMBOL        nbPeriod
  C:1333H         PUBLIC        _buzzerStart
  D:00C8H         PUBLIC        TMR2CN
  C:1C91H         PUBLIC        buzzerInit
  C:1BB8H         PUBLIC        buzzerSetupTimer
  C:1CAFH         PUBLIC        buzzerOff
BL51 BANKED LINKER/LOCATER V6.22.4.0                                                  06/27/2026  17:46:19  PAGE 23


  D:0011H         SYMBOL        nbPhase
  B:00A8H.5       PUBLIC        ET2
  C:1CB5H         PUBLIC        buzzerBusy
  C:1C97H         PUBLIC        buzzerStop
  C:1B4DH         SYMBOL        _delayMs
  C:1B36H         SYMBOL        _delayUs
  C:1CACH         PUBLIC        buzzerOn
  D:0098H         PUBLIC        SCON0
  D:00CDH         PUBLIC        TMR2H
  D:0012H         SYMBOL        nbOffTicks
  D:00CCH         PUBLIC        TMR2L
  D:00D0H         PUBLIC        PSW
  -------         PROC          BUZZERINIT
  C:1C91H         LINE#         19
  C:1C91H         LINE#         20
  C:1C91H         LINE#         21
  C:1C94H         LINE#         22
  C:1C96H         LINE#         23
  -------         ENDPROC       BUZZERINIT
  -------         PROC          BUZZERON
  C:1CACH         LINE#         25
  -------         ENDPROC       BUZZERON
  -------         PROC          BUZZEROFF
  C:1CAFH         LINE#         26
  -------         ENDPROC       BUZZEROFF
  -------         PROC          BUZZERTOGGLE
  C:1CB2H         LINE#         27
  -------         ENDPROC       BUZZERTOGGLE
  -------         PROC          _DELAYUS
  D:0006H         SYMBOL        us
  -------         DO            
  D:0005H         SYMBOL        i
  -------         ENDDO         
  C:1B36H         LINE#         29
  C:1B36H         LINE#         30
  C:1B36H         LINE#         32
  C:1B40H         LINE#         33
  C:1B4CH         LINE#         34
  C:1B4CH         LINE#         35
  -------         ENDPROC       _DELAYUS
  -------         PROC          _DELAYMS
  D:0006H         SYMBOL        ms
  -------         DO            
  D:0005H         SYMBOL        j
  -------         ENDDO         
  C:1B4DH         LINE#         37
  C:1B4DH         LINE#         38
  C:1B4DH         LINE#         40
  C:1B57H         LINE#         41
  C:1B63H         LINE#         42
  C:1B63H         LINE#         43
  -------         ENDPROC       _DELAYMS
  -------         PROC          _BUZZERBEEP
  D:0006H         SYMBOL        freqHz
  D:0034H         SYMBOL        durMs
  -------         DO            
  D:0036H         SYMBOL        halfUs
BL51 BANKED LINKER/LOCATER V6.22.4.0                                                  06/27/2026  17:46:19  PAGE 24


  D:0038H         SYMBOL        elapsed
  D:003AH         SYMBOL        perMs
  D:0082H         SYMBOL        cyc
  -------         ENDDO         
  C:11D8H         LINE#         45
  C:11DCH         LINE#         46
  C:11DCH         LINE#         49
  C:11E0H         LINE#         50
  C:11EDH         LINE#         52
  C:11EDH         LINE#         54
  C:1202H         LINE#         55
  C:1213H         LINE#         56
  C:1224H         LINE#         58
  C:1234H         LINE#         59
  C:124FH         LINE#         60
  C:125AH         LINE#         61
  C:1268H         LINE#         62
  C:1271H         LINE#         63
  C:127AH         LINE#         64
  C:127DH         LINE#         65
  C:1287H         LINE#         66
  -------         ENDPROC       _BUZZERBEEP
  -------         PROC          _BUZZERBEEPPATTERN
  D:0047H         SYMBOL        freqHz
  D:0049H         SYMBOL        onMs
  D:004BH         SYMBOL        offMs
  D:004DH         SYMBOL        cycles
  -------         DO            
  D:004EH         SYMBOL        i
  -------         ENDDO         
  C:157AH         LINE#         68
  C:1586H         LINE#         69
  C:1586H         LINE#         71
  C:158CH         LINE#         72
  C:1595H         LINE#         73
  C:159FH         LINE#         74
  C:15A9H         LINE#         75
  C:15ADH         LINE#         77
  C:15ADH         LINE#         78
  C:15B7H         LINE#         79
  C:15C2H         LINE#         80
  C:15C9H         LINE#         81
  C:15CDH         LINE#         82
  -------         ENDPROC       _BUZZERBEEPPATTERN
  -------         PROC          BUZZERSETUPTIMER
  C:1BB8H         LINE#         86
  C:1BB8H         LINE#         87
  C:1BB8H         LINE#         88
  C:1BBBH         LINE#         89
  C:1BBEH         LINE#         90
  C:1BC1H         LINE#         91
  C:1BC4H         LINE#         92
  C:1BC7H         LINE#         93
  C:1BC9H         LINE#         94
  -------         ENDPROC       BUZZERSETUPTIMER
  -------         PROC          _BUZZERSTART
  D:0006H         SYMBOL        freqHz
BL51 BANKED LINKER/LOCATER V6.22.4.0                                                  06/27/2026  17:46:19  PAGE 25


  D:0051H         SYMBOL        onMs
  D:0053H         SYMBOL        offMs
  D:0055H         SYMBOL        cycles
  -------         DO            
  D:0006H         SYMBOL        halfUs
  -------         ENDDO         
  C:1333H         LINE#         96
  C:133BH         LINE#         97
  C:133BH         LINE#         99
  C:1343H         LINE#         100
  C:1354H         LINE#         101
  C:1366H         LINE#         102
  C:1377H         LINE#         104
  C:138FH         LINE#         105
  C:13A7H         LINE#         106
  C:13B8H         LINE#         107
  C:13C9H         LINE#         109
  C:13CCH         LINE#         110
  C:13D1H         LINE#         111
  C:13D3H         LINE#         112
  C:13D6H         LINE#         113
  C:13D9H         LINE#         114
  -------         ENDPROC       _BUZZERSTART
  -------         PROC          BUZZERSTOP
  C:1C97H         LINE#         116
  C:1C97H         LINE#         117
  C:1C97H         LINE#         118
  C:1C9AH         LINE#         119
  C:1C9CH         LINE#         120
  -------         ENDPROC       BUZZERSTOP
  -------         PROC          BUZZERBUSY
  C:1CB5H         LINE#         122
  C:1CB5H         LINE#         123
  C:1CB5H         LINE#         124
  C:1CB7H         LINE#         125
  -------         ENDPROC       BUZZERBUSY
  -------         PROC          BUZZERTICK
  C:15CEH         LINE#         127
  C:15CEH         LINE#         128
  C:15CEH         LINE#         129
  C:15D2H         LINE#         131
  C:15DAH         LINE#         133
  C:15DEH         LINE#         135
  C:15E0H         LINE#         136
  C:15EAH         LINE#         137
  C:15EDH         LINE#         138
  C:15F0H         LINE#         139
  C:15F0H         LINE#         140
  C:15FBH         LINE#         141
  C:1600H         LINE#         142
  C:1602H         LINE#         143
  C:1604H         LINE#         144
  C:1604H         LINE#         145
  C:1605H         LINE#         147
  C:1610H         LINE#         148
  C:1615H         LINE#         149
  C:1618H         LINE#         150
BL51 BANKED LINKER/LOCATER V6.22.4.0                                                  06/27/2026  17:46:19  PAGE 26


  C:161AH         LINE#         151
  C:161DH         LINE#         152
  C:161DH         LINE#         153
  C:161FH         LINE#         154
  C:1621H         LINE#         155
  C:1621H         LINE#         156
  C:1621H         LINE#         157
  C:1621H         LINE#         158
  -------         ENDPROC       BUZZERTICK
  -------         ENDMOD        BUZZER

  -------         MODULE        CHART
  C:0000H         SYMBOL        _ICE_DUMMY_
  C:17CFH         PUBLIC        chartClear
  D:0080H         PUBLIC        P0
  D:00E8H         PUBLIC        ADC0CN
  D:00A8H         PUBLIC        IE
  D:0056H         SYMBOL        pages
  D:00D8H         PUBLIC        PCA0CN
  D:00B8H         PUBLIC        IP
  C:1B06H         PUBLIC        _chartReset
  D:0057H         SYMBOL        yMax
  D:00C0H         PUBLIC        SMB0CN
  C:14BDH         SYMBOL        chartDraw
  D:0058H         SYMBOL        y0
  C:1A38H         PUBLIC        _chartInit
  D:00F8H         PUBLIC        SPI0CN
  D:0059H         SYMBOL        pxH
  C:1116H         SYMBOL        _chartCol
  D:0088H         PUBLIC        TCON
  C:180AH         PUBLIC        _chartPush
  D:00C8H         PUBLIC        TMR2CN
  X:0000H         SYMBOL        buf
  C:1C74H         SYMBOL        barMask
  D:005AH         SYMBOL        idx
  D:0098H         PUBLIC        SCON0
  D:00D0H         PUBLIC        PSW
  -------         PROC          _CHARTINIT
  D:0007H         SYMBOL        startPage
  D:0005H         SYMBOL        numPages
  D:0003H         SYMBOL        initMax
  -------         DO            
  D:0007H         SYMBOL        i
  -------         ENDDO         
  C:1A38H         LINE#         18
  C:1A38H         LINE#         19
  C:1A38H         LINE#         21
  C:1A3AH         LINE#         22
  C:1A3CH         LINE#         23
  C:1A43H         LINE#         24
  C:1A4DH         LINE#         25
  C:1A50H         LINE#         26
  C:1A5AH         LINE#         27
  -------         ENDPROC       _CHARTINIT
  -------         PROC          CHARTCLEAR
  -------         DO            
  D:0037H         SYMBOL        y
BL51 BANKED LINKER/LOCATER V6.22.4.0                                                  06/27/2026  17:46:19  PAGE 27


  D:0038H         SYMBOL        x
  -------         ENDDO         
  C:17CFH         LINE#         30
  C:17CFH         LINE#         31
  C:17CFH         LINE#         33
  C:17D9H         LINE#         34
  C:17E5H         LINE#         35
  C:17EBH         LINE#         36
  C:17F2H         LINE#         37
  C:17F5H         LINE#         38
  C:1805H         LINE#         39
  C:1809H         LINE#         40
  -------         ENDPROC       CHARTCLEAR
  -------         PROC          _CHARTCOL
  D:0037H         SYMBOL        x
  D:0005H         SYMBOL        valPx
  -------         DO            
  D:0038H         SYMBOL        p
  D:0039H         SYMBOL        barTop
  -------         DO            
  D:003BH         SYMBOL        pageTop
  D:003DH         SYMBOL        pageBot
  D:003FH         SYMBOL        mask
  -------         ENDDO         
  -------         ENDDO         
  C:1116H         LINE#         43
  C:1118H         LINE#         44
  C:1118H         LINE#         48
  C:1133H         LINE#         50
  C:1140H         LINE#         51
  C:1156H         LINE#         52
  C:115FH         LINE#         55
  C:1175H         LINE#         56
  C:118BH         LINE#         57
  C:11A4H         LINE#         59
  C:11B0H         LINE#         60
  C:11BFH         LINE#         61
  C:11CBH         LINE#         62
  C:11D2H         LINE#         63
  C:11D7H         LINE#         64
  -------         ENDPROC       _CHARTCOL
  -------         PROC          CHARTDRAW
  -------         DO            
  D:0034H         SYMBOL        i
  -------         DO            
  D:0035H         SYMBOL        v
  D:0036H         SYMBOL        bar
  -------         ENDDO         
  -------         ENDDO         
  C:14BDH         LINE#         67
  C:14BDH         LINE#         68
  C:14BDH         LINE#         70
  C:14C0H         LINE#         71
  C:14C3H         LINE#         72
  C:14D9H         LINE#         73
  C:14F4H         LINE#         74
  C:14FEH         LINE#         75
BL51 BANKED LINKER/LOCATER V6.22.4.0                                                  06/27/2026  17:46:19  PAGE 28


  C:1508H         LINE#         76
  C:1513H         LINE#         77
  C:151CH         LINE#         78
  -------         ENDPROC       CHARTDRAW
  -------         PROC          _CHARTRESET
  D:0007H         SYMBOL        newMax
  -------         DO            
  D:0007H         SYMBOL        i
  -------         ENDDO         
  C:1B06H         LINE#         80
  C:1B06H         LINE#         81
  C:1B06H         LINE#         83
  C:1B09H         LINE#         84
  C:1B12H         LINE#         85
  C:1B1CH         LINE#         86
  -------         ENDPROC       _CHARTRESET
  -------         PROC          _CHARTPUSH
  D:0007H         SYMBOL        val
  -------         DO            
  D:0007H         SYMBOL        i
  -------         ENDDO         
  C:180AH         LINE#         89
  C:180AH         LINE#         90
  C:180AH         LINE#         92
  C:1817H         LINE#         93
  C:181EH         LINE#         95
  C:1821H         LINE#         96
  C:1822H         LINE#         97
  C:1839H         LINE#         98
  C:1840H         LINE#         100
  -------         ENDPROC       _CHARTPUSH
  -------         ENDMOD        CHART

  -------         MODULE        SYSINIT
  C:0000H         SYMBOL        _ICE_DUMMY_
  D:00E8H         PUBLIC        ADC0CN
  C:1C7DH         PUBLIC        sysPcaInit
  D:00A8H         PUBLIC        IE
  D:00D9H         PUBLIC        PCA0MD
  D:00D8H         PUBLIC        PCA0CN
  D:00B8H         PUBLIC        IP
  D:00E2H         PUBLIC        XBR1
  C:1CA1H         PUBLIC        sysOscInit
  C:1C9DH         PUBLIC        sysPortInit
  C:1CA5H         PUBLIC        sysIntInit
  D:00C0H         PUBLIC        SMB0CN
  D:00F8H         PUBLIC        SPI0CN
  D:0089H         PUBLIC        TMOD
  D:0088H         PUBLIC        TCON
  D:00C8H         PUBLIC        TMR2CN
  D:00B2H         PUBLIC        OSCICN
  D:0098H         PUBLIC        SCON0
  C:1C0AH         PUBLIC        sysInit
  D:00D0H         PUBLIC        PSW
  C:1C84H         PUBLIC        sysTimerInit
  -------         PROC          SYSPCAINIT
  C:1C7DH         LINE#         3
BL51 BANKED LINKER/LOCATER V6.22.4.0                                                  06/27/2026  17:46:19  PAGE 29


  C:1C7DH         LINE#         4
  C:1C7DH         LINE#         5
  C:1C80H         LINE#         6
  C:1C83H         LINE#         7
  -------         ENDPROC       SYSPCAINIT
  -------         PROC          SYSTIMERINIT
  C:1C84H         LINE#         9
  C:1C84H         LINE#         10
  C:1C84H         LINE#         11
  C:1C87H         LINE#         12
  C:1C8AH         LINE#         13
  -------         ENDPROC       SYSTIMERINIT
  -------         PROC          SYSPORTINIT
  C:1C9DH         LINE#         15
  C:1C9DH         LINE#         16
  C:1C9DH         LINE#         17
  C:1CA0H         LINE#         18
  -------         ENDPROC       SYSPORTINIT
  -------         PROC          SYSOSCINIT
  C:1CA1H         LINE#         20
  C:1CA1H         LINE#         21
  C:1CA1H         LINE#         22
  C:1CA4H         LINE#         23
  -------         ENDPROC       SYSOSCINIT
  -------         PROC          SYSINTINIT
  C:1CA5H         LINE#         25
  C:1CA5H         LINE#         26
  C:1CA5H         LINE#         27
  C:1CA8H         LINE#         28
  -------         ENDPROC       SYSINTINIT
  -------         PROC          SYSINIT
  C:1C0AH         LINE#         30
  C:1C0AH         LINE#         31
  C:1C0AH         LINE#         32
  C:1C0DH         LINE#         33
  C:1C10H         LINE#         34
  C:1C13H         LINE#         35
  C:1C16H         LINE#         36
  -------         ENDPROC       SYSINIT
  -------         ENDMOD        SYSINIT

  -------         MODULE        ?C?CLDOPTR
  C:0F16H         PUBLIC        ?C?CLDOPTR
  -------         ENDMOD        ?C?CLDOPTR

  -------         MODULE        ?C?CSTOPTR
  C:0F43H         PUBLIC        ?C?CSTOPTR
  -------         ENDMOD        ?C?CSTOPTR

  -------         MODULE        ?C?IMUL
  C:0F65H         PUBLIC        ?C?IMUL
  -------         ENDMOD        ?C?IMUL

  -------         MODULE        ?C?UIDIV
  C:0F77H         PUBLIC        ?C?UIDIV
  -------         ENDMOD        ?C?UIDIV

BL51 BANKED LINKER/LOCATER V6.22.4.0                                                  06/27/2026  17:46:19  PAGE 30


  -------         MODULE        ?C?LMUL
  C:0FCCH         PUBLIC        ?C?LMUL
  -------         ENDMOD        ?C?LMUL

  -------         MODULE        ?C?ULDIV
  C:1057H         PUBLIC        ?C?ULDIV
  -------         ENDMOD        ?C?ULDIV

  -------         MODULE        ?C?LIMUL
  C:10E9H         PUBLIC        ?C?LIMUL
  -------         ENDMOD        ?C?LIMUL

*** WARNING L16: UNCALLED SEGMENT, IGNORED FOR OVERLAY PROCESS
    SEGMENT: ?PR?DS18B20READTEMP?DS18B20

*** WARNING L16: UNCALLED SEGMENT, IGNORED FOR OVERLAY PROCESS
    SEGMENT: ?PR?_PCF8591WRITEDAC?PCF8591

*** WARNING L16: UNCALLED SEGMENT, IGNORED FOR OVERLAY PROCESS
    SEGMENT: ?PR?_PCF8591READALL?PCF8591

*** WARNING L16: UNCALLED SEGMENT, IGNORED FOR OVERLAY PROCESS
    SEGMENT: ?PR?OLEDDISPLAYON?OLED7PIN

*** WARNING L16: UNCALLED SEGMENT, IGNORED FOR OVERLAY PROCESS
    SEGMENT: ?PR?OLEDDISPLAYOFF?OLED7PIN

*** WARNING L16: UNCALLED SEGMENT, IGNORED FOR OVERLAY PROCESS
    SEGMENT: ?PR?_OLEDSHOWCN?OLED7PIN

*** WARNING L16: UNCALLED SEGMENT, IGNORED FOR OVERLAY PROCESS
    SEGMENT: ?PR?_OLEDSHOWCHAR8?OLED7PIN

*** WARNING L16: UNCALLED SEGMENT, IGNORED FOR OVERLAY PROCESS
    SEGMENT: ?PR?_OLEDDRAWBMP?OLED7PIN

*** WARNING L16: UNCALLED SEGMENT, IGNORED FOR OVERLAY PROCESS
    SEGMENT: ?PR?_BUZZERBEEPPATTERN?BUZZER

*** WARNING L16: UNCALLED SEGMENT, IGNORED FOR OVERLAY PROCESS
    SEGMENT: ?PR?BUZZERSETUPTIMER?BUZZER

*** WARNING L16: UNCALLED SEGMENT, IGNORED FOR OVERLAY PROCESS
    SEGMENT: ?PR?_BUZZERSTART?BUZZER

*** WARNING L16: UNCALLED SEGMENT, IGNORED FOR OVERLAY PROCESS
    SEGMENT: ?PR?BUZZERSTOP?BUZZER

*** WARNING L16: UNCALLED SEGMENT, IGNORED FOR OVERLAY PROCESS
    SEGMENT: ?PR?BUZZERBUSY?BUZZER

*** WARNING L16: UNCALLED SEGMENT, IGNORED FOR OVERLAY PROCESS
    SEGMENT: ?PR?BUZZERTICK?BUZZER

Program Size: data=90.1 xdata=64 code=7352
LINK/LOCATE RUN COMPLETE.  14 WARNING(S),  0 ERROR(S)
