BL51 BANKED LINKER/LOCATER V6.22.4.0                                                    06/29/2026  16:05:58  PAGE 1


BL51 BANKED LINKER/LOCATER V6.22.4.0, INVOKED BY:
D:\KEILV5\C51\BIN\BL51.EXE .\Objects\main.obj, .\Objects\oled7pin.obj, .\Objects\buzzer.obj, .\Objects\chart.obj, .\Obje
>> cts\sysinit.obj, .\Objects\ds18b20.obj, .\Objects\pcf8591.obj, .\Objects\ultrasonic.obj TO .\Objects\SFU PRINT (.\Lis
>> tings\SFU.m51) RAMSIZE (256)


MEMORY MODEL: SMALL


INPUT MODULES INCLUDED:
  .\Objects\main.obj (MAIN)
  .\Objects\oled7pin.obj (OLED7PIN)
  .\Objects\buzzer.obj (BUZZER)
  .\Objects\chart.obj (CHART)
  .\Objects\sysinit.obj (SYSINIT)
  .\Objects\ds18b20.obj (DS18B20)
  .\Objects\pcf8591.obj (PCF8591)
  .\Objects\ultrasonic.obj (ULTRASONIC)
  D:\KEILV5\C51\LIB\C51S.LIB (?C_STARTUP)
  D:\KEILV5\C51\LIB\C51S.LIB (?C?CLDOPTR)
  D:\KEILV5\C51\LIB\C51S.LIB (?C?CSTOPTR)
  D:\KEILV5\C51\LIB\C51S.LIB (?C?IMUL)
  D:\KEILV5\C51\LIB\C51S.LIB (?C?UIDIV)
  D:\KEILV5\C51\LIB\C51S.LIB (?C?LMUL)
  D:\KEILV5\C51\LIB\C51S.LIB (?C?ULDIV)
  D:\KEILV5\C51\LIB\C51S.LIB (?C?LIMUL)


LINK MAP OF MODULE:  .\Objects\SFU (MAIN)


            TYPE    BASE      LENGTH    RELOCATION   SEGMENT NAME
            -----------------------------------------------------

            * * * * * * *   D A T A   M E M O R Y   * * * * * * *
            REG     0000H     0008H     ABSOLUTE     "REG BANK 0"
            DATA    0008H     000CH     UNIT         ?DT?BUZZER
            DATA    0014H     0008H     UNIT         ?DT?_OLEDDRAWBMP?OLED7PIN
            DATA    001CH     0003H     UNIT         ?DT?_PCF8591READALL?PCF8591
                    001FH     0001H                  *** GAP ***
            BIT     0020H.0   0000H.1   UNIT         _BIT_GROUP_
                    0020H.1   0000H.7                *** GAP ***
            DATA    0021H     0026H     UNIT         _DATA_GROUP_
            DATA    0047H     0008H     UNIT         ?DT?_BUZZERBEEPPATTERN?BUZZER
            DATA    004FH     0007H     UNIT         ?DT?_BUZZERSTART?BUZZER
            DATA    0056H     0005H     UNIT         ?DT?CHART
            IDATA   005BH     0001H     UNIT         ?STACK

            * * * * * * *  X D A T A   M E M O R Y  * * * * * * *
            XDATA   0000H     03C0H     UNIT         ?XD?CHART

            * * * * * * *   C O D E   M E M O R Y   * * * * * * *
            CODE    0000H     0003H     ABSOLUTE     
            CODE    0003H     0C58H     UNIT         ?CO?OLED7PIN
            CODE    0C5BH     029FH     UNIT         ?PR?MAIN?MAIN
            CODE    0EFAH     0200H     UNIT         ?C?LIB_CODE
            CODE    10FAH     00B0H     UNIT         ?PR?_BUZZERBEEP?BUZZER
            CODE    11AAH     00B0H     UNIT         ?PR?_FBCOL?CHART
BL51 BANKED LINKER/LOCATER V6.22.4.0                                                  06/29/2026  16:05:58  PAGE 2


            CODE    125AH     00ABH     UNIT         ?PR?OLEDINIT?OLED7PIN
            CODE    1305H     00A7H     UNIT         ?PR?_BUZZERSTART?BUZZER
            CODE    13ACH     0078H     UNIT         ?PR?_OLEDSHOWNUM?OLED7PIN
            CODE    1424H     006FH     UNIT         ?PR?FBFLUSH?CHART
            CODE    1493H     006BH     UNIT         ?PR?_OLEDSHOWFLOAT?MAIN
            CODE    14FEH     005DH     UNIT         ?PR?_OLEDSHOWCHAR?OLED7PIN
            CODE    155BH     0056H     UNIT         ?PR?CHARTDRAW?CHART
            CODE    15B1H     0054H     UNIT         ?PR?_BUZZERBEEPPATTERN?BUZZER
            CODE    1605H     0054H     UNIT         ?PR?BUZZERTICK?BUZZER
            CODE    1659H     0050H     UNIT         ?PR?KEYSCAN?MAIN
            CODE    16A9H     004BH     UNIT         ?PR?_OLEDDRAWBMP?OLED7PIN
            CODE    16F4H     0049H     UNIT         ?PR?_PCF8591READALL?PCF8591
            CODE    173DH     0046H     UNIT         ?PR?BOOTANIM?MAIN
            CODE    1783H     0046H     UNIT         ?PR?_OLEDWRITEBYTE?OLED7PIN
            CODE    17C9H     003DH     UNIT         ?PR?_OLEDSHOWSTR?OLED7PIN
            CODE    1806H     003BH     UNIT         ?CO?MAIN
            CODE    1841H     0039H     UNIT         ?PR?_CHARTPUSH?CHART
            CODE    187AH     0038H     UNIT         ?PR?ULTRAREAD?ULTRASONIC
            CODE    18B2H     0037H     UNIT         ?PR?_OLEDPOW10?OLED7PIN
            CODE    18E9H     0031H     UNIT         ?PR?_I2CSENDBYTE?PCF8591
            CODE    191AH     0030H     UNIT         ?PR?_PCF8591READADC?PCF8591
            CODE    194AH     002AH     UNIT         ?PR?_OLEDSHOWCN?OLED7PIN
            CODE    1974H     002AH     UNIT         ?PR?_OLEDSHOWCHAR8?OLED7PIN
            CODE    199EH     002AH     UNIT         ?PR?DS18B20READ?DS18B20
            CODE    19C8H     0027H     UNIT         ?PR?OLEDCLEAR?OLED7PIN
            CODE    19EFH     0026H     UNIT         ?PR?FBCLEAR?CHART
            CODE    1A15H     0026H     UNIT         ?PR?I2CRECVBYTE?PCF8591
            CODE    1A3BH     0025H     UNIT         ?PR?_OLEDSETPOS?OLED7PIN
            CODE    1A60H     0023H     UNIT         ?PR?_CHARTINIT?CHART
            CODE    1A83H     0021H     UNIT         ?PR?OWREAD?DS18B20
            CODE    1AA4H     001EH     UNIT         ?PR?_OWWRITE?DS18B20
            CODE    1AC2H     001DH     UNIT         ?PR?I2CRECVACK?PCF8591
            CODE    1ADFH     001CH     UNIT         ?PR?_CHARTRESET?CHART
            CODE    1AFBH     001BH     UNIT         ?PR?_OLEDDELAYMS?OLED7PIN
            CODE    1B16H     001BH     UNIT         ?PR?OWRESET?DS18B20
            CODE    1B31H     0019H     UNIT         ?PR?_PCF8591WRITEDAC?PCF8591
            CODE    1B4AH     0017H     UNIT         ?PR?_DELAYUS?BUZZER
            CODE    1B61H     0017H     UNIT         ?PR?_DELAYMS?BUZZER
            CODE    1B78H     0017H     UNIT         ?PR?_ULTRADELAYUS?ULTRASONIC
            CODE    1B8FH     0016H     UNIT         ?PR?_WAITMS?DS18B20
            CODE    1BA5H     0015H     UNIT         ?PR?_DELAYPOLL?MAIN
            CODE    1BBAH     0014H     UNIT         ?PR?_DELAY10US?DS18B20
            CODE    1BCEH     0012H     UNIT         ?PR?BUZZERSETUPTIMER?BUZZER
            CODE    1BE0H     0011H     UNIT         ?PR?OLEDDISPLAYON?OLED7PIN
            CODE    1BF1H     0011H     UNIT         ?PR?OLEDDISPLAYOFF?OLED7PIN
            CODE    1C02H     0011H     UNIT         ?PR?_DELAY?DS18B20
            CODE    1C13H     000FH     UNIT         ?PR?DELAYSHORT?MAIN
            CODE    1C22H     000FH     UNIT         ?PR?SYSINIT?SYSINIT
            CODE    1C31H     000FH     UNIT         ?PR?I2CSTART?PCF8591
            CODE    1C40H     000EH     UNIT         ?PR?I2CDELAY?PCF8591
            CODE    1C4EH     000EH     UNIT         ?PR?PCF8591INIT?PCF8591
            CODE    1C5CH     000DH     UNIT         ?PR?DS18B20START?DS18B20
            CODE    1C69H     000DH     UNIT         ?PR?DS18B20READTEMP?DS18B20
            CODE    1C76H     000DH     UNIT         ?PR?_I2CSENDACK?PCF8591
            CODE    1C83H     000CH     UNIT         ?PR?I2CSTOP?PCF8591
            CODE    1C8FH     000CH     UNIT         ?PR?ULTRAINIT?ULTRASONIC
            CODE    1C9BH     000CH     UNIT         ?C_C51STARTUP
BL51 BANKED LINKER/LOCATER V6.22.4.0                                                  06/29/2026  16:05:58  PAGE 3


            CODE    1CA7H     0009H     UNIT         ?CO?CHART
            CODE    1CB0H     0007H     UNIT         ?PR?SYSPCAINIT?SYSINIT
            CODE    1CB7H     0007H     UNIT         ?PR?SYSTIMERINIT?SYSINIT
            CODE    1CBEH     0006H     UNIT         ?PR?BUZZERINIT?BUZZER
            CODE    1CC4H     0006H     UNIT         ?PR?BUZZERSTOP?BUZZER
            CODE    1CCAH     0004H     UNIT         ?PR?SYSPORTINIT?SYSINIT
            CODE    1CCEH     0004H     UNIT         ?PR?SYSOSCINIT?SYSINIT
            CODE    1CD2H     0004H     UNIT         ?PR?SYSINTINIT?SYSINIT
            CODE    1CD6H     0003H     UNIT         ?PR?BUZZERON?BUZZER
            CODE    1CD9H     0003H     UNIT         ?PR?BUZZEROFF?BUZZER
            CODE    1CDCH     0003H     UNIT         ?PR?BUZZERTOGGLE?BUZZER
            CODE    1CDFH     0003H     UNIT         ?PR?BUZZERBUSY?BUZZER
            CODE    1CE2H     0003H     UNIT         ?PR?DS18B20INIT?DS18B20



OVERLAY MAP OF MODULE:   .\Objects\SFU (MAIN)


SEGMENT                                  BIT_GROUP          DATA_GROUP 
  +--> CALLED SEGMENT                 START    LENGTH     START    LENGTH
-------------------------------------------------------------------------
?C_C51STARTUP                         -----    -----      -----    -----
  +--> ?PR?MAIN?MAIN

?PR?MAIN?MAIN                         -----    -----      0021H    0013H
  +--> ?PR?SYSINIT?SYSINIT
  +--> ?PR?OLEDINIT?OLED7PIN
  +--> ?PR?BUZZERINIT?BUZZER
  +--> ?PR?ULTRAINIT?ULTRASONIC
  +--> ?PR?DS18B20INIT?DS18B20
  +--> ?PR?PCF8591INIT?PCF8591
  +--> ?PR?_CHARTINIT?CHART
  +--> ?PR?BOOTANIM?MAIN
  +--> ?PR?OLEDCLEAR?OLED7PIN
  +--> ?PR?KEYSCAN?MAIN
  +--> ?PR?_CHARTRESET?CHART
  +--> ?PR?ULTRAREAD?ULTRASONIC
  +--> ?CO?MAIN
  +--> ?PR?_OLEDSHOWSTR?OLED7PIN
  +--> ?PR?_OLEDSHOWNUM?OLED7PIN
  +--> ?PR?_CHARTPUSH?CHART
  +--> ?PR?_BUZZERBEEP?BUZZER
  +--> ?PR?_DELAYPOLL?MAIN
  +--> ?PR?_PCF8591READADC?PCF8591
  +--> ?PR?_OLEDSHOWFLOAT?MAIN
  +--> ?PR?DS18B20START?DS18B20
  +--> ?PR?DS18B20READ?DS18B20

?PR?SYSINIT?SYSINIT                   -----    -----      -----    -----
  +--> ?PR?SYSPCAINIT?SYSINIT
  +--> ?PR?SYSTIMERINIT?SYSINIT
  +--> ?PR?SYSPORTINIT?SYSINIT
  +--> ?PR?SYSOSCINIT?SYSINIT
  +--> ?PR?SYSINTINIT?SYSINIT

?PR?OLEDINIT?OLED7PIN                 -----    -----      -----    -----
BL51 BANKED LINKER/LOCATER V6.22.4.0                                                  06/29/2026  16:05:58  PAGE 4


  +--> ?PR?_OLEDDELAYMS?OLED7PIN
  +--> ?PR?_OLEDWRITEBYTE?OLED7PIN
  +--> ?PR?OLEDCLEAR?OLED7PIN
  +--> ?PR?_OLEDSETPOS?OLED7PIN

?PR?_OLEDWRITEBYTE?OLED7PIN           -----    -----      -----    -----
  +--> ?CO?OLED7PIN

?PR?OLEDCLEAR?OLED7PIN                -----    -----      -----    -----
  +--> ?PR?_OLEDWRITEBYTE?OLED7PIN

?PR?_OLEDSETPOS?OLED7PIN              -----    -----      -----    -----
  +--> ?PR?_OLEDWRITEBYTE?OLED7PIN

?PR?BOOTANIM?MAIN                     -----    -----      0034H    000DH
  +--> ?CO?MAIN
  +--> ?PR?_OLEDSHOWSTR?OLED7PIN
  +--> ?PR?DELAYSHORT?MAIN

?PR?_OLEDSHOWSTR?OLED7PIN             -----    -----      0041H    0006H
  +--> ?PR?_OLEDSHOWCHAR?OLED7PIN

?PR?_OLEDSHOWCHAR?OLED7PIN            -----    -----      -----    -----
  +--> ?PR?_OLEDSETPOS?OLED7PIN
  +--> ?CO?OLED7PIN
  +--> ?PR?_OLEDWRITEBYTE?OLED7PIN

?PR?KEYSCAN?MAIN                      -----    -----      0034H    0002H
  +--> ?CO?MAIN

?PR?_CHARTRESET?CHART                 -----    -----      -----    -----
  +--> ?PR?FBCLEAR?CHART
  +--> ?PR?FBFLUSH?CHART

?PR?FBFLUSH?CHART                     -----    -----      0036H    0004H
  +--> ?PR?_OLEDWRITEBYTE?OLED7PIN

?PR?ULTRAREAD?ULTRASONIC              0020H.0  0000H.1    -----    -----
  +--> ?PR?_ULTRADELAYUS?ULTRASONIC

?PR?_OLEDSHOWNUM?OLED7PIN             -----    -----      0034H    000BH
  +--> ?PR?_OLEDPOW10?OLED7PIN
  +--> ?PR?_OLEDSHOWCHAR?OLED7PIN

?PR?_OLEDPOW10?OLED7PIN               -----    -----      003FH    0005H

?PR?_CHARTPUSH?CHART                  -----    -----      -----    -----
  +--> ?PR?CHARTDRAW?CHART

?PR?CHARTDRAW?CHART                   -----    -----      0034H    0002H
  +--> ?PR?_FBCOL?CHART
  +--> ?PR?FBFLUSH?CHART

?PR?_FBCOL?CHART                      -----    -----      0036H    0007H
  +--> ?CO?CHART

?PR?_BUZZERBEEP?BUZZER                -----    -----      0034H    0008H
BL51 BANKED LINKER/LOCATER V6.22.4.0                                                  06/29/2026  16:05:58  PAGE 5


  +--> ?PR?BUZZERON?BUZZER
  +--> ?PR?_DELAYMS?BUZZER
  +--> ?PR?BUZZEROFF?BUZZER
  +--> ?PR?_DELAYUS?BUZZER

?PR?_DELAYPOLL?MAIN                   -----    -----      -----    -----
  +--> ?PR?DELAYSHORT?MAIN
  +--> ?PR?KEYSCAN?MAIN

?PR?_PCF8591READADC?PCF8591           -----    -----      -----    -----
  +--> ?PR?_I2CSENDBYTE?PCF8591
  +--> ?PR?I2CRECVACK?PCF8591
  +--> ?PR?I2CRECVBYTE?PCF8591
  +--> ?PR?_I2CSENDACK?PCF8591
  +--> ?PR?I2CSTOP?PCF8591

?PR?_I2CSENDBYTE?PCF8591              -----    -----      -----    -----
  +--> ?PR?I2CSTART?PCF8591
  +--> ?PR?I2CDELAY?PCF8591

?PR?I2CSTART?PCF8591                  -----    -----      -----    -----
  +--> ?PR?I2CDELAY?PCF8591

?PR?I2CRECVACK?PCF8591                -----    -----      -----    -----
  +--> ?PR?I2CSTOP?PCF8591
  +--> ?PR?I2CSTART?PCF8591
  +--> ?PR?_I2CSENDBYTE?PCF8591
  +--> ?PR?I2CDELAY?PCF8591

?PR?I2CSTOP?PCF8591                   -----    -----      -----    -----
  +--> ?PR?I2CDELAY?PCF8591

?PR?I2CRECVBYTE?PCF8591               -----    -----      -----    -----
  +--> ?PR?I2CDELAY?PCF8591

?PR?_I2CSENDACK?PCF8591               -----    -----      -----    -----
  +--> ?PR?I2CDELAY?PCF8591

?PR?_OLEDSHOWFLOAT?MAIN               -----    -----      0034H    0009H
  +--> ?PR?_OLEDSHOWSTR?OLED7PIN

?PR?DS18B20START?DS18B20              -----    -----      -----    -----
  +--> ?PR?OWRESET?DS18B20
  +--> ?PR?_OWWRITE?DS18B20

?PR?OWRESET?DS18B20                   -----    -----      -----    -----
  +--> ?PR?_DELAY10US?DS18B20

?PR?_DELAY10US?DS18B20                -----    -----      -----    -----
  +--> ?PR?_DELAY?DS18B20

?PR?_OWWRITE?DS18B20                  -----    -----      -----    -----
  +--> ?PR?_DELAY?DS18B20
  +--> ?PR?_DELAY10US?DS18B20

?PR?DS18B20READ?DS18B20               -----    -----      0034H    0001H
  +--> ?PR?OWRESET?DS18B20
BL51 BANKED LINKER/LOCATER V6.22.4.0                                                  06/29/2026  16:05:58  PAGE 6


  +--> ?PR?_OWWRITE?DS18B20
  +--> ?PR?OWREAD?DS18B20

?PR?OWREAD?DS18B20                    -----    -----      -----    -----
  +--> ?PR?_DELAY?DS18B20
  +--> ?PR?_DELAY10US?DS18B20



SYMBOL TABLE OF MODULE:  .\Objects\SFU (MAIN)

  VALUE           TYPE          NAME
  ----------------------------------

  -------         MODULE        MAIN
  C:0000H         SYMBOL        _ICE_DUMMY_
  D:0080H         PUBLIC        P0
  D:0090H         PUBLIC        P1
  D:00A0H         PUBLIC        P2
  D:00E8H         PUBLIC        ADC0CN
  D:00A8H         PUBLIC        IE
  D:00A6H         PUBLIC        P2MDOUT
  D:00D8H         PUBLIC        PCA0CN
  D:00B8H         PUBLIC        IP
  D:00C0H         PUBLIC        SMB0CN
  C:1C13H         SYMBOL        delayShort
  C:0C5BH         PUBLIC        main
  C:1BA5H         SYMBOL        _delayPoll
  D:00F8H         PUBLIC        SPI0CN
  D:0088H         PUBLIC        TCON
  C:1831H         SYMBOL        keyTable
  D:00C8H         PUBLIC        TMR2CN
  C:173DH         SYMBOL        bootAnim
  C:1493H         SYMBOL        _oledShowFloat
  C:1659H         SYMBOL        keyScan
  D:0098H         PUBLIC        SCON0
  D:00D0H         PUBLIC        PSW
  -------         PROC          KEYSCAN
  -------         DO            
  D:0007H         SYMBOL        s1
  D:0006H         SYMBOL        s2
  D:0007H         SYMBOL        kc
  D:0006H         SYMBOL        j
  -------         DO            
  D:0034H         SYMBOL        d
  -------         ENDDO         
  -------         ENDDO         
  C:1659H         LINE#         20
  C:1659H         LINE#         21
  C:1659H         LINE#         23
  C:165EH         LINE#         24
  C:1668H         LINE#         25
  C:167DH         LINE#         26
  C:1682H         LINE#         27
  C:168CH         LINE#         28
  C:1691H         LINE#         29
  C:1694H         LINE#         30
BL51 BANKED LINKER/LOCATER V6.22.4.0                                                  06/29/2026  16:05:58  PAGE 7


  C:1696H         LINE#         31
  C:16A6H         LINE#         32
  C:16A8H         LINE#         33
  -------         ENDPROC       KEYSCAN
  -------         PROC          DELAYSHORT
  -------         DO            
  D:0006H         SYMBOL        i
  -------         ENDDO         
  C:1C13H         LINE#         35
  -------         ENDPROC       DELAYSHORT
  -------         PROC          _DELAYPOLL
  D:0005H         SYMBOL        n
  -------         DO            
  D:0007H         SYMBOL        k
  -------         ENDDO         
  C:1BA5H         LINE#         38
  C:1BA7H         LINE#         39
  C:1BA7H         LINE#         41
  C:1BADH         LINE#         42
  C:1BB0H         LINE#         43
  C:1BB3H         LINE#         44
  C:1BB7H         LINE#         45
  C:1BB7H         LINE#         46
  C:1BB9H         LINE#         47
  -------         ENDPROC       _DELAYPOLL
  -------         PROC          _OLEDSHOWFLOAT
  D:0034H         SYMBOL        x
  D:0035H         SYMBOL        y
  D:0002H         SYMBOL        val
  -------         DO            
  D:0036H         SYMBOL        buf
  -------         ENDDO         
  C:1493H         LINE#         49
  C:1497H         LINE#         50
  C:1497H         LINE#         52
  C:14AEH         LINE#         53
  C:14C5H         LINE#         54
  C:14C8H         LINE#         55
  C:14DFH         LINE#         56
  C:14EFH         LINE#         57
  C:14F2H         LINE#         58
  -------         ENDPROC       _OLEDSHOWFLOAT
  -------         PROC          BOOTANIM
  -------         DO            
  D:0034H         SYMBOL        msg
  D:0036H         SYMBOL        i
  D:0037H         SYMBOL        buf
  D:0005H         SYMBOL        j
  -------         ENDDO         
  C:173DH         LINE#         64
  C:173DH         LINE#         65
  C:173DH         LINE#         66
  C:1743H         LINE#         69
  C:1756H         LINE#         70
  C:175DH         LINE#         71
  C:1764H         LINE#         72
  C:1770H         LINE#         73
BL51 BANKED LINKER/LOCATER V6.22.4.0                                                  06/29/2026  16:05:58  PAGE 8


  C:1779H         LINE#         74
  C:177DH         LINE#         75
  C:1780H         LINE#         76
  -------         ENDPROC       BOOTANIM
  -------         PROC          MAIN
  -------         DO            
  D:0021H         SYMBOL        state
  D:0022H         SYMBOL        lastKey
  D:0023H         SYMBOL        key
  D:0024H         SYMBOL        fahrMode
  D:0025H         SYMBOL        refresh
  D:0026H         SYMBOL        dist
  D:0028H         SYMBOL        volt
  D:002AH         SYMBOL        temp
  D:002CH         SYMBOL        lastDist
  D:002EH         SYMBOL        lastVolt
  D:0030H         SYMBOL        lastTemp
  -------         DO            
  D:0032H         SYMBOL        n
  D:0032H         SYMBOL        raw
  -------         ENDDO         
  -------         DO            
  D:0032H         SYMBOL        raw
  -------         ENDDO         
  -------         DO            
  D:0032H         SYMBOL        d
  -------         ENDDO         
  -------         ENDDO         
  C:0C5BH         LINE#         79
  C:0C5BH         LINE#         80
  C:0C5BH         LINE#         81
  C:0C5EH         LINE#         82
  C:0C65H         LINE#         83
  C:0C73H         LINE#         85
  C:0C76H         LINE#         86
  C:0C79H         LINE#         87
  C:0C7CH         LINE#         88
  C:0C7FH         LINE#         89
  C:0C82H         LINE#         90
  C:0C85H         LINE#         91
  C:0C8BH         LINE#         92
  C:0C94H         LINE#         94
  C:0C97H         LINE#         95
  C:0C9AH         LINE#         96
  C:0C9DH         LINE#         97
  C:0CA0H         LINE#         99
  C:0CA0H         LINE#         100
  C:0CA0H         LINE#         101
  C:0CA5H         LINE#         102
  C:0CADH         LINE#         103
  C:0CB2H         LINE#         104
  C:0CB4H         LINE#         105
  C:0CBEH         LINE#         106
  C:0CC1H         LINE#         107
  C:0CCBH         LINE#         108
  C:0CD5H         LINE#         109
  C:0CD5H         LINE#         110
BL51 BANKED LINKER/LOCATER V6.22.4.0                                                  06/29/2026  16:05:58  PAGE 9


  C:0CDFH         LINE#         111
  C:0CEBH         LINE#         112
  C:0CEEH         LINE#         113
  C:0CEEH         LINE#         114
  C:0CF1H         LINE#         115
  C:0CF7H         LINE#         116
  C:0CF9H         LINE#         117
  C:0CF9H         LINE#         119
  C:0D0CH         LINE#         121
  C:0D0CH         LINE#         122
  C:0D13H         LINE#         123
  C:0D28H         LINE#         124
  C:0D2CH         LINE#         125
  C:0D2FH         LINE#         126
  C:0D3BH         LINE#         127
  C:0D52H         LINE#         128
  C:0D5FH         LINE#         129
  C:0D62H         LINE#         130
  C:0D62H         LINE#         131
  C:0D7CH         LINE#         132
  C:0D87H         LINE#         134
  C:0D92H         LINE#         135
  C:0DB2H         LINE#         136
  C:0DB2H         LINE#         137
  C:0DB4H         LINE#         138
  C:0DB4H         LINE#         139
  C:0DB6H         LINE#         141
  C:0DB6H         LINE#         142
  C:0DB6H         LINE#         143
  C:0DBDH         LINE#         144
  C:0DD3H         LINE#         145
  C:0DE8H         LINE#         146
  C:0DECH         LINE#         147
  C:0DEFH         LINE#         148
  C:0DFCH         LINE#         149
  C:0E12H         LINE#         150
  C:0E1FH         LINE#         151
  C:0E22H         LINE#         152
  C:0E22H         LINE#         153
  C:0E27H         LINE#         154
  C:0E2CH         LINE#         155
  C:0E2FH         LINE#         156
  C:0E2FH         LINE#         158
  C:0E2FH         LINE#         159
  C:0E32H         LINE#         160
  C:0E3AH         LINE#         161
  C:0E40H         LINE#         162
  C:0E4BH         LINE#         163
  C:0E4EH         LINE#         164
  C:0E4EH         LINE#         165
  C:0E55H         LINE#         166
  C:0E60H         LINE#         167
  C:0E6BH         LINE#         168
  C:0E80H         LINE#         169
  C:0E8BH         LINE#         170
  C:0E90H         LINE#         171
  C:0E90H         LINE#         172
BL51 BANKED LINKER/LOCATER V6.22.4.0                                                  06/29/2026  16:05:58  PAGE 10


  C:0E94H         LINE#         173
  C:0EB2H         LINE#         174
  C:0EC7H         LINE#         175
  C:0ECBH         LINE#         176
  C:0ECEH         LINE#         177
  C:0EE4H         LINE#         178
  C:0EEFH         LINE#         179
  C:0EF2H         LINE#         180
  C:0EF2H         LINE#         181
  C:0EF7H         LINE#         182
  -------         ENDPROC       MAIN
  -------         ENDMOD        MAIN

  -------         MODULE        OLED7PIN
  C:0000H         SYMBOL        _ICE_DUMMY_
  C:022BH         PUBLIC        f8x16
  B:0080H.2       PUBLIC        OLED_RST
  D:0080H         PUBLIC        P0
  D:0090H         PUBLIC        P1
  C:1974H         PUBLIC        _oledShowChar8
  C:17C9H         PUBLIC        _oledShowStr
  C:1A40H         SYMBOL        _oledSetPos
  D:00E8H         PUBLIC        ADC0CN
  B:0080H.3       PUBLIC        OLED_DC
  D:00A8H         PUBLIC        IE
  C:19C8H         PUBLIC        oledClear
  D:00D8H         PUBLIC        PCA0CN
  C:16A9H         PUBLIC        _oledDrawBMP
  D:00B8H         PUBLIC        IP
  B:0080H.4       PUBLIC        OLED_CS
  C:1BF1H         PUBLIC        oledDisplayOff
  D:00C0H         PUBLIC        SMB0CN
  C:081BH         PUBLIC        Hzk
  D:00F8H         PUBLIC        SPI0CN
  D:0088H         PUBLIC        TCON
  D:00C8H         PUBLIC        TMR2CN
  C:125AH         PUBLIC        oledInit
  C:18B2H         SYMBOL        _oledPow10
  C:1BE0H         PUBLIC        oledDisplayOn
  C:14FEH         PUBLIC        _oledShowChar
  C:17A1H         PUBLIC        _oledWriteByte
  C:0003H         PUBLIC        f6x8
  C:1AFBH         PUBLIC        _oledDelayMs
  B:0080H.1       PUBLIC        OLED_SDA
  D:0098H         PUBLIC        SCON0
  B:0080H.0       PUBLIC        OLED_SCL
  D:00D0H         PUBLIC        PSW
  C:13ACH         PUBLIC        _oledShowNum
  C:194AH         PUBLIC        _oledShowCn
  -------         PROC          _OLEDDELAYMS
  D:0006H         SYMBOL        ms
  -------         DO            
  D:0004H         SYMBOL        a
  -------         ENDDO         
  C:1AFBH         LINE#         10
  C:1AFBH         LINE#         11
  C:1AFBH         LINE#         13
BL51 BANKED LINKER/LOCATER V6.22.4.0                                                  06/29/2026  16:05:58  PAGE 11


  C:1B05H         LINE#         14
  C:1B09H         LINE#         15
  C:1B15H         LINE#         16
  C:1B15H         LINE#         17
  -------         ENDPROC       _OLEDDELAYMS
  C:1790H         SYMBOL        L?0073
  C:179AH         SYMBOL        L?0074
  -------         PROC          L?0072
  -------         ENDPROC       L?0072
  C:1790H         SYMBOL        L?0073
  C:179AH         SYMBOL        L?0074
  -------         PROC          _OLEDWRITEBYTE
  D:0007H         SYMBOL        dat
  D:0005H         SYMBOL        cmd
  -------         DO            
  D:0006H         SYMBOL        i
  -------         ENDDO         
  C:17A1H         LINE#         23
  C:17A1H         LINE#         24
  C:17A1H         LINE#         27
  C:17A4H         LINE#         28
  C:17A8H         LINE#         30
  C:17AAH         LINE#         32
  C:17ACH         LINE#         33
  C:17AEH         LINE#         34
  C:17B0H         LINE#         35
  C:17B4H         LINE#         36
  C:17B8H         LINE#         38
  C:17BAH         LINE#         39
  C:17BCH         LINE#         40
  C:17C0H         LINE#         41
  C:17C4H         LINE#         42
  C:17C6H         LINE#         43
  C:17C8H         LINE#         44
  -------         ENDPROC       _OLEDWRITEBYTE
  C:1A3BH         SYMBOL        L?0076
  -------         PROC          L?0075
  -------         ENDPROC       L?0075
  C:1A3BH         SYMBOL        L?0076
  -------         PROC          _OLEDSETPOS
  D:0004H         SYMBOL        x
  D:0005H         SYMBOL        y
  C:1A40H         LINE#         47
  C:1A42H         LINE#         48
  C:1A42H         LINE#         49
  C:1A4BH         LINE#         50
  C:1A57H         LINE#         51
  -------         ENDPROC       _OLEDSETPOS
  -------         PROC          OLEDDISPLAYON
  C:1BE0H         LINE#         56
  C:1BE0H         LINE#         57
  C:1BE0H         LINE#         58
  C:1BE7H         LINE#         59
  C:1BECH         LINE#         60
  -------         ENDPROC       OLEDDISPLAYON
  -------         PROC          OLEDDISPLAYOFF
  C:1BF1H         LINE#         63
BL51 BANKED LINKER/LOCATER V6.22.4.0                                                  06/29/2026  16:05:58  PAGE 12


  C:1BF1H         LINE#         64
  C:1BF1H         LINE#         65
  C:1BF8H         LINE#         66
  C:1BFDH         LINE#         67
  -------         ENDPROC       OLEDDISPLAYOFF
  -------         PROC          OLEDCLEAR
  -------         DO            
  D:0004H         SYMBOL        i
  D:0003H         SYMBOL        n
  -------         ENDDO         
  C:19C8H         LINE#         70
  C:19C8H         LINE#         71
  C:19C8H         LINE#         73
  C:19CAH         LINE#         74
  C:19D3H         LINE#         75
  C:19D8H         LINE#         76
  C:19DDH         LINE#         77
  C:19DFH         LINE#         78
  C:19EAH         LINE#         79
  C:19EEH         LINE#         80
  -------         ENDPROC       OLEDCLEAR
  -------         PROC          OLEDINIT
  C:125AH         LINE#         82
  C:125AH         LINE#         83
  C:125AH         LINE#         84
  C:125CH         LINE#         85
  C:1263H         LINE#         86
  C:1265H         LINE#         87
  C:126CH         LINE#         88
  C:126EH         LINE#         90
  C:1275H         LINE#         91
  C:127AH         LINE#         92
  C:127FH         LINE#         93
  C:1284H         LINE#         94
  C:1289H         LINE#         95
  C:128EH         LINE#         96
  C:1293H         LINE#         97
  C:1298H         LINE#         98
  C:129DH         LINE#         99
  C:12A2H         LINE#         100
  C:12A7H         LINE#         101
  C:12ACH         LINE#         102
  C:12B1H         LINE#         103
  C:12B6H         LINE#         104
  C:12BBH         LINE#         105
  C:12C0H         LINE#         106
  C:12C5H         LINE#         107
  C:12CAH         LINE#         108
  C:12CFH         LINE#         109
  C:12D4H         LINE#         110
  C:12D9H         LINE#         111
  C:12DEH         LINE#         112
  C:12E3H         LINE#         113
  C:12E8H         LINE#         114
  C:12EDH         LINE#         115
  C:12F2H         LINE#         116
  C:12F7H         LINE#         117
BL51 BANKED LINKER/LOCATER V6.22.4.0                                                  06/29/2026  16:05:58  PAGE 13


  C:12FCH         LINE#         119
  C:12FFH         LINE#         120
  -------         ENDPROC       OLEDINIT
  -------         PROC          _OLEDSHOWCHAR
  D:0002H         SYMBOL        x
  D:0001H         SYMBOL        y
  D:0003H         SYMBOL        chr
  -------         DO            
  D:0003H         SYMBOL        c
  D:0004H         SYMBOL        i
  -------         ENDDO         
  C:14FEH         LINE#         123
  C:1502H         LINE#         124
  C:1502H         LINE#         127
  C:1506H         LINE#         128
  C:1510H         LINE#         130
  C:1517H         LINE#         131
  C:1519H         LINE#         132
  C:1537H         LINE#         133
  C:153AH         LINE#         134
  C:153CH         LINE#         135
  C:155AH         LINE#         136
  -------         ENDPROC       _OLEDSHOWCHAR
  -------         PROC          _OLEDSHOWSTR
  D:0041H         SYMBOL        x
  D:0042H         SYMBOL        y
  D:0043H         SYMBOL        str
  -------         DO            
  D:0046H         SYMBOL        j
  -------         ENDDO         
  C:17C9H         LINE#         138
  C:17D3H         LINE#         139
  C:17D3H         LINE#         140
  C:17D6H         LINE#         141
  C:17E8H         LINE#         142
  C:17EFH         LINE#         143
  C:17F5H         LINE#         144
  C:1801H         LINE#         145
  C:1803H         LINE#         146
  C:1805H         LINE#         147
  -------         ENDPROC       _OLEDSHOWSTR
  -------         PROC          _OLEDSHOWCN
  D:0002H         SYMBOL        x
  D:0001H         SYMBOL        y
  D:0003H         SYMBOL        no
  -------         DO            
  D:0004H         SYMBOL        t
  -------         ENDDO         
  C:194AH         LINE#         149
  C:194EH         LINE#         150
  C:194EH         LINE#         153
  C:1951H         LINE#         154
  C:1953H         LINE#         155
  C:195AH         LINE#         157
  C:195DH         LINE#         158
  C:195FH         LINE#         159
  C:1973H         LINE#         160
BL51 BANKED LINKER/LOCATER V6.22.4.0                                                  06/29/2026  16:05:58  PAGE 14


  -------         ENDPROC       _OLEDSHOWCN
  -------         PROC          _OLEDSHOWCHAR8
  D:0002H         SYMBOL        x
  D:0001H         SYMBOL        y
  D:0003H         SYMBOL        no
  -------         DO            
  D:0004H         SYMBOL        t
  -------         ENDDO         
  C:1974H         LINE#         163
  C:1978H         LINE#         164
  C:1978H         LINE#         167
  C:197BH         LINE#         168
  C:197DH         LINE#         169
  C:1984H         LINE#         171
  C:1987H         LINE#         172
  C:1989H         LINE#         173
  C:199DH         LINE#         174
  -------         ENDPROC       _OLEDSHOWCHAR8
  -------         PROC          _OLEDPOW10
  D:003FH         SYMBOL        n
  -------         DO            
  D:0040H         SYMBOL        r
  -------         ENDDO         
  C:18B2H         LINE#         176
  C:18B4H         LINE#         177
  C:18B4H         LINE#         178
  C:18BEH         LINE#         179
  C:18E0H         LINE#         180
  C:18E8H         LINE#         181
  -------         ENDPROC       _OLEDPOW10
  -------         PROC          _OLEDSHOWNUM
  D:0034H         SYMBOL        x
  D:0035H         SYMBOL        y
  D:0036H         SYMBOL        num
  D:003AH         SYMBOL        len
  D:003BH         SYMBOL        size
  -------         DO            
  D:003CH         SYMBOL        t
  D:003DH         SYMBOL        temp
  D:003EH         SYMBOL        enshow
  -------         ENDDO         
  C:13ACH         LINE#         183
  C:13B0H         LINE#         184
  C:13B0H         LINE#         185
  C:13B3H         LINE#         187
  C:13BCH         LINE#         188
  C:13E6H         LINE#         189
  C:13F4H         LINE#         190
  C:13F8H         LINE#         191
  C:1405H         LINE#         192
  C:1407H         LINE#         193
  C:1407H         LINE#         194
  C:140AH         LINE#         195
  C:140AH         LINE#         196
  C:140AH         LINE#         197
  C:141FH         LINE#         198
  C:1423H         LINE#         199
BL51 BANKED LINKER/LOCATER V6.22.4.0                                                  06/29/2026  16:05:58  PAGE 15


  -------         ENDPROC       _OLEDSHOWNUM
  -------         PROC          _OLEDDRAWBMP
  D:0001H         SYMBOL        x0
  D:0002H         SYMBOL        y0
  D:0016H         SYMBOL        x1
  D:0017H         SYMBOL        y1
  D:0018H         SYMBOL        bmp
  -------         DO            
  D:001AH         SYMBOL        j
  D:0004H         SYMBOL        x
  D:0003H         SYMBOL        y
  -------         ENDDO         
  C:16A9H         LINE#         204
  C:16AFH         LINE#         205
  C:16AFH         LINE#         206
  C:16B4H         LINE#         209
  C:16C9H         LINE#         210
  C:16D0H         LINE#         211
  C:16D8H         LINE#         212
  C:16F0H         LINE#         213
  C:16F3H         LINE#         214
  -------         ENDPROC       _OLEDDRAWBMP
  -------         ENDMOD        OLED7PIN

  -------         MODULE        BUZZER
  C:0000H         SYMBOL        _ICE_DUMMY_
  D:0080H         PUBLIC        P0
  D:0090H         PUBLIC        P1
  D:0008H         SYMBOL        nbTickCnt
  C:15B1H         PUBLIC        _buzzerBeepPattern
  D:00E8H         PUBLIC        ADC0CN
  C:1CDCH         PUBLIC        buzzerToggle
  D:00A5H         PUBLIC        P1MDOUT
  D:00CBH         PUBLIC        TMR2RLH
  D:00A8H         PUBLIC        IE
  D:000AH         SYMBOL        nbToneCnt
  D:000BH         SYMBOL        nbOnTicks
  D:00CAH         PUBLIC        TMR2RLL
  D:00D8H         PUBLIC        PCA0CN
  D:00B8H         PUBLIC        IP
  C:10FAH         PUBLIC        _buzzerBeep
  D:00C0H         PUBLIC        SMB0CN
  B:0090H.7       PUBLIC        BUZZER_PIN
  D:00F8H         PUBLIC        SPI0CN
  D:000DH         SYMBOL        nbActive
  C:1605H         PUBLIC        buzzerTick
  D:0088H         PUBLIC        TCON
  D:000EH         SYMBOL        nbCycles
  D:000FH         SYMBOL        nbPeriod
  C:1305H         PUBLIC        _buzzerStart
  D:00C8H         PUBLIC        TMR2CN
  C:1CBEH         PUBLIC        buzzerInit
  C:1BCEH         PUBLIC        buzzerSetupTimer
  C:1CD9H         PUBLIC        buzzerOff
  D:0011H         SYMBOL        nbPhase
  B:00A8H.5       PUBLIC        ET2
  C:1CDFH         PUBLIC        buzzerBusy
BL51 BANKED LINKER/LOCATER V6.22.4.0                                                  06/29/2026  16:05:58  PAGE 16


  C:1CC4H         PUBLIC        buzzerStop
  C:1B61H         SYMBOL        _delayMs
  C:1B4AH         SYMBOL        _delayUs
  C:1CD6H         PUBLIC        buzzerOn
  D:0098H         PUBLIC        SCON0
  D:00CDH         PUBLIC        TMR2H
  D:0012H         SYMBOL        nbOffTicks
  D:00CCH         PUBLIC        TMR2L
  D:00D0H         PUBLIC        PSW
  -------         PROC          BUZZERINIT
  C:1CBEH         LINE#         19
  C:1CBEH         LINE#         20
  C:1CBEH         LINE#         21
  C:1CC1H         LINE#         22
  C:1CC3H         LINE#         23
  -------         ENDPROC       BUZZERINIT
  -------         PROC          BUZZERON
  C:1CD6H         LINE#         25
  -------         ENDPROC       BUZZERON
  -------         PROC          BUZZEROFF
  C:1CD9H         LINE#         26
  -------         ENDPROC       BUZZEROFF
  -------         PROC          BUZZERTOGGLE
  C:1CDCH         LINE#         27
  -------         ENDPROC       BUZZERTOGGLE
  -------         PROC          _DELAYUS
  D:0006H         SYMBOL        us
  -------         DO            
  D:0005H         SYMBOL        i
  -------         ENDDO         
  C:1B4AH         LINE#         29
  C:1B4AH         LINE#         30
  C:1B4AH         LINE#         32
  C:1B54H         LINE#         33
  C:1B60H         LINE#         34
  C:1B60H         LINE#         35
  -------         ENDPROC       _DELAYUS
  -------         PROC          _DELAYMS
  D:0006H         SYMBOL        ms
  -------         DO            
  D:0005H         SYMBOL        j
  -------         ENDDO         
  C:1B61H         LINE#         37
  C:1B61H         LINE#         38
  C:1B61H         LINE#         40
  C:1B6BH         LINE#         41
  C:1B77H         LINE#         42
  C:1B77H         LINE#         43
  -------         ENDPROC       _DELAYMS
  -------         PROC          _BUZZERBEEP
  D:0006H         SYMBOL        freqHz
  D:0034H         SYMBOL        durMs
  -------         DO            
  D:0036H         SYMBOL        halfUs
  D:0038H         SYMBOL        elapsed
  D:003AH         SYMBOL        perMs
  D:0082H         SYMBOL        cyc
BL51 BANKED LINKER/LOCATER V6.22.4.0                                                  06/29/2026  16:05:58  PAGE 17


  -------         ENDDO         
  C:10FAH         LINE#         45
  C:10FEH         LINE#         46
  C:10FEH         LINE#         49
  C:1102H         LINE#         50
  C:110FH         LINE#         52
  C:110FH         LINE#         54
  C:1124H         LINE#         55
  C:1135H         LINE#         56
  C:1146H         LINE#         58
  C:1156H         LINE#         59
  C:1171H         LINE#         60
  C:117CH         LINE#         61
  C:118AH         LINE#         62
  C:1193H         LINE#         63
  C:119CH         LINE#         64
  C:119FH         LINE#         65
  C:11A9H         LINE#         66
  -------         ENDPROC       _BUZZERBEEP
  -------         PROC          _BUZZERBEEPPATTERN
  D:0047H         SYMBOL        freqHz
  D:0049H         SYMBOL        onMs
  D:004BH         SYMBOL        offMs
  D:004DH         SYMBOL        cycles
  -------         DO            
  D:004EH         SYMBOL        i
  -------         ENDDO         
  C:15B1H         LINE#         68
  C:15BDH         LINE#         69
  C:15BDH         LINE#         71
  C:15C3H         LINE#         72
  C:15CCH         LINE#         73
  C:15D6H         LINE#         74
  C:15E0H         LINE#         75
  C:15E4H         LINE#         77
  C:15E4H         LINE#         78
  C:15EEH         LINE#         79
  C:15F9H         LINE#         80
  C:1600H         LINE#         81
  C:1604H         LINE#         82
  -------         ENDPROC       _BUZZERBEEPPATTERN
  -------         PROC          BUZZERSETUPTIMER
  C:1BCEH         LINE#         86
  C:1BCEH         LINE#         87
  C:1BCEH         LINE#         88
  C:1BD1H         LINE#         89
  C:1BD4H         LINE#         90
  C:1BD7H         LINE#         91
  C:1BDAH         LINE#         92
  C:1BDDH         LINE#         93
  C:1BDFH         LINE#         94
  -------         ENDPROC       BUZZERSETUPTIMER
  -------         PROC          _BUZZERSTART
  D:0006H         SYMBOL        freqHz
  D:0051H         SYMBOL        onMs
  D:0053H         SYMBOL        offMs
  D:0055H         SYMBOL        cycles
BL51 BANKED LINKER/LOCATER V6.22.4.0                                                  06/29/2026  16:05:58  PAGE 18


  -------         DO            
  D:0006H         SYMBOL        halfUs
  -------         ENDDO         
  C:1305H         LINE#         96
  C:130DH         LINE#         97
  C:130DH         LINE#         99
  C:1315H         LINE#         100
  C:1326H         LINE#         101
  C:1338H         LINE#         102
  C:1349H         LINE#         104
  C:1361H         LINE#         105
  C:1379H         LINE#         106
  C:138AH         LINE#         107
  C:139BH         LINE#         109
  C:139EH         LINE#         110
  C:13A3H         LINE#         111
  C:13A5H         LINE#         112
  C:13A8H         LINE#         113
  C:13ABH         LINE#         114
  -------         ENDPROC       _BUZZERSTART
  -------         PROC          BUZZERSTOP
  C:1CC4H         LINE#         116
  C:1CC4H         LINE#         117
  C:1CC4H         LINE#         118
  C:1CC7H         LINE#         119
  C:1CC9H         LINE#         120
  -------         ENDPROC       BUZZERSTOP
  -------         PROC          BUZZERBUSY
  C:1CDFH         LINE#         122
  C:1CDFH         LINE#         123
  C:1CDFH         LINE#         124
  C:1CE1H         LINE#         125
  -------         ENDPROC       BUZZERBUSY
  -------         PROC          BUZZERTICK
  C:1605H         LINE#         127
  C:1605H         LINE#         128
  C:1605H         LINE#         129
  C:1609H         LINE#         131
  C:1611H         LINE#         133
  C:1615H         LINE#         135
  C:1617H         LINE#         136
  C:1621H         LINE#         137
  C:1624H         LINE#         138
  C:1627H         LINE#         139
  C:1627H         LINE#         140
  C:1632H         LINE#         141
  C:1637H         LINE#         142
  C:1639H         LINE#         143
  C:163BH         LINE#         144
  C:163BH         LINE#         145
  C:163CH         LINE#         147
  C:1647H         LINE#         148
  C:164CH         LINE#         149
  C:164FH         LINE#         150
  C:1651H         LINE#         151
  C:1654H         LINE#         152
  C:1654H         LINE#         153
BL51 BANKED LINKER/LOCATER V6.22.4.0                                                  06/29/2026  16:05:58  PAGE 19


  C:1656H         LINE#         154
  C:1658H         LINE#         155
  C:1658H         LINE#         156
  C:1658H         LINE#         157
  C:1658H         LINE#         158
  -------         ENDPROC       BUZZERTICK
  -------         ENDMOD        BUZZER

  -------         MODULE        CHART
  C:0000H         SYMBOL        _ICE_DUMMY_
  D:0080H         PUBLIC        P0
  D:0090H         PUBLIC        P1
  B:00A8H.7       PUBLIC        EA
  D:00E8H         PUBLIC        ADC0CN
  D:00A8H         PUBLIC        IE
  D:0056H         SYMBOL        pages
  D:00D8H         PUBLIC        PCA0CN
  D:00B8H         PUBLIC        IP
  C:1ADFH         PUBLIC        _chartReset
  D:0057H         SYMBOL        yMax
  D:00C0H         PUBLIC        SMB0CN
  C:155BH         SYMBOL        chartDraw
  D:0058H         SYMBOL        y0
  C:1A60H         PUBLIC        _chartInit
  D:00F8H         PUBLIC        SPI0CN
  D:0059H         SYMBOL        pxH
  C:19EFH         SYMBOL        fbClear
  D:0088H         PUBLIC        TCON
  C:1841H         PUBLIC        _chartPush
  D:00C8H         PUBLIC        TMR2CN
  X:0000H         SYMBOL        buf
  C:1CA7H         SYMBOL        barMask
  D:005AH         SYMBOL        idx
  X:0040H         SYMBOL        fb
  C:1424H         SYMBOL        fbFlush
  D:0098H         PUBLIC        SCON0
  C:11AAH         SYMBOL        _fbCol
  D:00D0H         PUBLIC        PSW
  -------         PROC          _CHARTINIT
  D:0007H         SYMBOL        startPage
  D:0005H         SYMBOL        numPages
  D:0003H         SYMBOL        initMax
  -------         DO            
  D:0007H         SYMBOL        i
  -------         ENDDO         
  C:1A60H         LINE#         17
  C:1A60H         LINE#         18
  C:1A60H         LINE#         20
  C:1A62H         LINE#         21
  C:1A64H         LINE#         22
  C:1A6BH         LINE#         23
  C:1A75H         LINE#         24
  C:1A78H         LINE#         25
  C:1A82H         LINE#         26
  -------         ENDPROC       _CHARTINIT
  -------         PROC          _FBCOL
  D:0004H         SYMBOL        x
BL51 BANKED LINKER/LOCATER V6.22.4.0                                                  06/29/2026  16:05:58  PAGE 20


  D:0005H         SYMBOL        valPx
  -------         DO            
  D:0005H         SYMBOL        p
  D:0036H         SYMBOL        barTop
  -------         DO            
  D:0038H         SYMBOL        pageTop
  D:003AH         SYMBOL        pageBot
  D:003CH         SYMBOL        mask
  -------         ENDDO         
  -------         ENDDO         
  C:11AAH         LINE#         29
  C:11ACH         LINE#         30
  C:11ACH         LINE#         33
  C:11CBH         LINE#         34
  C:11D6H         LINE#         35
  C:11EBH         LINE#         36
  C:11F4H         LINE#         38
  C:120AH         LINE#         39
  C:1220H         LINE#         40
  C:1239H         LINE#         41
  C:1255H         LINE#         42
  C:1259H         LINE#         43
  -------         ENDPROC       _FBCOL
  -------         PROC          FBCLEAR
  -------         DO            
  D:0004H         SYMBOL        i
  -------         ENDDO         
  C:19EFH         LINE#         45
  C:19EFH         LINE#         46
  C:19EFH         LINE#         48
  C:1A14H         LINE#         49
  -------         ENDPROC       FBCLEAR
  -------         PROC          FBFLUSH
  -------         DO            
  D:0036H         SYMBOL        p
  D:0037H         SYMBOL        savedEA
  D:0038H         SYMBOL        x
  -------         ENDDO         
  C:1424H         LINE#         52
  C:1424H         LINE#         53
  C:1424H         LINE#         56
  C:142CH         LINE#         57
  C:1436H         LINE#         58
  C:1442H         LINE#         59
  C:1448H         LINE#         60
  C:144FH         LINE#         61
  C:1454H         LINE#         62
  C:1488H         LINE#         63
  C:148CH         LINE#         64
  C:1492H         LINE#         65
  -------         ENDPROC       FBFLUSH
  -------         PROC          CHARTDRAW
  -------         DO            
  D:0002H         SYMBOL        i
  -------         DO            
  D:0034H         SYMBOL        v
  D:0035H         SYMBOL        bar
BL51 BANKED LINKER/LOCATER V6.22.4.0                                                  06/29/2026  16:05:58  PAGE 21


  -------         ENDDO         
  -------         ENDDO         
  C:155BH         LINE#         67
  C:155BH         LINE#         68
  C:155BH         LINE#         71
  C:155DH         LINE#         72
  C:1572H         LINE#         73
  C:158DH         LINE#         74
  C:1597H         LINE#         75
  C:15A0H         LINE#         76
  C:15AAH         LINE#         77
  C:15AEH         LINE#         78
  -------         ENDPROC       CHARTDRAW
  -------         PROC          _CHARTRESET
  D:0007H         SYMBOL        newMax
  -------         DO            
  D:0007H         SYMBOL        i
  -------         ENDDO         
  C:1ADFH         LINE#         81
  C:1ADFH         LINE#         82
  C:1ADFH         LINE#         84
  C:1AE2H         LINE#         85
  C:1AEBH         LINE#         86
  C:1AF5H         LINE#         87
  C:1AF8H         LINE#         88
  -------         ENDPROC       _CHARTRESET
  -------         PROC          _CHARTPUSH
  D:0007H         SYMBOL        val
  -------         DO            
  D:0007H         SYMBOL        i
  -------         ENDDO         
  C:1841H         LINE#         91
  C:1841H         LINE#         92
  C:1841H         LINE#         94
  C:184EH         LINE#         95
  C:1855H         LINE#         97
  C:1858H         LINE#         98
  C:1859H         LINE#         99
  C:1870H         LINE#         100
  C:1877H         LINE#         102
  -------         ENDPROC       _CHARTPUSH
  -------         ENDMOD        CHART

  -------         MODULE        SYSINIT
  C:0000H         SYMBOL        _ICE_DUMMY_
  D:0080H         PUBLIC        P0
  D:0090H         PUBLIC        P1
  D:00E8H         PUBLIC        ADC0CN
  C:1CB0H         PUBLIC        sysPcaInit
  D:00A8H         PUBLIC        IE
  D:00D9H         PUBLIC        PCA0MD
  D:00D8H         PUBLIC        PCA0CN
  D:00B8H         PUBLIC        IP
  D:00E2H         PUBLIC        XBR1
  C:1CCEH         PUBLIC        sysOscInit
  C:1CCAH         PUBLIC        sysPortInit
  C:1CD2H         PUBLIC        sysIntInit
BL51 BANKED LINKER/LOCATER V6.22.4.0                                                  06/29/2026  16:05:58  PAGE 22


  D:00C0H         PUBLIC        SMB0CN
  D:00F8H         PUBLIC        SPI0CN
  D:0089H         PUBLIC        TMOD
  D:0088H         PUBLIC        TCON
  D:00C8H         PUBLIC        TMR2CN
  D:00B2H         PUBLIC        OSCICN
  D:0098H         PUBLIC        SCON0
  C:1C22H         PUBLIC        sysInit
  D:00D0H         PUBLIC        PSW
  C:1CB7H         PUBLIC        sysTimerInit
  -------         PROC          SYSPCAINIT
  C:1CB0H         LINE#         3
  C:1CB0H         LINE#         4
  C:1CB0H         LINE#         5
  C:1CB3H         LINE#         6
  C:1CB6H         LINE#         7
  -------         ENDPROC       SYSPCAINIT
  -------         PROC          SYSTIMERINIT
  C:1CB7H         LINE#         9
  C:1CB7H         LINE#         10
  C:1CB7H         LINE#         11
  C:1CBAH         LINE#         12
  C:1CBDH         LINE#         13
  -------         ENDPROC       SYSTIMERINIT
  -------         PROC          SYSPORTINIT
  C:1CCAH         LINE#         15
  C:1CCAH         LINE#         16
  C:1CCAH         LINE#         17
  C:1CCDH         LINE#         18
  -------         ENDPROC       SYSPORTINIT
  -------         PROC          SYSOSCINIT
  C:1CCEH         LINE#         20
  C:1CCEH         LINE#         21
  C:1CCEH         LINE#         22
  C:1CD1H         LINE#         23
  -------         ENDPROC       SYSOSCINIT
  -------         PROC          SYSINTINIT
  C:1CD2H         LINE#         25
  C:1CD2H         LINE#         26
  C:1CD2H         LINE#         27
  C:1CD5H         LINE#         28
  -------         ENDPROC       SYSINTINIT
  -------         PROC          SYSINIT
  C:1C22H         LINE#         30
  C:1C22H         LINE#         31
  C:1C22H         LINE#         32
  C:1C25H         LINE#         33
  C:1C28H         LINE#         34
  C:1C2BH         LINE#         35
  C:1C2EH         LINE#         36
  -------         ENDPROC       SYSINIT
  -------         ENDMOD        SYSINIT

  -------         MODULE        DS18B20
  C:0000H         SYMBOL        _ICE_DUMMY_
  D:0080H         PUBLIC        P0
  D:0090H         PUBLIC        P1
BL51 BANKED LINKER/LOCATER V6.22.4.0                                                  06/29/2026  16:05:58  PAGE 23


  C:199EH         PUBLIC        ds18b20Read
  D:00E8H         PUBLIC        ADC0CN
  D:00A8H         PUBLIC        IE
  C:1C08H         SYMBOL        _delay
  B:0080H.5       PUBLIC        DQ
  D:00D8H         PUBLIC        PCA0CN
  C:1C5CH         PUBLIC        ds18b20Start
  D:00B8H         PUBLIC        IP
  C:1CE2H         PUBLIC        ds18b20Init
  C:1C69H         PUBLIC        ds18b20ReadTemp
  D:00C0H         PUBLIC        SMB0CN
  D:00F8H         PUBLIC        SPI0CN
  D:0088H         PUBLIC        TCON
  D:00C8H         PUBLIC        TMR2CN
  C:1BBAH         SYMBOL        _delay10us
  D:0098H         PUBLIC        SCON0
  C:1A83H         SYMBOL        owRead
  C:1B16H         SYMBOL        owReset
  C:1AA4H         SYMBOL        _owWrite
  C:1B8FH         SYMBOL        _waitMs
  D:00D0H         PUBLIC        PSW
  C:1C04H         SYMBOL        L?0031
  -------         PROC          L?0030
  -------         ENDPROC       L?0030
  C:1C04H         SYMBOL        L?0031
  -------         PROC          _DELAY
  D:0006H         SYMBOL        n
  C:1C08H         LINE#         10
  C:1C08H         LINE#         11
  C:1C08H         LINE#         12
  C:1C12H         LINE#         13
  -------         ENDPROC       _DELAY
  -------         PROC          _DELAY10US
  D:0005H         SYMBOL        n
  -------         DO            
  D:0003H         SYMBOL        i
  -------         ENDDO         
  C:1BBAH         LINE#         15
  C:1BBCH         LINE#         16
  C:1BBCH         LINE#         18
  C:1BCDH         LINE#         19
  -------         ENDPROC       _DELAY10US
  -------         PROC          OWRESET
  -------         DO            
  D:0002H         SYMBOL        presence
  -------         ENDDO         
  C:1B16H         LINE#         22
  C:1B16H         LINE#         23
  C:1B16H         LINE#         25
  C:1B18H         LINE#         26
  C:1B1DH         LINE#         27
  C:1B1FH         LINE#         28
  C:1B24H         LINE#         29
  C:1B29H         LINE#         30
  C:1B2EH         LINE#         31
  C:1B30H         LINE#         32
  -------         ENDPROC       OWRESET
BL51 BANKED LINKER/LOCATER V6.22.4.0                                                  06/29/2026  16:05:58  PAGE 24


  -------         PROC          _OWWRITE
  D:0001H         SYMBOL        dat
  -------         DO            
  D:0002H         SYMBOL        i
  -------         ENDDO         
  C:1AA4H         LINE#         35
  C:1AA6H         LINE#         36
  C:1AA6H         LINE#         38
  C:1AA8H         LINE#         39
  C:1AA8H         LINE#         40
  C:1AABH         LINE#         41
  C:1AAFH         LINE#         42
  C:1AB4H         LINE#         43
  C:1AB6H         LINE#         44
  C:1ABAH         LINE#         45
  C:1ABDH         LINE#         46
  C:1AC1H         LINE#         47
  -------         ENDPROC       _OWWRITE
  -------         PROC          OWREAD
  -------         DO            
  D:0002H         SYMBOL        i
  D:0001H         SYMBOL        dat
  -------         ENDDO         
  C:1A83H         LINE#         50
  C:1A83H         LINE#         51
  C:1A83H         LINE#         52
  C:1A85H         LINE#         53
  C:1A86H         LINE#         54
  C:1A86H         LINE#         55
  C:1A89H         LINE#         56
  C:1A8DH         LINE#         57
  C:1A8FH         LINE#         58
  C:1A92H         LINE#         59
  C:1A98H         LINE#         60
  C:1A9DH         LINE#         61
  C:1AA1H         LINE#         62
  C:1AA3H         LINE#         63
  -------         ENDPROC       OWREAD
  -------         PROC          DS18B20INIT
  C:1CE2H         LINE#         67
  C:1CE2H         LINE#         68
  C:1CE2H         LINE#         69
  C:1CE4H         LINE#         70
  -------         ENDPROC       DS18B20INIT
  -------         PROC          DS18B20START
  C:1C5CH         LINE#         72
  C:1C5CH         LINE#         73
  C:1C5CH         LINE#         74
  C:1C5FH         LINE#         75
  C:1C64H         LINE#         76
  -------         ENDPROC       DS18B20START
  -------         PROC          DS18B20READ
  -------         DO            
  D:0034H         SYMBOL        lo
  D:0007H         SYMBOL        hi
  D:0006H         SYMBOL        raw16
  -------         ENDDO         
BL51 BANKED LINKER/LOCATER V6.22.4.0                                                  06/29/2026  16:05:58  PAGE 25


  C:199EH         LINE#         79
  C:199EH         LINE#         80
  C:199EH         LINE#         84
  C:19A1H         LINE#         85
  C:19A6H         LINE#         86
  C:19ABH         LINE#         88
  C:19B0H         LINE#         89
  C:19B3H         LINE#         91
  C:19B8H         LINE#         93
  -------         ENDPROC       DS18B20READ
  -------         PROC          _WAITMS
  D:0006H         SYMBOL        ms
  -------         DO            
  D:0005H         SYMBOL        j
  -------         ENDDO         
  C:1B8FH         LINE#         96
  C:1B8FH         LINE#         97
  C:1B8FH         LINE#         99
  C:1B99H         LINE#         100
  C:1BA4H         LINE#         101
  C:1BA4H         LINE#         102
  -------         ENDPROC       _WAITMS
  -------         PROC          DS18B20READTEMP
  C:1C69H         LINE#         104
  C:1C69H         LINE#         105
  C:1C69H         LINE#         106
  C:1C6CH         LINE#         107
  C:1C73H         LINE#         108
  -------         ENDPROC       DS18B20READTEMP
  -------         ENDMOD        DS18B20

  -------         MODULE        PCF8591
  C:0000H         SYMBOL        _ICE_DUMMY_
  D:0080H         PUBLIC        P0
  D:0090H         PUBLIC        P1
  D:00E8H         PUBLIC        ADC0CN
  D:00A5H         PUBLIC        P1MDOUT
  D:00A8H         PUBLIC        IE
  C:1C31H         SYMBOL        i2cStart
  B:0090H.0       PUBLIC        PCF_SDA
  D:00D8H         PUBLIC        PCA0CN
  D:00B8H         PUBLIC        IP
  C:1C76H         SYMBOL        _i2cSendAck
  B:0090H.1       PUBLIC        PCF_SCL
  C:18F0H         SYMBOL        _i2cSendByte
  C:1ACDH         SYMBOL        i2cRecvAck
  D:00C0H         PUBLIC        SMB0CN
  C:1C83H         SYMBOL        i2cStop
  C:1A15H         SYMBOL        i2cRecvByte
  C:1C4EH         PUBLIC        pcf8591Init
  D:00F2H         PUBLIC        P1MDIN
  C:16F4H         PUBLIC        _pcf8591ReadAll
  D:00F8H         PUBLIC        SPI0CN
  D:0088H         PUBLIC        TCON
  D:00C8H         PUBLIC        TMR2CN
  C:191AH         PUBLIC        _pcf8591ReadADC
  D:0098H         PUBLIC        SCON0
BL51 BANKED LINKER/LOCATER V6.22.4.0                                                  06/29/2026  16:05:58  PAGE 26


  C:1B31H         PUBLIC        _pcf8591WriteDAC
  C:1C47H         SYMBOL        i2cDelay
  D:00D0H         PUBLIC        PSW
  C:1C42H         SYMBOL        L?0042
  -------         PROC          L?0041
  -------         ENDPROC       L?0041
  C:1C42H         SYMBOL        L?0042
  -------         PROC          I2CDELAY
  -------         DO            
  D:0007H         SYMBOL        i
  -------         ENDDO         
  C:1C47H         LINE#         7
  C:1C47H         LINE#         8
  C:1C47H         LINE#         10
  C:1C4DH         LINE#         11
  -------         ENDPROC       I2CDELAY
  -------         PROC          I2CSTART
  C:1C31H         LINE#         13
  C:1C31H         LINE#         14
  C:1C31H         LINE#         15
  C:1C38H         LINE#         16
  C:1C3DH         LINE#         17
  C:1C3FH         LINE#         18
  -------         ENDPROC       I2CSTART
  -------         PROC          I2CSTOP
  C:1C83H         LINE#         20
  C:1C83H         LINE#         21
  C:1C83H         LINE#         22
  C:1C8AH         LINE#         23
  -------         ENDPROC       I2CSTOP
  C:1AC5H         SYMBOL        L?0040
  -------         PROC          L?0039
  -------         ENDPROC       L?0039
  C:1AC5H         SYMBOL        L?0040
  -------         PROC          I2CRECVACK
  -------         DO            
  D:0006H         SYMBOL        ack
  -------         ENDDO         
  C:1ACDH         LINE#         26
  C:1ACDH         LINE#         27
  C:1ACDH         LINE#         29
  C:1ACFH         LINE#         30
  C:1AD2H         LINE#         31
  C:1AD7H         LINE#         32
  C:1ADCH         LINE#         33
  C:1ADEH         LINE#         34
  -------         ENDPROC       I2CRECVACK
  C:18EBH         SYMBOL        L?0044
  -------         PROC          L?0043
  -------         ENDPROC       L?0043
  C:18EBH         SYMBOL        L?0044
  -------         PROC          _I2CSENDBYTE
  D:0005H         SYMBOL        dat
  -------         DO            
  D:0004H         SYMBOL        i
  -------         ENDDO         
  C:18F0H         LINE#         36
BL51 BANKED LINKER/LOCATER V6.22.4.0                                                  06/29/2026  16:05:58  PAGE 27


  C:18F2H         LINE#         37
  C:18F2H         LINE#         39
  C:18F4H         LINE#         40
  C:1910H         LINE#         41
  C:1910H         LINE#         42
  C:1913H         LINE#         43
  C:1915H         LINE#         44
  C:1919H         LINE#         45
  -------         ENDPROC       _I2CSENDBYTE
  -------         PROC          I2CRECVBYTE
  -------         DO            
  D:0005H         SYMBOL        i
  D:0006H         SYMBOL        dat
  -------         ENDDO         
  C:1A15H         LINE#         47
  C:1A15H         LINE#         48
  C:1A15H         LINE#         49
  C:1A17H         LINE#         50
  C:1A19H         LINE#         51
  C:1A1AH         LINE#         52
  C:1A1FH         LINE#         53
  C:1A2FH         LINE#         54
  C:1A34H         LINE#         55
  C:1A38H         LINE#         56
  C:1A3AH         LINE#         57
  -------         ENDPROC       I2CRECVBYTE
  -------         PROC          _I2CSENDACK
  D:0007H         SYMBOL        ack
  C:1C76H         LINE#         59
  C:1C76H         LINE#         60
  C:1C76H         LINE#         61
  C:1C7DH         LINE#         62
  C:1C80H         LINE#         63
  C:1C82H         LINE#         64
  -------         ENDPROC       _I2CSENDACK
  -------         PROC          PCF8591INIT
  C:1C4EH         LINE#         66
  C:1C4EH         LINE#         67
  C:1C4EH         LINE#         68
  C:1C57H         LINE#         69
  C:1C59H         LINE#         70
  C:1C5BH         LINE#         71
  -------         ENDPROC       PCF8591INIT
  -------         PROC          _PCF8591READADC
  D:0002H         SYMBOL        channel
  -------         DO            
  D:0006H         SYMBOL        val
  -------         ENDDO         
  C:191AH         LINE#         77
  C:191AH         LINE#         78
  C:191AH         LINE#         81
  C:191AH         LINE#         82
  C:1920H         LINE#         83
  C:192CH         LINE#         84
  C:192CH         LINE#         86
  C:192CH         LINE#         87
  C:192FH         LINE#         88
BL51 BANKED LINKER/LOCATER V6.22.4.0                                                  06/29/2026  16:05:58  PAGE 28


  C:1937H         LINE#         89
  C:1937H         LINE#         91
  C:1937H         LINE#         92
  C:193AH         LINE#         93
  C:1944H         LINE#         94
  C:1947H         LINE#         96
  C:1949H         LINE#         97
  -------         ENDPROC       _PCF8591READADC
  -------         PROC          _PCF8591WRITEDAC
  D:0002H         SYMBOL        value
  C:1B31H         LINE#         102
  C:1B31H         LINE#         103
  C:1B31H         LINE#         104
  C:1B31H         LINE#         105
  C:1B37H         LINE#         106
  C:1B3FH         LINE#         107
  C:1B47H         LINE#         108
  -------         ENDPROC       _PCF8591WRITEDAC
  -------         PROC          _PCF8591READALL
  D:001CH         SYMBOL        buf
  -------         DO            
  D:0004H         SYMBOL        i
  -------         ENDDO         
  C:16F4H         LINE#         114
  C:16FAH         LINE#         115
  C:16FAH         LINE#         118
  C:16FAH         LINE#         119
  C:1700H         LINE#         120
  C:1708H         LINE#         122
  C:1708H         LINE#         123
  C:170BH         LINE#         124
  C:1713H         LINE#         126
  C:1715H         LINE#         127
  C:1727H         LINE#         128
  C:1731H         LINE#         129
  C:1736H         LINE#         130
  C:173AH         LINE#         131
  -------         ENDPROC       _PCF8591READALL
  -------         ENDMOD        PCF8591

  -------         MODULE        ULTRASONIC
  C:0000H         SYMBOL        _ICE_DUMMY_
  D:0080H         PUBLIC        P0
  D:0090H         PUBLIC        P1
  B:00A8H.7       PUBLIC        EA
  D:00E8H         PUBLIC        ADC0CN
  D:00A4H         PUBLIC        P0MDOUT
  D:00A8H         PUBLIC        IE
  D:00D8H         PUBLIC        PCA0CN
  D:00B8H         PUBLIC        IP
  B:0080H.7       PUBLIC        ECHO
  D:00C0H         PUBLIC        SMB0CN
  C:187AH         PUBLIC        ultraRead
  D:00F1H         PUBLIC        P0MDIN
  D:00F8H         PUBLIC        SPI0CN
  D:0088H         PUBLIC        TCON
  B:0080H.6       PUBLIC        TRIG
BL51 BANKED LINKER/LOCATER V6.22.4.0                                                  06/29/2026  16:05:58  PAGE 29


  D:00C8H         PUBLIC        TMR2CN
  C:1C8FH         PUBLIC        ultraInit
  D:008CH         PUBLIC        TH0
  D:008AH         PUBLIC        TL0
  B:0088H.4       PUBLIC        TR0
  D:0098H         PUBLIC        SCON0
  C:1B78H         SYMBOL        _ultraDelayUs
  D:00D0H         PUBLIC        PSW
  -------         PROC          _ULTRADELAYUS
  D:0006H         SYMBOL        us
  -------         DO            
  D:0005H         SYMBOL        i
  -------         ENDDO         
  C:1B78H         LINE#         15
  C:1B78H         LINE#         16
  C:1B78H         LINE#         18
  C:1B82H         LINE#         19
  C:1B8AH         LINE#         20
  C:1B8BH         LINE#         21
  C:1B8EH         LINE#         22
  C:1B8EH         LINE#         23
  -------         ENDPROC       _ULTRADELAYUS
  -------         PROC          ULTRAINIT
  C:1C8FH         LINE#         25
  C:1C8FH         LINE#         26
  C:1C8FH         LINE#         27
  C:1C98H         LINE#         28
  C:1C9AH         LINE#         29
  -------         ENDPROC       ULTRAINIT
  -------         PROC          ULTRAREAD
  -------         DO            
  D:0006H         SYMBOL        ticks
  B:0020H.0       SYMBOL        savedEA
  -------         ENDDO         
  C:187AH         LINE#         31
  C:187AH         LINE#         32
  C:187AH         LINE#         36
  C:187DH         LINE#         37
  C:187FH         LINE#         38
  C:1881H         LINE#         40
  C:1883H         LINE#         41
  C:1889H         LINE#         42
  C:188BH         LINE#         44
  C:188FH         LINE#         45
  C:1891H         LINE#         47
  C:1894H         LINE#         48
  C:1896H         LINE#         49
  C:1899H         LINE#         50
  C:189BH         LINE#         52
  C:189FH         LINE#         54
  C:18A7H         LINE#         55
  -------         ENDPROC       ULTRAREAD
  -------         ENDMOD        ULTRASONIC

  -------         MODULE        ?C?CLDOPTR
  C:0EFAH         PUBLIC        ?C?CLDOPTR
  -------         ENDMOD        ?C?CLDOPTR
BL51 BANKED LINKER/LOCATER V6.22.4.0                                                  06/29/2026  16:05:58  PAGE 30



  -------         MODULE        ?C?CSTOPTR
  C:0F27H         PUBLIC        ?C?CSTOPTR
  -------         ENDMOD        ?C?CSTOPTR

  -------         MODULE        ?C?IMUL
  C:0F49H         PUBLIC        ?C?IMUL
  -------         ENDMOD        ?C?IMUL

  -------         MODULE        ?C?UIDIV
  C:0F5BH         PUBLIC        ?C?UIDIV
  -------         ENDMOD        ?C?UIDIV

  -------         MODULE        ?C?LMUL
  C:0FB0H         PUBLIC        ?C?LMUL
  -------         ENDMOD        ?C?LMUL

  -------         MODULE        ?C?ULDIV
  C:103BH         PUBLIC        ?C?ULDIV
  -------         ENDMOD        ?C?ULDIV

  -------         MODULE        ?C?LIMUL
  C:10CDH         PUBLIC        ?C?LIMUL
  -------         ENDMOD        ?C?LIMUL

*** WARNING L16: UNCALLED SEGMENT, IGNORED FOR OVERLAY PROCESS
    SEGMENT: ?PR?OLEDDISPLAYON?OLED7PIN

*** WARNING L16: UNCALLED SEGMENT, IGNORED FOR OVERLAY PROCESS
    SEGMENT: ?PR?OLEDDISPLAYOFF?OLED7PIN

*** WARNING L16: UNCALLED SEGMENT, IGNORED FOR OVERLAY PROCESS
    SEGMENT: ?PR?_OLEDSHOWCN?OLED7PIN

*** WARNING L16: UNCALLED SEGMENT, IGNORED FOR OVERLAY PROCESS
    SEGMENT: ?PR?_OLEDSHOWCHAR8?OLED7PIN

*** WARNING L16: UNCALLED SEGMENT, IGNORED FOR OVERLAY PROCESS
    SEGMENT: ?PR?_OLEDDRAWBMP?OLED7PIN

*** WARNING L16: UNCALLED SEGMENT, IGNORED FOR OVERLAY PROCESS
    SEGMENT: ?PR?_BUZZERBEEPPATTERN?BUZZER

*** WARNING L16: UNCALLED SEGMENT, IGNORED FOR OVERLAY PROCESS
    SEGMENT: ?PR?BUZZERSETUPTIMER?BUZZER

*** WARNING L16: UNCALLED SEGMENT, IGNORED FOR OVERLAY PROCESS
    SEGMENT: ?PR?_BUZZERSTART?BUZZER

*** WARNING L16: UNCALLED SEGMENT, IGNORED FOR OVERLAY PROCESS
    SEGMENT: ?PR?BUZZERSTOP?BUZZER

*** WARNING L16: UNCALLED SEGMENT, IGNORED FOR OVERLAY PROCESS
    SEGMENT: ?PR?BUZZERBUSY?BUZZER

*** WARNING L16: UNCALLED SEGMENT, IGNORED FOR OVERLAY PROCESS
    SEGMENT: ?PR?BUZZERTICK?BUZZER
BL51 BANKED LINKER/LOCATER V6.22.4.0                                                  06/29/2026  16:05:58  PAGE 31



*** WARNING L16: UNCALLED SEGMENT, IGNORED FOR OVERLAY PROCESS
    SEGMENT: ?PR?DS18B20READTEMP?DS18B20

*** WARNING L16: UNCALLED SEGMENT, IGNORED FOR OVERLAY PROCESS
    SEGMENT: ?PR?_PCF8591WRITEDAC?PCF8591

*** WARNING L16: UNCALLED SEGMENT, IGNORED FOR OVERLAY PROCESS
    SEGMENT: ?PR?_PCF8591READALL?PCF8591

Program Size: data=90.1 xdata=960 code=7397
LINK/LOCATE RUN COMPLETE.  14 WARNING(S),  0 ERROR(S)
