C51 COMPILER V9.60.7.0   MAIN                                                              06/14/2026 19:58:04 PAGE 1   


C51 COMPILER V9.60.7.0, COMPILATION OF MODULE MAIN
OBJECT MODULE PLACED IN .\Objects\main.obj
COMPILER INVOKED BY: D:\keilv5\C51\BIN\C51.EXE main.c OPTIMIZE(8,SPEED) BROWSE INCDIR(..\lib) DEBUG OBJECTEXTEND PRINT(.
                    -\Listings\main.lst) TABS(2) OBJECT(.\Objects\main.obj)

line level    source

   1          #include "sysinit.h"
   2          #include "uart.h"
   3          #include "ds18b20.h"
   4          #include "segdisplay.h"
   5          #include "buzzer.h"
   6          #include "stdio.h"
   7          
   8          void t2ISR() interrupt 5
   9          {
  10   1          TF2H = 0;
  11   1          buzzerTick();
  12   1      }
  13          
  14          void main(void)
  15          {
  16   1          uint temp;
  17   1          uint lastTemp = 0xFFFF;
  18   1          uchar x;
  19   1      
  20   1          sysInit();
  21   1          uartInit();
  22   1          ds18b20Init();
  23   1          segInit();
  24   1          buzzerInit();
  25   1          buzzerSetupTimer();
  26   1      
  27   1          printf("=== DS18B20 Ready ===\r\n");
  28   1      
  29   1          while (1) {
  30   2              ds18b20Start();
  31   2      
  32   2              for (x = 0; x < 200; x++) {
  33   3                  segShowRaw(0, segCode(lastTemp / 1000));
  34   3                  segShowRaw(1, segCode(((lastTemp / 100) % 10)) & 0x7F);
  35   3                  segShowRaw(2, segCode((lastTemp / 10) % 10));
  36   3                  segShowRaw(3, segCode(lastTemp % 10));
  37   3              }
  38   2      
  39   2              temp = ds18b20Read();
  40   2      
  41   2              if (temp != lastTemp) {
  42   3                  printf("temp = %u.%02u C\r\n", temp / 100, temp % 100);
  43   3                  lastTemp = temp;
  44   3              }
  45   2      
  46   2              if (temp >= 3300) buzzerStart(1000, 80, 100, 3);
  47   2          }
  48   1      }


MODULE INFORMATION:   STATIC OVERLAYABLE
   CODE SIZE        =    310    ----
   CONSTANT SIZE    =     43    ----
   XDATA SIZE       =   ----    ----
C51 COMPILER V9.60.7.0   MAIN                                                              06/14/2026 19:58:04 PAGE 2   

   PDATA SIZE       =   ----    ----
   DATA SIZE        =   ----       5
   IDATA SIZE       =   ----    ----
   BIT SIZE         =   ----    ----
END OF MODULE INFORMATION.


C51 COMPILATION COMPLETE.  0 WARNING(S),  0 ERROR(S)
