A51 MACRO ASSEMBLER  MAIN                                                                 04/28/2026 00:23:20 PAGE     1


MACRO ASSEMBLER A51 V8.2.7.0
NO OBJECT MODULE REQUESTED
ASSEMBLER INVOKED BY: D:\keilv5\C51\BIN\A51.EXE main.a51 SET(SMALL) DEBUG PRINT(.\Listings\main.lst) OBJECT(.\Objects\ma
                      in.obj) EP

LOC  OBJ            LINE     SOURCE

0000 7B10              1     MOV R3, #10H
0002 7C11              2     MOV R4, #11H
0004 EB                3     MOV A, R3
                       4     
                       5     
0005                   6     CMP : 
                       7     
0005                   8         CJNE A, @R4, CMP
*** _____________________________________^
*** ______________________________________^
*** ERROR #A4 IN 8 (main.a51, LINE 8): BAD INDIRECT REGISTER
*** ERROR #A9 IN 8 (main.a51, LINE 8): SYNTAX ERROR
                       9     
                      10     END
A51 MACRO ASSEMBLER  MAIN                                                                 04/28/2026 00:23:20 PAGE     2

SYMBOL TABLE LISTING
------ ----- -------


N A M E             T Y P E  V A L U E   ATTRIBUTES

CMP. . . . . . . .  C ADDR   0005H   A   


REGISTER BANK(S) USED: 0 


ASSEMBLY COMPLETE.  0 WARNING(S), 2 ERROR(S)
