C51 COMPILER V9.60.7.0   BLUETOOTH                                                         06/26/2026 18:16:23 PAGE 1   


C51 COMPILER V9.60.7.0, COMPILATION OF MODULE BLUETOOTH
OBJECT MODULE PLACED IN .\Objects\bluetooth.obj
COMPILER INVOKED BY: D:\keilv5\C51\BIN\C51.EXE ..\lib\bluetooth.c OPTIMIZE(8,SPEED) BROWSE INCDIR(..\lib) DEBUG OBJECTEX
                    -TEND PRINT(.\Listings\bluetooth.lst) TABS(2) OBJECT(.\Objects\bluetooth.obj)

line level    source

   1          /* BLE 5.0 / HC-05 蓝牙驱动: UART透传 + AT指令引擎 */
   2          #include "bluetooth.h"
   3          #include "uart.h"
   4          #include "stdio.h"
   5          #include "string.h"
   6          
   7          static void btDelayMs(uint ms)
   8          {
   9   1          uchar j;
  10   1          while (ms--) {
  11   2              for (j = 0; j < 250; j++);
  12   2          }
  13   1      }
  14          
  15          static void btDelay10us(uchar n)
  16          {
  17   1          uchar i, j;
  18   1          for (i = 0; i < n; i++) {
  19   2              for (j = 0; j < 18; j++);
  20   2          }
  21   1      }
  22          
  23          void btInit(ulong baud)
  24          {
  25   1          uartInitBaud(baud);
  26   1          BT_KEY = 1;
  27   1          btDelayMs(500);
  28   1      }
  29          
  30          void btInitBaud(ulong baud)
  31          {
  32   1          uartInitBaud(baud);
  33   1      }
  34          
  35          void btSendByte(uchar dat)
  36          {
  37   1          SBUF0 = dat;
  38   1          while (TI0 == 0);
  39   1          TI0 = 0;
  40   1      }
  41          
  42          void btSendBuf(uchar *buf, uint len)
  43          {
  44   1          uint i;
  45   1          for (i = 0; i < len; i++) {
  46   2              btSendByte(buf[i]);
  47   2          }
  48   1      }
  49          
  50          void btEnterATMode(void)
  51          {
  52   1          BT_KEY = 0;
  53   1          btDelayMs(100);
  54   1      }
C51 COMPILER V9.60.7.0   BLUETOOTH                                                         06/26/2026 18:16:23 PAGE 2   

  55          
  56          void btExitATMode(void)
  57          {
  58   1          BT_KEY = 1;
  59   1          btDelayMs(100);
  60   1      }
  61          
  62          uchar btSendAT(uchar *cmd, uint timeoutMs)
  63          {
  64   1          uchar xdata buf[32];
  65   1          uint len, i;
  66   1      
  67   1          len = btSendATResp(cmd, buf, sizeof(buf), timeoutMs);
  68   1          if (len == 0) return 0;
  69   1      
  70   1          for (i = 0; i < len - 1; i++) {
  71   2              if (buf[i] == 'O' && buf[i + 1] == 'K') return 1;
  72   2          }
  73   1          return 0;
  74   1      }
  75          
  76          uint btSendATResp(uchar *cmd, uchar *buf, uint maxLen, uint timeoutMs)
  77          {
  78   1          uint idx = 0;
  79   1          uint elapsed = 0;
  80   1      
  81   1          btSendStr("AT");
  82   1          if (cmd != 0 && cmd[0] != '\0') {
  83   2              btSendBuf(cmd, strlen((char *)cmd));
  84   2          }
  85   1          btSendByte('\r');
  86   1          btSendByte('\n');
  87   1      
  88   1          while (elapsed < timeoutMs) {
  89   2              if (RI0) {
  90   3                  RI0 = 0;
  91   3                  if (idx < maxLen - 1) {
  92   4                      buf[idx++] = SBUF0;
  93   4                  }
  94   3                  if (idx >= 4 &&
  95   3                      buf[idx - 4] == '\r' && buf[idx - 3] == '\n' &&
  96   3                      buf[idx - 2] == 'O'  && buf[idx - 1] == 'K') {
  97   4                      break;
  98   4                  }
  99   3                  if (idx >= 8 &&
 100   3                      buf[idx - 8] == '\r' && buf[idx - 7] == '\n' &&
 101   3                      buf[idx - 6] == 'E'  && buf[idx - 5] == 'R' &&
 102   3                      buf[idx - 4] == 'R'  && buf[idx - 3] == 'O' &&
 103   3                      buf[idx - 2] == 'R') {
 104   4                      break;
 105   4                  }
 106   3                  elapsed = 0;
 107   3              }
 108   2              btDelayMs(1);
 109   2              elapsed++;
 110   2          }
 111   1      
 112   1          if (idx == 0) return 0;
 113   1          buf[idx] = '\0';
 114   1          return idx;
 115   1      }
 116          
C51 COMPILER V9.60.7.0   BLUETOOTH                                                         06/26/2026 18:16:23 PAGE 3   

 117          uchar btConfig(BtConfig *cfg)
 118          {
 119   1          if (!btSendAT("", 1000)) return 0;
 120   1      
 121   1          if (cfg->name != 0 && cfg->name[0] != '\0') {
 122   2              uchar xdata cmd[40];
 123   2              sprintf((char *)cmd, "+NAME=%s", (char *)cfg->name);
 124   2              btSendAT(cmd, 1000);
 125   2          }
 126   1      
 127   1          if (cfg->pincode != 0 && cfg->pincode[0] != '\0') {
 128   2              uchar xdata cmd[20];
 129   2              sprintf((char *)cmd, "+PSWD=%s", (char *)cfg->pincode);
 130   2              btSendAT(cmd, 1000);
 131   2          }
 132   1      
 133   1          if (cfg->baud > 0) {
 134   2              uchar baudCode;
 135   2              switch (cfg->baud) {
 136   3                  case 1200:   baudCode = 1; break;
 137   3                  case 2400:   baudCode = 2; break;
 138   3                  case 4800:   baudCode = 3; break;
 139   3                  case 9600:   baudCode = 4; break;
 140   3                  case 19200:  baudCode = 5; break;
 141   3                  case 38400:  baudCode = 6; break;
 142   3                  case 57600:  baudCode = 7; break;
 143   3                  case 115200: baudCode = 8; break;
 144   3                  default:     baudCode = 4; break;
 145   3              }
 146   2              {
 147   3                  uchar xdata cmd[15];
 148   3                  sprintf((char *)cmd, "+UART=%d,0,0", baudCode);
 149   3                  btSendAT(cmd, 1000);
 150   3              }
 151   2          }
 152   1      
 153   1          return 1;
 154   1      }
 155          
 156          uchar btResetFactory(void)
 157          {
 158   1          return btSendAT("+ORGL", 3000);
 159   1      }
 160          
 161          uchar btReadByte(void)
 162          {
 163   1          if (RI0) {
 164   2              RI0 = 0;
 165   2              return SBUF0;
 166   2          }
 167   1          return 0;
 168   1      }
 169          
 170          uchar btAvailable(void)
 171          {
 172   1          return RI0;
 173   1      }


MODULE INFORMATION:   STATIC OVERLAYABLE
   CODE SIZE        =   1033    ----
   CONSTANT SIZE    =     41    ----
C51 COMPILER V9.60.7.0   BLUETOOTH                                                         06/26/2026 18:16:23 PAGE 4   

   XDATA SIZE       =   ----     107
   PDATA SIZE       =   ----    ----
   DATA SIZE        =   ----      23
   IDATA SIZE       =   ----    ----
   BIT SIZE         =   ----    ----
END OF MODULE INFORMATION.


C51 COMPILATION COMPLETE.  0 WARNING(S),  0 ERROR(S)
