C51 COMPILER V9.60.7.0   MAIN                                                              06/26/2026 18:16:23 PAGE 1   


C51 COMPILER V9.60.7.0, COMPILATION OF MODULE MAIN
OBJECT MODULE PLACED IN .\Objects\main.obj
COMPILER INVOKED BY: D:\keilv5\C51\BIN\C51.EXE main.c OPTIMIZE(8,SPEED) BROWSE INCDIR(..\lib) DEBUG OBJECTEXTEND PRINT(.
                    -\Listings\main.lst) TABS(2) OBJECT(.\Objects\main.obj)

line level    source

   1          /* BLE 5.0 透传: MPU6050 -> 手机
   2             VCC-3.3V  GND-GND  TXD-P0.5  RXD-P0.4
   3             MPU6050: SDA-P0.2  SCL-P0.3 */
   4          #include "sysinit.h"
   5          #include "bluetooth.h"
   6          #include "mpu6050.h"
   7          #include "stdio.h"
   8          #include "math.h"
   9          
  10          int   xdata AX, AY, AZ, GX, GY, GZ;
  11          float xdata roll, pitch, yaw;
  12          
  13          static void delayMs(uint ms)
  14          {
  15   1          uchar j;
  16   1          while (ms--) {
  17   2              for (j = 0; j < 250; j++);
  18   2          }
  19   1      }
  20          
  21          static void initT2(void)
  22          {
  23   1          TMR2CN   = 0x04;
  24   1          TMR2RLL  = 0xF9;
  25   1          TMR2RLH  = 0x38;
  26   1          TMR2L    = 0xF9;
  27   1          TMR2H    = 0x38;
  28   1          ET2      = 1;
  29   1      }
  30          
  31          void main(void)
  32          {
  33   1          sysInit();
  34   1          btInit(115200);
  35   1          mpu6050Init();
  36   1          initT2();
  37   1      
  38   1          printf("=== BLE MPU6050 ===\r\n");
  39   1      
  40   1          while (1) {
  41   2              printf("A:%d,%d,%d G:%d,%d,%d R%d,P%d,Y%d\r\n",
  42   2                     AX, AY, AZ, GX, GY, GZ,
  43   2                     (int)roll, (int)pitch, (int)yaw);
  44   2              delayMs(100);
  45   2          }
  46   1      }
  47          
  48          void t2ISR(void) interrupt 5
  49          {
  50   1          TF2H = 0;
  51   1          mpu6050ReadAll(&AX, &AY, &AZ, &GX, &GY, &GZ);
  52   1          mpu6050Filter(AX, AY, AZ, GX, GY, GZ, &roll, &pitch, &yaw);
  53   1      }

C51 COMPILER V9.60.7.0   MAIN                                                              06/26/2026 18:16:23 PAGE 2   


MODULE INFORMATION:   STATIC OVERLAYABLE
   CODE SIZE        =    391    ----
   CONSTANT SIZE    =     58    ----
   XDATA SIZE       =     24    ----
   PDATA SIZE       =   ----    ----
   DATA SIZE        =   ----    ----
   IDATA SIZE       =   ----    ----
   BIT SIZE         =   ----    ----
END OF MODULE INFORMATION.


C51 COMPILATION COMPLETE.  0 WARNING(S),  0 ERROR(S)
