C51 COMPILER V9.60.7.0   MPU6050                                                           06/26/2026 18:16:23 PAGE 1   


C51 COMPILER V9.60.7.0, COMPILATION OF MODULE MPU6050
OBJECT MODULE PLACED IN .\Objects\mpu6050.obj
COMPILER INVOKED BY: D:\keilv5\C51\BIN\C51.EXE ..\lib\mpu6050.c OPTIMIZE(8,SPEED) BROWSE INCDIR(..\lib) DEBUG OBJECTEXTE
                    -ND PRINT(.\Listings\mpu6050.lst) TABS(2) OBJECT(.\Objects\mpu6050.obj)

line level    source

   1          #include "mpu6050.h"
   2          #include <math.h>
   3          
   4          #define REG_SMPLRT_DIV   0x19
   5          #define REG_CONFIG       0x1A
   6          #define REG_GYRO_CONFIG  0x1B
   7          #define REG_ACCEL_CONFIG 0x1C
   8          #define REG_ACCEL_XOUT_H 0x3B
   9          #define REG_PWR_MGMT_1   0x6B
  10          #define SLAVE_ADDR       0xD0
  11          
  12          static void i2cDelay(void)
  13          {
  14   1          uchar i;
  15   1          for (i = 0; i < 30; i++);
  16   1      }
  17          
  18          static void i2cStart(void)
  19          {
  20   1          SDA = 1; SCL = 1; i2cDelay();
  21   1          SDA = 0;          i2cDelay();
  22   1          SCL = 0;
  23   1      }
  24          
  25          static void i2cStop(void)
  26          {
  27   1          SDA = 0; SCL = 1; i2cDelay();
  28   1          SDA = 1;          i2cDelay();
  29   1      }
  30          
  31          static uchar i2cRecvAck(void)
  32          {
  33   1          uchar ack;
  34   1          SDA = 1; i2cDelay();
  35   1          SCL = 1; i2cDelay();
  36   1          ack = SDA;
  37   1          SCL = 0; i2cDelay();
  38   1          return ack;
  39   1      }
  40          
  41          static void i2cSendAck(uchar ack)
  42          {
  43   1          SDA = (ack) ? 1 : 0; i2cDelay();
  44   1          SCL = 1;               i2cDelay();
  45   1          SCL = 0;
  46   1      }
  47          
  48          static void i2cSendByte(uchar dat)
  49          {
  50   1          uchar i;
  51   1          for (i = 0; i < 8; i++) {
  52   2              SDA = (dat & (0x80 >> i)) ? 1 : 0;
  53   2              i2cDelay();
  54   2              SCL = 1; i2cDelay();
C51 COMPILER V9.60.7.0   MPU6050                                                           06/26/2026 18:16:23 PAGE 2   

  55   2              SCL = 0;
  56   2          }
  57   1      }
  58          
  59          static uchar i2cRecvByte(void)
  60          {
  61   1          uchar i, dat = 0;
  62   1          SDA = 1;
  63   1          for (i = 0; i < 8; i++) {
  64   2              SCL = 1; i2cDelay();
  65   2              if (SDA) dat |= (0x80 >> i);
  66   2              SCL = 0; i2cDelay();
  67   2          }
  68   1          return dat;
  69   1      }
  70          
  71          static void writeReg(uchar reg, uchar dat)
  72          {
  73   1          i2cStart();
  74   1          i2cSendByte(SLAVE_ADDR); i2cRecvAck();
  75   1          i2cSendByte(reg);         i2cRecvAck();
  76   1          i2cSendByte(dat);         i2cRecvAck();
  77   1          i2cStop();
  78   1      }
  79          
  80          void mpu6050Init(void)
  81          {
  82   1          P0MDOUT |= 0x08;
  83   1          P0MDOUT &= ~0x04;
  84   1          P0MDIN  |= 0x0C;
  85   1          SCL = 1; SDA = 1;
  86   1      
  87   1          writeReg(REG_PWR_MGMT_1,  0x01);
  88   1          writeReg(REG_SMPLRT_DIV,  0x09);
  89   1          writeReg(REG_CONFIG,      0x06);
  90   1          writeReg(REG_GYRO_CONFIG, 0x18);
  91   1          writeReg(REG_ACCEL_CONFIG, 0x18);
  92   1      }
  93          
  94          void mpu6050ReadRegs(uchar reg, uchar *buf, uchar len)
  95          {
  96   1          uchar i;
  97   1      
  98   1          i2cStart();
  99   1          i2cSendByte(SLAVE_ADDR); i2cRecvAck();
 100   1          i2cSendByte(reg);         i2cRecvAck();
 101   1      
 102   1          i2cStart();
 103   1          i2cSendByte(SLAVE_ADDR | 0x01); i2cRecvAck();
 104   1          for (i = 0; i < len; i++) {
 105   2              buf[i] = i2cRecvByte();
 106   2              if (i < len - 1) i2cSendAck(0);
 107   2              else i2cSendAck(1);
 108   2          }
 109   1          i2cStop();
 110   1      }
 111          
 112          void mpu6050ReadAll(int *ax, int *ay, int *az, int *gx, int *gy, int *gz)
 113          {
 114   1          uchar xdata buf[14];
 115   1          mpu6050ReadRegs(REG_ACCEL_XOUT_H, buf, 14);
 116   1      
C51 COMPILER V9.60.7.0   MPU6050                                                           06/26/2026 18:16:23 PAGE 3   

 117   1          *ax  = ((int)buf[0]  << 8) | buf[1];
 118   1          *ay  = ((int)buf[2]  << 8) | buf[3];
 119   1          *az  = ((int)buf[4]  << 8) | buf[5];
 120   1          *gx  = ((int)buf[8]  << 8) | buf[9];
 121   1          *gy  = ((int)buf[10] << 8) | buf[11];
 122   1          *gz  = ((int)buf[12] << 8) | buf[13];
 123   1      }
 124          
 125          float xdata filterXZ = 0, filterYZ = 0, filterYX = 0;
 126          
 127          void mpu6050Filter(int ax, int ay, int az, int gx, int gy, int gz,
 128                             float *roll, float *pitch, float *yaw)
 129          {
 130   1          float accAngle;
 131   1      
 132   1          gx += GYRO_OFFSET_X;
 133   1          gy += GYRO_OFFSET_Y;
 134   1          gz += GYRO_OFFSET_Z;
 135   1      
 136   1          accAngle = -atan2(ax, az) / 3.1415926 * 180.0;
 137   1          filterXZ = FILTER_ALPHA * accAngle + (1.0 - FILTER_ALPHA) * (filterXZ + (float)gy / 32768.0 * 2000.0 *
             - 0.025);
 138   1      
 139   1          accAngle = -atan2(ay, az) / 3.1415926 * 180.0;
 140   1          filterYZ = FILTER_ALPHA * accAngle + (1.0 - FILTER_ALPHA) * (filterYZ + (float)gx / 32768.0 * 2000.0 *
             - 0.025);
 141   1      
 142   1          accAngle = -atan2(ay, ax) / 3.1415926 * 180.0;
 143   1          filterYX = FILTER_ALPHA * accAngle + (1.0 - FILTER_ALPHA) * (filterYX + (float)gz / 32768.0 * 2000.0 *
             - 0.025);
 144   1      
 145   1          *roll  = filterXZ;
 146   1          *pitch = filterYZ;
 147   1          *yaw   = filterYX;
 148   1      }


MODULE INFORMATION:   STATIC OVERLAYABLE
   CODE SIZE        =   1102    ----
   CONSTANT SIZE    =   ----    ----
   XDATA SIZE       =     12      14
   PDATA SIZE       =   ----    ----
   DATA SIZE        =   ----      48
   IDATA SIZE       =   ----    ----
   BIT SIZE         =   ----    ----
END OF MODULE INFORMATION.


C51 COMPILATION COMPLETE.  0 WARNING(S),  0 ERROR(S)
