C51 COMPILER V9.60.7.0   UART                                                              06/26/2026 13:28:15 PAGE 1   


C51 COMPILER V9.60.7.0, COMPILATION OF MODULE UART
OBJECT MODULE PLACED IN .\Objects\uart.obj
COMPILER INVOKED BY: D:\keilv5\C51\BIN\C51.EXE ..\lib\uart.c OPTIMIZE(8,SPEED) BROWSE INCDIR(..\lib) DEBUG OBJECTEXTEND 
                    -PRINT(.\Listings\uart.lst) TABS(2) OBJECT(.\Objects\uart.obj)

line level    source

   1          #include "uart.h"
   2          #include "stdio.h"
   3          
   4          #define SYS_CLK  24500000UL
   5          
   6          static ulong sysClk = SYS_CLK;
   7          
   8          void uartInit(void)
   9          {
  10   1          uartInitBaud(115200);
  11   1      }
  12          
  13          void uartInitBaud(ulong baud)
  14          {
  15   1          uchar reload;
  16   1      
  17   1          XBR0 |= 0x01;
  18   1          XBR1 |= 0x40;
  19   1      
  20   1          CKCON |= 0x08;
  21   1      
  22   1          TMOD = (TMOD & 0x0F) | 0x20;
  23   1      
  24   1          reload = (uchar)(256UL - sysClk / (2UL * baud));
  25   1          TH1 = reload;
  26   1      
  27   1          SCON0 = 0x10;
  28   1      
  29   1          TR1 = 1;
  30   1      
  31   1          TI0 = 1;
  32   1      }
  33          
  34          char putchar(char c)
  35          {
  36   1          while (TI0 == 0);
  37   1          TI0 = 0;
  38   1          SBUF0 = c;
  39   1          return c;
  40   1      }


MODULE INFORMATION:   STATIC OVERLAYABLE
   CODE SIZE        =     93    ----
   CONSTANT SIZE    =   ----    ----
   XDATA SIZE       =   ----    ----
   PDATA SIZE       =   ----    ----
   DATA SIZE        =      4       4
   IDATA SIZE       =   ----    ----
   BIT SIZE         =   ----    ----
END OF MODULE INFORMATION.


C51 COMPILATION COMPLETE.  0 WARNING(S),  0 ERROR(S)
