C51 COMPILER V9.60.7.0   MAIN                                                              06/27/2026 14:44:07 PAGE 1   


C51 COMPILER V9.60.7.0, COMPILATION OF MODULE MAIN
OBJECT MODULE PLACED IN .\Objects\main.obj
COMPILER INVOKED BY: D:\keilv5\C51\BIN\C51.EXE main.c OPTIMIZE(8,SPEED) BROWSE INCDIR(..\lib) DEBUG OBJECTEXTEND PRINT(.
                    -\Listings\main.lst) TABS(2) OBJECT(.\Objects\main.obj)

line level    source

   1          /**
   2           * OLED_Poem — OLED显示唐诗 刘禹锡-酬乐天
   3           */
   4          #include "sysinit.h"
   5          #include "oled7pin.h"
   6          #include "font_cn.h"
   7          
   8          enum {
   9              CN_CHEN=0, CN_ZHOU, CN_CE, CN_PAN, CN_QIAN, CN_FAN, CN_GUO, CN_DOU,
  10              CN_BING=8, CN_SHU, CN_QIAN2, CN_TOU, CN_WAN, CN_MU, CN_CHUN, CN_JU
  11          };
  12          
  13          void main(void)
  14          {
  15   1          sysInit();
  16   1          oledInit();
  17   1      
  18   1          /* 沉舟侧畔千帆过，*/
  19   1          oledShowCn(0,  0, CN_CHEN);
  20   1          oledShowCn(16, 0, CN_ZHOU);
  21   1          oledShowCn(32, 0, CN_CE);
  22   1          oledShowCn(48, 0, CN_PAN);
  23   1          oledShowCn(64, 0, CN_QIAN);
  24   1          oledShowCn(80, 0, CN_FAN);
  25   1          oledShowCn(96, 0, CN_GUO);
  26   1          oledShowCn(112,0, CN_DOU);
  27   1      
  28   1          /* 病树前头万木春。*/
  29   1          oledShowCn(0,  2, CN_BING);
  30   1          oledShowCn(16, 2, CN_SHU);
  31   1          oledShowCn(32, 2, CN_QIAN2);
  32   1          oledShowCn(48, 2, CN_TOU);
  33   1          oledShowCn(64, 2, CN_WAN);
  34   1          oledShowCn(80, 2, CN_MU);
  35   1          oledShowCn(96, 2, CN_CHUN);
  36   1          oledShowCn(112,2, CN_JU);
  37   1      
  38   1          while (1);
  39   1      }


MODULE INFORMATION:   STATIC OVERLAYABLE
   CODE SIZE        =    150    ----
   CONSTANT SIZE    =   1024    ----
   XDATA SIZE       =   ----    ----
   PDATA SIZE       =   ----    ----
   DATA SIZE        =   ----    ----
   IDATA SIZE       =   ----    ----
   BIT SIZE         =   ----    ----
END OF MODULE INFORMATION.


C51 COMPILATION COMPLETE.  0 WARNING(S),  0 ERROR(S)
