BL51 BANKED LINKER/LOCATER V6.22.4.0                                                    06/27/2026  14:44:07  PAGE 1


BL51 BANKED LINKER/LOCATER V6.22.4.0, INVOKED BY:
D:\KEILV5\C51\BIN\BL51.EXE .\Objects\main.obj, .\Objects\oled7pin.obj, .\Objects\sysinit.obj TO .\Objects\poem PRINT (.\
>> Listings\poem.m51) RAMSIZE (256)


MEMORY MODEL: SMALL


INPUT MODULES INCLUDED:
  .\Objects\main.obj (MAIN)
  .\Objects\oled7pin.obj (OLED7PIN)
  .\Objects\sysinit.obj (SYSINIT)
  D:\KEILV5\C51\LIB\C51S.LIB (?C_STARTUP)
  D:\KEILV5\C51\LIB\C51S.LIB (?C?CLDOPTR)
  D:\KEILV5\C51\LIB\C51S.LIB (?C?LMUL)
  D:\KEILV5\C51\LIB\C51S.LIB (?C?ULDIV)


LINK MAP OF MODULE:  .\Objects\poem (MAIN)


            TYPE    BASE      LENGTH    RELOCATION   SEGMENT NAME
            -----------------------------------------------------

            * * * * * * *   D A T A   M E M O R Y   * * * * * * *
            REG     0000H     0008H     ABSOLUTE     "REG BANK 0"
            DATA    0008H     000BH     UNIT         ?DT?_OLEDSHOWNUM?OLED7PIN
            DATA    0013H     0008H     UNIT         ?DT?_OLEDDRAWBMP?OLED7PIN
            DATA    001BH     0006H     UNIT         ?DT?_OLEDSHOWSTR?OLED7PIN
            DATA    0021H     0005H     UNIT         ?DT?_OLEDPOW10?OLED7PIN
            IDATA   0026H     0001H     UNIT         ?STACK

            * * * * * * *   C O D E   M E M O R Y   * * * * * * *
            CODE    0000H     0003H     ABSOLUTE     
            CODE    0003H     0818H     UNIT         ?CO?OLED7PIN
            CODE    081BH     0400H     UNIT         ?CO?MAIN
            CODE    0C1BH     014AH     UNIT         ?C?LIB_CODE
            CODE    0D65H     00ABH     UNIT         ?PR?OLEDINIT?OLED7PIN
            CODE    0E10H     0096H     UNIT         ?PR?MAIN?MAIN
            CODE    0EA6H     0078H     UNIT         ?PR?_OLEDSHOWNUM?OLED7PIN
            CODE    0F1EH     0062H     UNIT         ?PR?_OLEDSHOWCHAR?OLED7PIN
            CODE    0F80H     004BH     UNIT         ?PR?_OLEDDRAWBMP?OLED7PIN
            CODE    0FCBH     003DH     UNIT         ?PR?_OLEDSHOWSTR?OLED7PIN
            CODE    1008H     003CH     UNIT         ?PR?_OLEDSHOWCN?OLED7PIN
            CODE    1044H     0039H     UNIT         ?PR?_OLEDWRITEBYTE?OLED7PIN
            CODE    107DH     0037H     UNIT         ?PR?_OLEDPOW10?OLED7PIN
            CODE    10B4H     0027H     UNIT         ?PR?OLEDCLEAR?OLED7PIN
            CODE    10DBH     0020H     UNIT         ?PR?_OLEDSETPOS?OLED7PIN
            CODE    10FBH     001BH     UNIT         ?PR?_OLEDDELAYMS?OLED7PIN
            CODE    1116H     0011H     UNIT         ?PR?OLEDDISPLAYON?OLED7PIN
            CODE    1127H     0011H     UNIT         ?PR?OLEDDISPLAYOFF?OLED7PIN
            CODE    1138H     000FH     UNIT         ?PR?SYSINIT?SYSINIT
            CODE    1147H     000CH     UNIT         ?C_C51STARTUP
            CODE    1153H     0007H     UNIT         ?PR?SYSPCAINIT?SYSINIT
            CODE    115AH     0007H     UNIT         ?PR?SYSTIMERINIT?SYSINIT
            CODE    1161H     0004H     UNIT         ?PR?SYSPORTINIT?SYSINIT
            CODE    1165H     0004H     UNIT         ?PR?SYSOSCINIT?SYSINIT
            CODE    1169H     0004H     UNIT         ?PR?SYSINTINIT?SYSINIT
BL51 BANKED LINKER/LOCATER V6.22.4.0                                                  06/27/2026  14:44:07  PAGE 2





OVERLAY MAP OF MODULE:   .\Objects\poem (MAIN)


SEGMENT
  +--> CALLED SEGMENT
---------------------
?C_C51STARTUP
  +--> ?PR?MAIN?MAIN

?PR?MAIN?MAIN
  +--> ?PR?SYSINIT?SYSINIT
  +--> ?PR?OLEDINIT?OLED7PIN
  +--> ?PR?_OLEDSHOWCN?OLED7PIN

?PR?SYSINIT?SYSINIT
  +--> ?PR?SYSPCAINIT?SYSINIT
  +--> ?PR?SYSTIMERINIT?SYSINIT
  +--> ?PR?SYSPORTINIT?SYSINIT
  +--> ?PR?SYSOSCINIT?SYSINIT
  +--> ?PR?SYSINTINIT?SYSINIT

?PR?OLEDINIT?OLED7PIN
  +--> ?PR?_OLEDDELAYMS?OLED7PIN
  +--> ?PR?_OLEDWRITEBYTE?OLED7PIN
  +--> ?PR?OLEDCLEAR?OLED7PIN
  +--> ?PR?_OLEDSETPOS?OLED7PIN

?PR?OLEDCLEAR?OLED7PIN
  +--> ?PR?_OLEDWRITEBYTE?OLED7PIN

?PR?_OLEDSETPOS?OLED7PIN
  +--> ?PR?_OLEDWRITEBYTE?OLED7PIN

?PR?_OLEDSHOWCN?OLED7PIN
  +--> ?PR?_OLEDSETPOS?OLED7PIN
  +--> ?CO?MAIN
  +--> ?PR?_OLEDWRITEBYTE?OLED7PIN



SYMBOL TABLE OF MODULE:  .\Objects\poem (MAIN)

  VALUE           TYPE          NAME
  ----------------------------------

  -------         MODULE        MAIN
  C:0000H         SYMBOL        _ICE_DUMMY_
  D:0080H         PUBLIC        P0
  D:00E8H         PUBLIC        ADC0CN
  D:00A8H         PUBLIC        IE
  D:00D8H         PUBLIC        PCA0CN
  D:00B8H         PUBLIC        IP
  D:00C0H         PUBLIC        SMB0CN
  C:0E10H         PUBLIC        main
BL51 BANKED LINKER/LOCATER V6.22.4.0                                                  06/27/2026  14:44:07  PAGE 3


  C:081BH         PUBLIC        Hzk
  D:00F8H         PUBLIC        SPI0CN
  D:0088H         PUBLIC        TCON
  D:00C8H         PUBLIC        TMR2CN
  D:0098H         PUBLIC        SCON0
  D:00D0H         PUBLIC        PSW
  -------         PROC          MAIN
  C:0E10H         LINE#         13
  C:0E10H         LINE#         14
  C:0E10H         LINE#         15
  C:0E13H         LINE#         16
  C:0E16H         LINE#         19
  C:0E1DH         LINE#         20
  C:0E26H         LINE#         21
  C:0E2FH         LINE#         22
  C:0E38H         LINE#         23
  C:0E41H         LINE#         24
  C:0E4AH         LINE#         25
  C:0E53H         LINE#         26
  C:0E5CH         LINE#         29
  C:0E65H         LINE#         30
  C:0E6EH         LINE#         31
  C:0E77H         LINE#         32
  C:0E80H         LINE#         33
  C:0E89H         LINE#         34
  C:0E92H         LINE#         35
  C:0E9BH         LINE#         36
  C:0EA4H         LINE#         38
  -------         ENDPROC       MAIN
  -------         ENDMOD        MAIN

  -------         MODULE        OLED7PIN
  C:0000H         SYMBOL        _ICE_DUMMY_
  C:022BH         PUBLIC        f8x16
  B:0080H.2       PUBLIC        OLED_RST
  D:0080H         PUBLIC        P0
  C:0FCBH         PUBLIC        _oledShowStr
  C:10DBH         SYMBOL        _oledSetPos
  D:00E8H         PUBLIC        ADC0CN
  B:0080H.3       PUBLIC        OLED_DC
  D:00A8H         PUBLIC        IE
  C:10B4H         PUBLIC        oledClear
  D:00D8H         PUBLIC        PCA0CN
  C:0F80H         PUBLIC        _oledDrawBMP
  D:00B8H         PUBLIC        IP
  B:0080H.4       PUBLIC        OLED_CS
  C:1127H         PUBLIC        oledDisplayOff
  D:00C0H         PUBLIC        SMB0CN
  D:00F8H         PUBLIC        SPI0CN
  D:0088H         PUBLIC        TCON
  D:00C8H         PUBLIC        TMR2CN
  C:0D65H         PUBLIC        oledInit
  C:107DH         SYMBOL        _oledPow10
  C:1116H         PUBLIC        oledDisplayOn
  C:0F1EH         PUBLIC        _oledShowChar
  C:1055H         SYMBOL        _oledWriteByte
  C:0003H         PUBLIC        f6x8
BL51 BANKED LINKER/LOCATER V6.22.4.0                                                  06/27/2026  14:44:07  PAGE 4


  C:10FBH         PUBLIC        _oledDelayMs
  B:0080H.1       PUBLIC        OLED_SDA
  D:0098H         PUBLIC        SCON0
  B:0080H.0       PUBLIC        OLED_SCL
  D:00D0H         PUBLIC        PSW
  C:0EA6H         PUBLIC        _oledShowNum
  C:1008H         PUBLIC        _oledShowCn
  -------         PROC          _OLEDDELAYMS
  D:0006H         SYMBOL        ms
  -------         DO            
  D:0004H         SYMBOL        a
  -------         ENDDO         
  C:10FBH         LINE#         10
  C:10FBH         LINE#         11
  C:10FBH         LINE#         13
  C:1105H         LINE#         14
  C:1109H         LINE#         15
  C:1115H         LINE#         16
  C:1115H         LINE#         17
  -------         ENDPROC       _OLEDDELAYMS
  C:104EH         SYMBOL        L?0066
  -------         PROC          L?0065
  -------         ENDPROC       L?0065
  C:104EH         SYMBOL        L?0066
  -------         PROC          _OLEDWRITEBYTE
  D:0007H         SYMBOL        dat
  D:0005H         SYMBOL        cmd
  -------         DO            
  D:0006H         SYMBOL        i
  -------         ENDDO         
  C:1055H         LINE#         23
  C:1055H         LINE#         24
  C:1055H         LINE#         27
  C:1058H         LINE#         28
  C:105CH         LINE#         30
  C:105EH         LINE#         32
  C:1060H         LINE#         33
  C:1062H         LINE#         34
  C:1064H         LINE#         35
  C:1068H         LINE#         36
  C:106CH         LINE#         38
  C:106EH         LINE#         39
  C:1070H         LINE#         40
  C:1074H         LINE#         41
  C:1078H         LINE#         42
  C:107AH         LINE#         43
  C:107CH         LINE#         44
  -------         ENDPROC       _OLEDWRITEBYTE
  -------         PROC          _OLEDSETPOS
  D:0004H         SYMBOL        x
  D:0005H         SYMBOL        y
  C:10DBH         LINE#         47
  C:10DDH         LINE#         48
  C:10DDH         LINE#         49
  C:10E6H         LINE#         50
  C:10F2H         LINE#         51
  -------         ENDPROC       _OLEDSETPOS
BL51 BANKED LINKER/LOCATER V6.22.4.0                                                  06/27/2026  14:44:07  PAGE 5


  -------         PROC          OLEDDISPLAYON
  C:1116H         LINE#         56
  C:1116H         LINE#         57
  C:1116H         LINE#         58
  C:111DH         LINE#         59
  C:1122H         LINE#         60
  -------         ENDPROC       OLEDDISPLAYON
  -------         PROC          OLEDDISPLAYOFF
  C:1127H         LINE#         63
  C:1127H         LINE#         64
  C:1127H         LINE#         65
  C:112EH         LINE#         66
  C:1133H         LINE#         67
  -------         ENDPROC       OLEDDISPLAYOFF
  -------         PROC          OLEDCLEAR
  -------         DO            
  D:0004H         SYMBOL        i
  D:0003H         SYMBOL        n
  -------         ENDDO         
  C:10B4H         LINE#         70
  C:10B4H         LINE#         71
  C:10B4H         LINE#         73
  C:10B6H         LINE#         74
  C:10BFH         LINE#         75
  C:10C4H         LINE#         76
  C:10C9H         LINE#         77
  C:10CBH         LINE#         78
  C:10D6H         LINE#         79
  C:10DAH         LINE#         80
  -------         ENDPROC       OLEDCLEAR
  -------         PROC          OLEDINIT
  C:0D65H         LINE#         82
  C:0D65H         LINE#         83
  C:0D65H         LINE#         84
  C:0D67H         LINE#         85
  C:0D6EH         LINE#         86
  C:0D70H         LINE#         87
  C:0D77H         LINE#         88
  C:0D79H         LINE#         90
  C:0D80H         LINE#         91
  C:0D85H         LINE#         92
  C:0D8AH         LINE#         93
  C:0D8FH         LINE#         94
  C:0D94H         LINE#         95
  C:0D99H         LINE#         96
  C:0D9EH         LINE#         97
  C:0DA3H         LINE#         98
  C:0DA8H         LINE#         99
  C:0DADH         LINE#         100
  C:0DB2H         LINE#         101
  C:0DB7H         LINE#         102
  C:0DBCH         LINE#         103
  C:0DC1H         LINE#         104
  C:0DC6H         LINE#         105
  C:0DCBH         LINE#         106
  C:0DD0H         LINE#         107
  C:0DD5H         LINE#         108
BL51 BANKED LINKER/LOCATER V6.22.4.0                                                  06/27/2026  14:44:07  PAGE 6


  C:0DDAH         LINE#         109
  C:0DDFH         LINE#         110
  C:0DE4H         LINE#         111
  C:0DE9H         LINE#         112
  C:0DEEH         LINE#         113
  C:0DF3H         LINE#         114
  C:0DF8H         LINE#         115
  C:0DFDH         LINE#         116
  C:0E02H         LINE#         117
  C:0E07H         LINE#         119
  C:0E0AH         LINE#         120
  -------         ENDPROC       OLEDINIT
  -------         PROC          _OLEDSHOWCHAR
  D:0002H         SYMBOL        x
  D:0001H         SYMBOL        y
  D:0003H         SYMBOL        chr
  -------         DO            
  D:0003H         SYMBOL        c
  D:0004H         SYMBOL        i
  -------         ENDDO         
  C:0F1EH         LINE#         123
  C:0F22H         LINE#         124
  C:0F22H         LINE#         127
  C:0F26H         LINE#         128
  C:0F30H         LINE#         130
  C:0F37H         LINE#         131
  C:0F39H         LINE#         132
  C:0F57H         LINE#         133
  C:0F5FH         LINE#         134
  C:0F61H         LINE#         135
  C:0F7FH         LINE#         136
  -------         ENDPROC       _OLEDSHOWCHAR
  -------         PROC          _OLEDSHOWSTR
  D:001BH         SYMBOL        x
  D:001CH         SYMBOL        y
  D:001DH         SYMBOL        str
  -------         DO            
  D:0020H         SYMBOL        j
  -------         ENDDO         
  C:0FCBH         LINE#         138
  C:0FD5H         LINE#         139
  C:0FD5H         LINE#         140
  C:0FD8H         LINE#         141
  C:0FEAH         LINE#         142
  C:0FF1H         LINE#         143
  C:0FF7H         LINE#         144
  C:1003H         LINE#         145
  C:1005H         LINE#         146
  C:1007H         LINE#         147
  -------         ENDPROC       _OLEDSHOWSTR
  -------         PROC          _OLEDSHOWCN
  D:0002H         SYMBOL        x
  D:0001H         SYMBOL        y
  D:0003H         SYMBOL        no
  -------         DO            
  D:0004H         SYMBOL        t
  -------         ENDDO         
BL51 BANKED LINKER/LOCATER V6.22.4.0                                                  06/27/2026  14:44:07  PAGE 7


  C:1008H         LINE#         149
  C:100CH         LINE#         150
  C:100CH         LINE#         153
  C:100FH         LINE#         154
  C:1011H         LINE#         155
  C:1025H         LINE#         157
  C:102DH         LINE#         158
  C:102FH         LINE#         159
  C:1043H         LINE#         160
  -------         ENDPROC       _OLEDSHOWCN
  -------         PROC          _OLEDPOW10
  D:0021H         SYMBOL        n
  -------         DO            
  D:0022H         SYMBOL        r
  -------         ENDDO         
  C:107DH         LINE#         162
  C:107FH         LINE#         163
  C:107FH         LINE#         164
  C:1089H         LINE#         165
  C:10ABH         LINE#         166
  C:10B3H         LINE#         167
  -------         ENDPROC       _OLEDPOW10
  -------         PROC          _OLEDSHOWNUM
  D:0008H         SYMBOL        x
  D:0009H         SYMBOL        y
  D:000AH         SYMBOL        num
  D:000EH         SYMBOL        len
  D:000FH         SYMBOL        size
  -------         DO            
  D:0010H         SYMBOL        t
  D:0011H         SYMBOL        temp
  D:0012H         SYMBOL        enshow
  -------         ENDDO         
  C:0EA6H         LINE#         169
  C:0EAAH         LINE#         170
  C:0EAAH         LINE#         171
  C:0EADH         LINE#         173
  C:0EB6H         LINE#         174
  C:0EE0H         LINE#         175
  C:0EEEH         LINE#         176
  C:0EF2H         LINE#         177
  C:0EFFH         LINE#         178
  C:0F01H         LINE#         179
  C:0F01H         LINE#         180
  C:0F04H         LINE#         181
  C:0F04H         LINE#         182
  C:0F04H         LINE#         183
  C:0F19H         LINE#         184
  C:0F1DH         LINE#         185
  -------         ENDPROC       _OLEDSHOWNUM
  -------         PROC          _OLEDDRAWBMP
  D:0001H         SYMBOL        x0
  D:0002H         SYMBOL        y0
  D:0015H         SYMBOL        x1
  D:0016H         SYMBOL        y1
  D:0017H         SYMBOL        bmp
  -------         DO            
BL51 BANKED LINKER/LOCATER V6.22.4.0                                                  06/27/2026  14:44:07  PAGE 8


  D:0019H         SYMBOL        j
  D:0004H         SYMBOL        x
  D:0003H         SYMBOL        y
  -------         ENDDO         
  C:0F80H         LINE#         190
  C:0F86H         LINE#         191
  C:0F86H         LINE#         192
  C:0F8BH         LINE#         195
  C:0FA0H         LINE#         196
  C:0FA7H         LINE#         197
  C:0FAFH         LINE#         198
  C:0FC7H         LINE#         199
  C:0FCAH         LINE#         200
  -------         ENDPROC       _OLEDDRAWBMP
  -------         ENDMOD        OLED7PIN

  -------         MODULE        SYSINIT
  C:0000H         SYMBOL        _ICE_DUMMY_
  D:00E8H         PUBLIC        ADC0CN
  C:1153H         PUBLIC        sysPcaInit
  D:00A8H         PUBLIC        IE
  D:00D9H         PUBLIC        PCA0MD
  D:00D8H         PUBLIC        PCA0CN
  D:00B8H         PUBLIC        IP
  D:00E2H         PUBLIC        XBR1
  C:1165H         PUBLIC        sysOscInit
  C:1161H         PUBLIC        sysPortInit
  C:1169H         PUBLIC        sysIntInit
  D:00C0H         PUBLIC        SMB0CN
  D:00F8H         PUBLIC        SPI0CN
  D:0089H         PUBLIC        TMOD
  D:0088H         PUBLIC        TCON
  D:00C8H         PUBLIC        TMR2CN
  D:00B2H         PUBLIC        OSCICN
  D:0098H         PUBLIC        SCON0
  C:1138H         PUBLIC        sysInit
  D:00D0H         PUBLIC        PSW
  C:115AH         PUBLIC        sysTimerInit
  -------         PROC          SYSPCAINIT
  C:1153H         LINE#         3
  C:1153H         LINE#         4
  C:1153H         LINE#         5
  C:1156H         LINE#         6
  C:1159H         LINE#         7
  -------         ENDPROC       SYSPCAINIT
  -------         PROC          SYSTIMERINIT
  C:115AH         LINE#         9
  C:115AH         LINE#         10
  C:115AH         LINE#         11
  C:115DH         LINE#         12
  C:1160H         LINE#         13
  -------         ENDPROC       SYSTIMERINIT
  -------         PROC          SYSPORTINIT
  C:1161H         LINE#         15
  C:1161H         LINE#         16
  C:1161H         LINE#         17
  C:1164H         LINE#         18
BL51 BANKED LINKER/LOCATER V6.22.4.0                                                  06/27/2026  14:44:07  PAGE 9


  -------         ENDPROC       SYSPORTINIT
  -------         PROC          SYSOSCINIT
  C:1165H         LINE#         20
  C:1165H         LINE#         21
  C:1165H         LINE#         22
  C:1168H         LINE#         23
  -------         ENDPROC       SYSOSCINIT
  -------         PROC          SYSINTINIT
  C:1169H         LINE#         25
  C:1169H         LINE#         26
  C:1169H         LINE#         27
  C:116CH         LINE#         28
  -------         ENDPROC       SYSINTINIT
  -------         PROC          SYSINIT
  C:1138H         LINE#         30
  C:1138H         LINE#         31
  C:1138H         LINE#         32
  C:113BH         LINE#         33
  C:113EH         LINE#         34
  C:1141H         LINE#         35
  C:1144H         LINE#         36
  -------         ENDPROC       SYSINIT
  -------         ENDMOD        SYSINIT

  -------         MODULE        ?C?CLDOPTR
  C:0C1BH         PUBLIC        ?C?CLDOPTR
  -------         ENDMOD        ?C?CLDOPTR

  -------         MODULE        ?C?LMUL
  C:0C48H         PUBLIC        ?C?LMUL
  -------         ENDMOD        ?C?LMUL

  -------         MODULE        ?C?ULDIV
  C:0CD3H         PUBLIC        ?C?ULDIV
  -------         ENDMOD        ?C?ULDIV

*** WARNING L16: UNCALLED SEGMENT, IGNORED FOR OVERLAY PROCESS
    SEGMENT: ?PR?OLEDDISPLAYON?OLED7PIN

*** WARNING L16: UNCALLED SEGMENT, IGNORED FOR OVERLAY PROCESS
    SEGMENT: ?PR?OLEDDISPLAYOFF?OLED7PIN

*** WARNING L16: UNCALLED SEGMENT, IGNORED FOR OVERLAY PROCESS
    SEGMENT: ?PR?_OLEDSHOWSTR?OLED7PIN

*** WARNING L16: UNCALLED SEGMENT, IGNORED FOR OVERLAY PROCESS
    SEGMENT: ?PR?_OLEDSHOWNUM?OLED7PIN

*** WARNING L16: UNCALLED SEGMENT, IGNORED FOR OVERLAY PROCESS
    SEGMENT: ?PR?_OLEDDRAWBMP?OLED7PIN

Program Size: data=39.0 xdata=0 code=4461
LINK/LOCATE RUN COMPLETE.  5 WARNING(S),  0 ERROR(S)
