C51 COMPILER V9.60.7.0   DS18B20                                                           06/27/2026 17:05:42 PAGE 1   


C51 COMPILER V9.60.7.0, COMPILATION OF MODULE DS18B20
OBJECT MODULE PLACED IN .\Objects\ds18b20.obj
COMPILER INVOKED BY: D:\keilv5\C51\BIN\C51.EXE ds18b20.c LARGE OPTIMIZE(8,SPEED) BROWSE INCDIR(..\lib) DEBUG OBJECTEXTEN
                    -D PRINT(.\Listings\ds18b20.lst) TABS(2) OBJECT(.\Objects\ds18b20.obj)

line level    source

   1          /**
   2           * DS18B20 1-Wire 时序 (24.5MHz/12 ≈ 2.04MHz 机器周期):
   3           *   delay(n)       ≈ n * 0.5us
   4           *   delay10us(n)   ≈ n * 10us (调用 delay(18))
   5           */
   6          
   7          #include "config.h"
   8          #include "intrins.h"
   9          
  10          /* ===== 内部延时 ===== */
  11          static void delay(uint n)
  12          {
  13   1          while (n--) { _nop_(); _nop_(); }
  14   1      }
  15          
  16          static void delay10us(uchar n)
  17          {
  18   1          uchar i;
  19   1          for (i = 0; i < n; i++) delay(18);
  20   1      }
  21          
  22          /* ===== 1-Wire 复位 ===== */
  23          static uchar owReset(void)
  24          {
  25   1          uchar presence;
  26   1          DQ = 0;
  27   1          delay10us(50);
  28   1          DQ = 1;
  29   1          delay10us(5);
  30   1          presence = DQ;
  31   1          delay10us(50);
  32   1          return presence;
  33   1      }
  34          
  35          /* ===== 1-Wire 写字节 ===== */
  36          static void owWrite(uchar dat)
  37          {
  38   1          uchar i;
  39   1          for (i = 0; i < 8; i++) {
  40   2              DQ = 0;
  41   2              delay(2);
  42   2              DQ = dat & 0x01;
  43   2              delay10us(6);
  44   2              DQ = 1;
  45   2              dat >>= 1;
  46   2              delay(2);
  47   2          }
  48   1      }
  49          
  50          /* ===== 1-Wire 读字节 ===== */
  51          static uchar owRead(void)
  52          {
  53   1          uchar i, dat = 0;
  54   1          for (i = 0; i < 8; i++) {
C51 COMPILER V9.60.7.0   DS18B20                                                           06/27/2026 17:05:42 PAGE 2   

  55   2              DQ = 0;
  56   2              delay(2);
  57   2              dat >>= 1;
  58   2              DQ = 1;
  59   2              delay(2);
  60   2              if (DQ) dat |= 0x80;
  61   2              delay10us(5);
  62   2          }
  63   1          return dat;
  64   1      }
  65          
  66          /* ===== API ===== */
  67          
  68          void ds18b20Init(void)
  69          {
  70   1          DQ = 1;
  71   1      }
  72          
  73          void ds18b20Start(void)
  74          {
  75   1          owReset();
  76   1          owWrite(0xCC);
  77   1          owWrite(0x44);
  78   1      }
  79          
  80          uint ds18b20Read(void)
  81          {
  82   1          uchar lo, hi;
  83   1          uint raw16;
  84   1      
  85   1          owReset();
  86   1          owWrite(0xCC);
  87   1          owWrite(0xBE);
  88   1      
  89   1          lo = owRead();
  90   1          hi = owRead();
  91   1      
  92   1          raw16 = ((uint)hi << 8) | lo;
  93   1      
  94   1          return (uint)((raw16 * 100UL) / 16);
  95   1      }
  96          
  97          static void waitMs(uint ms)
  98          {
  99   1          uchar j;
 100   1          while (ms--) {
 101   2              for (j = 0; j < 250; j++);
 102   2          }
 103   1      }
 104          
 105          uint ds18b20ReadTemp(void)
 106          {
 107   1          ds18b20Start();
 108   1          waitMs(750);
 109   1          return ds18b20Read();
 110   1      }


MODULE INFORMATION:   STATIC OVERLAYABLE
   CODE SIZE        =    231    ----
   CONSTANT SIZE    =   ----    ----
   XDATA SIZE       =   ----       1
C51 COMPILER V9.60.7.0   DS18B20                                                           06/27/2026 17:05:42 PAGE 3   

   PDATA SIZE       =   ----    ----
   DATA SIZE        =   ----    ----
   IDATA SIZE       =   ----    ----
   BIT SIZE         =   ----    ----
END OF MODULE INFORMATION.


C51 COMPILATION COMPLETE.  0 WARNING(S),  0 ERROR(S)
