C51 COMPILER V9.60.7.0   MAIN                                                              06/27/2026 17:05:42 PAGE 1   


C51 COMPILER V9.60.7.0, COMPILATION OF MODULE MAIN
OBJECT MODULE PLACED IN .\Objects\main.obj
COMPILER INVOKED BY: D:\keilv5\C51\BIN\C51.EXE main.c LARGE OPTIMIZE(8,SPEED) BROWSE INCDIR(..\lib) DEBUG OBJECTEXTEND P
                    -RINT(.\Listings\main.lst) TABS(2) OBJECT(.\Objects\main.obj)

line level    source

   1          /**
   2           * sensorFusion — 多传感器融合
   3           *
   4           * Key2: 切换 超声波->电压->温度   Key1: 温度下切换 ℃/℉
   5           */
   6          #include "config.h"
   7          
   8          /* ===== 状态 ===== */
   9          #define STATE_BOOT  0
  10          #define STATE_ULTRA 1
  11          #define STATE_ADC   2
  12          #define STATE_TEMP  3
  13          
  14          static uchar code keyTable[16] = {
  15              0x77,0xB7,0xD7,0xE7, 0x7B,0xBB,0xDB,0xEB,
  16              0x7D,0xBD,0xDD,0xED, 0x7E,0xBE,0xDE,0xEE
  17          };
  18          
  19          static uchar keyScan(void)
  20          {
  21   1          uchar s1, s2, kc, j;
  22   1          P2 = 0xF0; s1 = P2;
  23   1          if ((s1 & 0xF0) == 0xF0) return 0;
  24   1          { uint d; for (d = 0; d < 6000; d++); }
  25   1          P2 = 0xF0; s1 = P2;
  26   1          if ((s1 & 0xF0) == 0xF0) return 0;
  27   1          P2 = 0x0F; s2 = P2;
  28   1          kc = s1 | s2;
  29   1          for (j = 0; j < 16; j++)
  30   1              if (kc == keyTable[j]) return j + 1;
  31   1          return 0;
  32   1      }
  33          
  34          static void delayShort(void) { uint i; for (i = 0; i < 30000; i++); }
  35          
  36          /** 延时并轮询所有按键, 返回按键值(0=超时) */
  37          static uchar delayPoll(uchar n)
  38          {
  39   1          uchar k;
  40   1          while (n--) {
  41   2              delayShort();
  42   2              k = keyScan();
  43   2              if (k) return k;
  44   2          }
  45   1          return 0;
  46   1      }
  47          
  48          static void oledShowFloat(uchar x, uchar y, uint val)
  49          {
  50   1          uchar buf[7];
  51   1          buf[0] = '0' + (val / 1000) % 10;
  52   1          buf[1] = '0' + (val / 100) % 10;
  53   1          buf[2] = '.';
  54   1          buf[3] = '0' + (val / 10) % 10;
C51 COMPILER V9.60.7.0   MAIN                                                              06/27/2026 17:05:42 PAGE 2   

  55   1          buf[4] = '0' + val % 10;
  56   1          buf[5] = 0;
  57   1          oledShowStr(x, y, buf);
  58   1      }
  59          
  60          /**
  61           * 开机动画
  62           */
  63          static void bootAnim(void)
  64          {
  65   1          uchar code *msg = "Welcome!";
  66   1          uchar i, buf[10], j;
  67   1      
  68   1          for (i = 0; msg[i]; i++) {
  69   2              buf[i]   = msg[i];
  70   2              buf[i+1] = 0;
  71   2              oledShowStr(32, 3, buf);
  72   2              for ( j = 0; j<10; j++)delayShort();
  73   2          }
  74   1          delayShort();
  75   1          delayShort();
  76   1      }
  77          
  78          void main(void)
  79          {
  80   1          uchar state  = STATE_BOOT;
  81   1          uchar lastKey = 0, key, fahrMode = 0, refresh = 1;
  82   1          uint  dist, volt, temp, lastDist = 0xFFFF, lastVolt = 0xFFFF, lastTemp = 0xFFFF;
  83   1      
  84   1          sysInit();
  85   1          oledInit();
  86   1          buzzerInit();
  87   1          ultraInit();
  88   1          ds18b20Init();
  89   1          pcf8591Init();
  90   1          P0MDOUT |= 0x40; 
  91   1          P2MDOUT  = 0x0F; P2 = 0xFF;
  92   1      
  93   1          /* ---- 开机动画 ---- */
  94   1          bootAnim();
  95   1          oledClear();
  96   1          state   = STATE_ULTRA;
  97   1          refresh = 1;
  98   1      
  99   1          while (1)
 100   1          {
 101   2              key = keyScan();
 102   2              if (key && key != lastKey) {
 103   3                  if (key == 2) {
 104   4                      state++;
 105   4                      if (state > STATE_TEMP) state = STATE_ULTRA;
 106   4                      refresh   = 1;
 107   4                  }
 108   3                  if (key == 1 && state == STATE_TEMP) {
 109   4                      fahrMode = !fahrMode;
 110   4                      refresh  = 1;
 111   4                  }
 112   3                  lastKey = key;
 113   3                  while (keyScan()) {}  /* 等松开 */
 114   3                  lastKey = 0;          /* 复位, 允许下次再按 */
 115   3              }
 116   2      
C51 COMPILER V9.60.7.0   MAIN                                                              06/27/2026 17:05:42 PAGE 3   

 117   2              switch (state) {
 118   3      
 119   3              case STATE_ULTRA:
 120   3                  dist = ultraRead();
 121   3                  if (dist != lastDist) { refresh = 1; lastDist = dist; }
 122   3                  if (refresh) {
 123   4                      oledClear();
 124   4                      oledShowStr(0, 0, "Distance:");
 125   4                      if (dist < 400) {
 126   5                          oledShowNum(0, 2, dist, 3, 16);
 127   5                          oledShowStr(32, 2, "cm");
 128   5                      } else {
 129   5                          oledShowStr(0, 2, "Out of range");
 130   5                      }
 131   4                      refresh = 0;
 132   4                  }
 133   3                  /* <80cm 嘀嘀声, 距离越近越急促 */
 134   3                  if (dist < 80) {
 135   4                      uchar n;
 136   4                      buzzerBeep(2500, 40);
 137   4                      for (n = dist / 4 + 1; n; n--) delayPoll(1);
 138   4                  } else {
 139   4                      delayPoll(3);
 140   4                  }
 141   3                  break;
 142   3      
 143   3              case STATE_ADC:
 144   3                  volt = (uint)pcf8591ReadADC(1) * 5000UL / 255UL;
 145   3                  if (volt != lastVolt) { refresh = 1; lastVolt = volt; }
 146   3                  if (refresh) {
 147   4                      oledClear();
 148   4                      oledShowStr(0, 0, "ADC Voltage:");
 149   4                      oledShowFloat(0, 2, volt / 10);
 150   4                      oledShowStr(56, 2, "V");
 151   4                      refresh = 0;
 152   4                  }
 153   3                  delayPoll(3);
 154   3                  break;
 155   3      
 156   3              case STATE_TEMP:
 157   3                  ds18b20Start();
 158   3                  if (delayPoll(20) == 2) {
 159   4                      state   = STATE_ULTRA;
 160   4                      refresh = 1;
 161   4                      lastKey = 2;
 162   4                      while (keyScan()) {}  /* 等松开, 防主循环重复处理 */
 163   4                      lastKey = 0;
 164   4                      break;
 165   4                  }
 166   3                  temp = ds18b20Read();
 167   3      
 168   3                  if (temp > 3200) {
 169   4                      buzzerBeep(2500, 60);   /* 嘀 */
 170   4                      { uint d; for(d=0;d<12000;d++); }
 171   4                      buzzerBeep(2500, 60);   /* 嘀 */
 172   4                      delayPoll(2);
 173   4                  }
 174   3      
 175   3                  if (fahrMode)
 176   3                      temp = (uint)((ulong)temp * 9UL / 5UL) + 3200UL;
 177   3                  if (temp != lastTemp) { refresh = 1; lastTemp = temp; }
 178   3                  if (refresh) {
C51 COMPILER V9.60.7.0   MAIN                                                              06/27/2026 17:05:42 PAGE 4   

 179   4                      oledClear();
 180   4                      oledShowStr(0, 0, fahrMode ? "Temp(F):" : "Temp(C):");
 181   4                      oledShowFloat(0, 2, temp);
 182   4                      refresh = 0;
 183   4                  }
 184   3                  delayPoll(3);
 185   3                  break;
 186   3              }
 187   2          }
 188   1      }


MODULE INFORMATION:   STATIC OVERLAYABLE
   CODE SIZE        =   1128    ----
   CONSTANT SIZE    =     84    ----
   XDATA SIZE       =   ----      42
   PDATA SIZE       =   ----    ----
   DATA SIZE        =   ----    ----
   IDATA SIZE       =   ----    ----
   BIT SIZE         =   ----    ----
END OF MODULE INFORMATION.


C51 COMPILATION COMPLETE.  0 WARNING(S),  0 ERROR(S)
