C51 COMPILER V9.60.7.0   OLED7PIN                                                          06/29/2026 15:49:26 PAGE 1   


C51 COMPILER V9.60.7.0, COMPILATION OF MODULE OLED7PIN
OBJECT MODULE PLACED IN .\Objects\oled7pin.obj
COMPILER INVOKED BY: D:\keilv5\C51\BIN\C51.EXE ..\lib\oled7pin.c LARGE OPTIMIZE(8,SPEED) BROWSE INCDIR(..\lib) DEBUG OBJ
                    -ECTEXTEND PRINT(.\Listings\oled7pin.lst) TABS(2) OBJECT(.\Objects\oled7pin.obj)

line level    source

   1          /**
   2           * oled7pin.c — SSD1306 OLED 128×64 7pin SPI 驱动
   3           */
   4          #include "config.h"
   5          #include "oledfont.h"
   6          
   7          /* ===== 内部辅助 ===== */
   8          
   9          /** 软件延时 ms (24.5MHz 下约 1ms) */
  10          void oledDelayMs(uint ms)
  11          {
  12   1          uint a;
  13   1          while (ms--) {
  14   2              a = 1800;
  15   2              while (a--);
  16   2          }
  17   1      }
  18          
  19          /**
  20           * 向 SSD1306 写一字节
  21           * dat: 数据, cmd: OLED_CMD(0)命令 / OLED_DATA(1)数据
  22           */
  23          void oledWriteByte(uchar dat, uchar cmd)
  24          {
  25   1          uchar i;
  26   1      
  27   1          if (cmd)
  28   1              OLED_DC_SET();
  29   1          else
  30   1              OLED_DC_CLR();
  31   1      
  32   1          OLED_CS_CLR();
  33   1          for (i = 0; i < 8; i++) {
  34   2              OLED_SCL_CLR();
  35   2              if (dat & 0x80)
  36   2                  OLED_SDA_SET();
  37   2              else
  38   2                  OLED_SDA_CLR();
  39   2              OLED_SCL_SET();
  40   2              dat <<= 1;
  41   2          }
  42   1          OLED_CS_SET();
  43   1          OLED_DC_SET();
  44   1      }
  45          
  46          /** 设置光标位置 (x:0~127, y:0~7页) */
  47          static void oledSetPos(uchar x, uchar y)
  48          {
  49   1          oledWriteByte(0xb0 + y, OLED_CMD);
  50   1          oledWriteByte(((x & 0xf0) >> 4) | 0x10, OLED_CMD);
  51   1          oledWriteByte((x & 0x0f) | 0x01, OLED_CMD);
  52   1      }
  53          
  54          /* ===== 公开 API ===== */
C51 COMPILER V9.60.7.0   OLED7PIN                                                          06/29/2026 15:49:26 PAGE 2   

  55          
  56          void oledDisplayOn(void)
  57          {
  58   1          oledWriteByte(0x8D, OLED_CMD);
  59   1          oledWriteByte(0x14, OLED_CMD);
  60   1          oledWriteByte(0xAF, OLED_CMD);
  61   1      }
  62          
  63          void oledDisplayOff(void)
  64          {
  65   1          oledWriteByte(0x8D, OLED_CMD);
  66   1          oledWriteByte(0x10, OLED_CMD);
  67   1          oledWriteByte(0xAE, OLED_CMD);
  68   1      }
  69          
  70          void oledClear(void)
  71          {
  72   1          uchar i, n;
  73   1          for (i = 0; i < 8; i++) {
  74   2              oledWriteByte(0xb0 + i, OLED_CMD);
  75   2              oledWriteByte(0x00, OLED_CMD);
  76   2              oledWriteByte(0x10, OLED_CMD);
  77   2              for (n = 0; n < 128; n++)
  78   2                  oledWriteByte(0x00, OLED_DATA);
  79   2          }
  80   1      }
  81          
  82          void oledInit(void)
  83          {
  84   1          OLED_RST_SET();
  85   1          oledDelayMs(100);
  86   1          OLED_RST_CLR();
  87   1          oledDelayMs(100);
  88   1          OLED_RST_SET();
  89   1      
  90   1          oledWriteByte(0xAE, OLED_CMD); /* display off */
  91   1          oledWriteByte(0x00, OLED_CMD); /* set low column */
  92   1          oledWriteByte(0x10, OLED_CMD); /* set high column */
  93   1          oledWriteByte(0x40, OLED_CMD); /* start line */
  94   1          oledWriteByte(0x81, OLED_CMD); /* contrast */
  95   1          oledWriteByte(0xCF, OLED_CMD);
  96   1          oledWriteByte(0xA1, OLED_CMD); /* segment remap */
  97   1          oledWriteByte(0xC8, OLED_CMD); /* COM scan dir */
  98   1          oledWriteByte(0xA6, OLED_CMD); /* normal display */
  99   1          oledWriteByte(0xA8, OLED_CMD); /* MUX ratio */
 100   1          oledWriteByte(0x3F, OLED_CMD); /* 1/64 duty */
 101   1          oledWriteByte(0xD3, OLED_CMD); /* display offset */
 102   1          oledWriteByte(0x00, OLED_CMD);
 103   1          oledWriteByte(0xD5, OLED_CMD); /* clock div */
 104   1          oledWriteByte(0x80, OLED_CMD);
 105   1          oledWriteByte(0xD9, OLED_CMD); /* pre-charge */
 106   1          oledWriteByte(0xF1, OLED_CMD);
 107   1          oledWriteByte(0xDA, OLED_CMD); /* COM pins */
 108   1          oledWriteByte(0x12, OLED_CMD);
 109   1          oledWriteByte(0xDB, OLED_CMD); /* VCOMH */
 110   1          oledWriteByte(0x40, OLED_CMD);
 111   1          oledWriteByte(0x20, OLED_CMD); /* addressing mode */
 112   1          oledWriteByte(0x02, OLED_CMD); /* page mode */
 113   1          oledWriteByte(0x8D, OLED_CMD); /* charge pump */
 114   1          oledWriteByte(0x14, OLED_CMD);
 115   1          oledWriteByte(0xA4, OLED_CMD); /* entire disp off */
 116   1          oledWriteByte(0xA6, OLED_CMD); /* normal */
C51 COMPILER V9.60.7.0   OLED7PIN                                                          06/29/2026 15:49:26 PAGE 3   

 117   1          oledWriteByte(0xAF, OLED_CMD); /* display on */
 118   1      
 119   1          oledClear();
 120   1          oledSetPos(0, 0);
 121   1      }
 122          
 123          void oledShowChar(uchar x, uchar y, uchar chr)
 124          {
 125   1          uchar c, i;
 126   1      
 127   1          c = chr - ' ';
 128   1          if (x > OLED_COL_MAX - 1) { x = 0; y += 2; }
 129   1      
 130   1          oledSetPos(x, y);
 131   1          for (i = 0; i < 8; i++)
 132   1              oledWriteByte(f8x16[c * 16 + i], OLED_DATA);
 133   1          oledSetPos(x, y + 1);
 134   1          for (i = 0; i < 8; i++)
 135   1              oledWriteByte(f8x16[c * 16 + i + 8], OLED_DATA);
 136   1      }
 137          
 138          void oledShowStr(uchar x, uchar y, uchar *str)
 139          {
 140   1          uchar j = 0;
 141   1          while (str[j] != '\0') {
 142   2              oledShowChar(x, y, str[j]);
 143   2              x += 8;
 144   2              if (x > 120) { x = 0; y += 2; }
 145   2              j++;
 146   2          }
 147   1      }
 148          
 149          void oledShowCn(uchar x, uchar y, uchar no)
 150          {
 151   1          uchar t;
 152   1      
 153   1          oledSetPos(x, y);
 154   1          for (t = 0; t < 16; t++)
 155   1              oledWriteByte(Hzk[2 * no][t], OLED_DATA);
 156   1      
 157   1          oledSetPos(x, y + 1);
 158   1          for (t = 0; t < 16; t++)
 159   1              oledWriteByte(Hzk[2 * no + 1][t], OLED_DATA);
 160   1      }
 161          
 162          /** 窄字符版(8×16), 只写有效8字节, 间距8px */
 163          void oledShowChar8(uchar x, uchar y, uchar no)
 164          {
 165   1          uchar t;
 166   1      
 167   1          oledSetPos(x, y);
 168   1          for (t = 0; t < 8; t++)
 169   1              oledWriteByte(Hzk[2 * no][t], OLED_DATA);
 170   1      
 171   1          oledSetPos(x, y + 1);
 172   1          for (t = 0; t < 8; t++)
 173   1              oledWriteByte(Hzk[2 * no + 1][t], OLED_DATA);
 174   1      }
 175          
 176          static ulong oledPow10(uchar n)
 177          {
 178   1          ulong r = 1;
C51 COMPILER V9.60.7.0   OLED7PIN                                                          06/29/2026 15:49:26 PAGE 4   

 179   1          while (n--) r *= 10;
 180   1          return r;
 181   1      }
 182          
 183          void oledShowNum(uchar x, uchar y, ulong num, uchar len, uchar size)
 184          {
 185   1          uchar t, temp, enshow = 0;
 186   1      
 187   1          for (t = 0; t < len; t++) {
 188   2              temp = (num / oledPow10(len - t - 1)) % 10;
 189   2              if (enshow == 0 && t < (len - 1)) {
 190   3                  if (temp == 0) {
 191   4                      oledShowChar(x + (size / 2) * t, y, ' ');
 192   4                      continue;
 193   4                  } else {
 194   4                      enshow = 1;
 195   4                  }
 196   3              }
 197   2              oledShowChar(x + (size / 2) * t, y, temp + '0');
 198   2          }
 199   1      }
 200          
 201          /**
 202           * 画 BMP, x0/y0 起始, x1 宽(像素), y1 高(页数, 8页=64像素)
 203           */
 204          void oledDrawBMP(uchar x0, uchar y0, uchar x1, uchar y1, uchar code *bmp)
 205          {
 206   1          uint j = 0;
 207   1          uchar x, y;
 208   1      
 209   1          for (y = y0; y < y0 + y1; y++) {
 210   2              oledSetPos(x0, y);
 211   2              for (x = x0; x < x1; x++)
 212   2                  oledWriteByte(bmp[j++], OLED_DATA);
 213   2          }
 214   1      }


MODULE INFORMATION:   STATIC OVERLAYABLE
   CODE SIZE        =   1011    ----
   CONSTANT SIZE    =   3160    ----
   XDATA SIZE       =   ----      30
   PDATA SIZE       =   ----    ----
   DATA SIZE        =   ----    ----
   IDATA SIZE       =   ----    ----
   BIT SIZE         =   ----    ----
END OF MODULE INFORMATION.


C51 COMPILATION COMPLETE.  0 WARNING(S),  0 ERROR(S)
