BL51 BANKED LINKER/LOCATER V6.22.4.0                                                    06/27/2026  14:56:18  PAGE 1


BL51 BANKED LINKER/LOCATER V6.22.4.0, INVOKED BY:
D:\KEILV5\C51\BIN\BL51.EXE .\Objects\main.obj, .\Objects\keyboard.obj, .\Objects\segdisplay.obj, .\Objects\sysinit.obj, 
>> .\Objects\uart.obj TO .\Objects\keys PRINT (.\Listings\keys.m51) RAMSIZE (256)


MEMORY MODEL: SMALL


INPUT MODULES INCLUDED:
  .\Objects\main.obj (MAIN)
  .\Objects\keyboard.obj (KEYBOARD)
  .\Objects\segdisplay.obj (SEGDISPLAY)
  .\Objects\sysinit.obj (SYSINIT)
  .\Objects\uart.obj (UART)
  D:\KEILV5\C51\LIB\C51S.LIB (?C_STARTUP)
  D:\KEILV5\C51\LIB\C51S.LIB (?C?CLDOPTR)
  D:\KEILV5\C51\LIB\C51S.LIB (?C?UIDIV)
  D:\KEILV5\C51\LIB\C51S.LIB (?C?LMUL)
  D:\KEILV5\C51\LIB\C51S.LIB (?C?ULDIV)
  D:\KEILV5\C51\LIB\C51S.LIB (?C?ULCMP)
  D:\KEILV5\C51\LIB\C51S.LIB (PRINTF)
  D:\KEILV5\C51\LIB\C51S.LIB (?C_INIT)
  D:\KEILV5\C51\LIB\C51S.LIB (?C?CLDPTR)
  D:\KEILV5\C51\LIB\C51S.LIB (?C?CSTPTR)
  D:\KEILV5\C51\LIB\C51S.LIB (?C?PLDIIDATA)
  D:\KEILV5\C51\LIB\C51S.LIB (?C?CCASE)


LINK MAP OF MODULE:  .\Objects\keys (MAIN)


            TYPE    BASE      LENGTH    RELOCATION   SEGMENT NAME
            -----------------------------------------------------

            * * * * * * *   D A T A   M E M O R Y   * * * * * * *
            REG     0000H     0008H     ABSOLUTE     "REG BANK 0"
            DATA    0008H     0016H     UNIT         _DATA_GROUP_
                    001EH     0002H                  *** GAP ***
            BIT     0020H.0   0001H.1   UNIT         _BIT_GROUP_
                    0021H.1   0000H.7                *** GAP ***
            DATA    0022H     0005H     UNIT         ?DT?_SEGSHOW?SEGDISPLAY
            DATA    0027H     0005H     UNIT         ?DT?SEGDISPLAY
            DATA    002CH     0004H     UNIT         ?DT?UART
            DATA    0030H     0003H     UNIT         ?DT?_SEGSHOWBUF?SEGDISPLAY
            IDATA   0033H     0001H     UNIT         ?STACK

            * * * * * * *   C O D E   M E M O R Y   * * * * * * *
            CODE    0000H     0003H     ABSOLUTE     
            CODE    0003H     035CH     UNIT         ?PR?PRINTF?PRINTF
            CODE    035FH     0211H     UNIT         ?C?LIB_CODE
            CODE    0570H     00D3H     UNIT         ?PR?_UARTINITBAUD?UART
            CODE    0643H     008FH     UNIT         ?PR?_SEGSHOW?SEGDISPLAY
            CODE    06D2H     008CH     UNIT         ?C_C51STARTUP
            CODE    075EH     0041H     UNIT         ?PR?SEGSCAN?SEGDISPLAY
            CODE    079FH     003EH     UNIT         ?PR?MAIN?MAIN
            CODE    07DDH     003BH     UNIT         ?CO?MAIN
            CODE    0818H     003BH     UNIT         ?PR?_SEGSHOWHEX?SEGDISPLAY
            CODE    0853H     0039H     UNIT         ?PR?KEYSCAN?KEYBOARD
BL51 BANKED LINKER/LOCATER V6.22.4.0                                                  06/27/2026  14:56:18  PAGE 2


            CODE    088CH     0031H     UNIT         ?PR?_SEGSHOWRAW?SEGDISPLAY
            CODE    08BDH     002DH     UNIT         ?PR?KBDSCAN?MAIN
            CODE    08EAH     002BH     UNIT         ?PR?_SEGSHOWBUF?SEGDISPLAY
            CODE    0915H     0021H     UNIT         ?PR?SEGINIT?SEGDISPLAY
            CODE    0936H     001DH     UNIT         ?PR?_KEYDELAYMS?KEYBOARD
            CODE    0953H     001BH     UNIT         ?PR?SEGCLEAR?SEGDISPLAY
            CODE    096EH     001AH     UNIT         ?CO?SEGDISPLAY
            CODE    0988H     0017H     UNIT         ?PR?_SEGDELAYMS?SEGDISPLAY
            CODE    099FH     0015H     UNIT         ?PR?_KBDDECODE?MAIN
            CODE    09B4H     0015H     UNIT         ?PR?_KEYBOARDDECODE?KEYBOARD
            CODE    09C9H     0010H     UNIT         ?CO?KEYBOARD
            CODE    09D9H     0010H     UNIT         ?PR?_SEGCODE?SEGDISPLAY
            CODE    09E9H     0010H     UNIT         ?C_INITSEG
            CODE    09F9H     000FH     UNIT         ?PR?KBDDELAY?MAIN
            CODE    0A08H     000FH     UNIT         ?PR?SYSINIT?SYSINIT
            CODE    0A17H     000BH     UNIT         ?PR?UARTINIT?UART
            CODE    0A22H     000AH     UNIT         ?PR?KEYBOARDINIT?KEYBOARD
            CODE    0A2CH     0009H     UNIT         ?PR?_SEGHEXCODE?SEGDISPLAY
            CODE    0A35H     0008H     UNIT         ?PR?_PUTCHAR?UART
            CODE    0A3DH     0007H     UNIT         ?PR?SYSPCAINIT?SYSINIT
            CODE    0A44H     0007H     UNIT         ?PR?SYSTIMERINIT?SYSINIT
            CODE    0A4BH     0004H     UNIT         ?PR?SYSPORTINIT?SYSINIT
            CODE    0A4FH     0004H     UNIT         ?PR?SYSOSCINIT?SYSINIT
            CODE    0A53H     0004H     UNIT         ?PR?SYSINTINIT?SYSINIT



OVERLAY MAP OF MODULE:   .\Objects\keys (MAIN)


SEGMENT                                 BIT_GROUP          DATA_GROUP 
  +--> CALLED SEGMENT                START    LENGTH     START    LENGTH
------------------------------------------------------------------------
?C_C51STARTUP                        -----    -----      -----    -----
  +--> ?PR?MAIN?MAIN
  +--> ?C_INITSEG

?PR?MAIN?MAIN                        -----    -----      0008H    0002H
  +--> ?PR?SYSINIT?SYSINIT
  +--> ?PR?UARTINIT?UART
  +--> ?CO?MAIN
  +--> ?PR?PRINTF?PRINTF
  +--> ?PR?KBDSCAN?MAIN

?PR?SYSINIT?SYSINIT                  -----    -----      -----    -----
  +--> ?PR?SYSPCAINIT?SYSINIT
  +--> ?PR?SYSTIMERINIT?SYSINIT
  +--> ?PR?SYSPORTINIT?SYSINIT
  +--> ?PR?SYSOSCINIT?SYSINIT
  +--> ?PR?SYSINTINIT?SYSINIT

?PR?UARTINIT?UART                    -----    -----      -----    -----
  +--> ?PR?_UARTINITBAUD?UART

?PR?_UARTINITBAUD?UART               -----    -----      000AH    0009H

?PR?PRINTF?PRINTF                    0020H.0  0001H.1    000AH    0014H
BL51 BANKED LINKER/LOCATER V6.22.4.0                                                  06/27/2026  14:56:18  PAGE 3


  +--> ?PR?_PUTCHAR?UART

?PR?KBDSCAN?MAIN                     -----    -----      -----    -----
  +--> ?PR?KBDDELAY?MAIN
  +--> ?PR?_KBDDECODE?MAIN

?PR?_KBDDECODE?MAIN                  -----    -----      -----    -----
  +--> ?CO?MAIN



SYMBOL TABLE OF MODULE:  .\Objects\keys (MAIN)

  VALUE           TYPE          NAME
  ----------------------------------

  -------         MODULE        MAIN
  C:0000H         SYMBOL        _ICE_DUMMY_
  D:00A0H         PUBLIC        P2
  D:00E8H         PUBLIC        ADC0CN
  D:00A8H         PUBLIC        IE
  D:00A6H         PUBLIC        P2MDOUT
  D:00D8H         PUBLIC        PCA0CN
  D:00B8H         PUBLIC        IP
  C:09F9H         SYMBOL        kbdDelay
  D:00C0H         PUBLIC        SMB0CN
  C:079FH         PUBLIC        main
  D:00F8H         PUBLIC        SPI0CN
  D:0088H         PUBLIC        TCON
  D:00C8H         PUBLIC        TMR2CN
  C:08BDH         PUBLIC        kbdScan
  C:0808H         SYMBOL        keyCode
  D:0098H         PUBLIC        SCON0
  C:099FH         PUBLIC        _kbdDecode
  D:00D0H         PUBLIC        PSW
  -------         PROC          KBDDELAY
  -------         DO            
  D:0006H         SYMBOL        i
  -------         ENDDO         
  C:09F9H         LINE#         15
  C:09F9H         LINE#         16
  C:09F9H         LINE#         18
  C:0A07H         LINE#         19
  -------         ENDPROC       KBDDELAY
  -------         PROC          _KBDDECODE
  D:0007H         SYMBOL        kc
  -------         DO            
  D:0006H         SYMBOL        j
  -------         ENDDO         
  C:099FH         LINE#         31
  C:099FH         LINE#         32
  C:099FH         LINE#         34
  C:09A1H         LINE#         35
  C:09B1H         LINE#         36
  C:09B3H         LINE#         37
  -------         ENDPROC       _KBDDECODE
  -------         PROC          KBDSCAN
BL51 BANKED LINKER/LOCATER V6.22.4.0                                                  06/27/2026  14:56:18  PAGE 4


  -------         DO            
  D:0007H         SYMBOL        s1
  D:0006H         SYMBOL        s2
  D:0007H         SYMBOL        kc
  -------         ENDDO         
  C:08BDH         LINE#         40
  C:08BDH         LINE#         41
  C:08BDH         LINE#         44
  C:08C0H         LINE#         45
  C:08C2H         LINE#         46
  C:08CCH         LINE#         48
  C:08CFH         LINE#         50
  C:08D2H         LINE#         51
  C:08D4H         LINE#         52
  C:08DEH         LINE#         54
  C:08E1H         LINE#         55
  C:08E3H         LINE#         56
  C:08E6H         LINE#         57
  C:08E9H         LINE#         58
  -------         ENDPROC       KBDSCAN
  -------         PROC          MAIN
  -------         DO            
  D:0008H         SYMBOL        key
  D:0009H         SYMBOL        lastKey
  -------         ENDDO         
  C:079FH         LINE#         60
  C:079FH         LINE#         61
  C:079FH         LINE#         62
  C:07A2H         LINE#         64
  C:07A5H         LINE#         65
  C:07A8H         LINE#         66
  C:07ABH         LINE#         67
  C:07AEH         LINE#         69
  C:07B7H         LINE#         71
  C:07B7H         LINE#         72
  C:07B7H         LINE#         73
  C:07BCH         LINE#         75
  C:07C4H         LINE#         76
  C:07C4H         LINE#         77
  C:07D2H         LINE#         78
  C:07D5H         LINE#         79
  C:07D5H         LINE#         80
  C:07DBH         LINE#         81
  -------         ENDPROC       MAIN
  -------         ENDMOD        MAIN

  -------         MODULE        KEYBOARD
  C:0000H         SYMBOL        _ICE_DUMMY_
  C:0936H         SYMBOL        _keyDelayMs
  D:0080H         PUBLIC        P0
  D:00E8H         PUBLIC        ADC0CN
  D:00A4H         PUBLIC        P0MDOUT
  D:00A8H         PUBLIC        IE
  D:00D8H         PUBLIC        PCA0CN
  D:00B8H         PUBLIC        IP
  C:09B4H         PUBLIC        _keyboardDecode
  D:00C0H         PUBLIC        SMB0CN
BL51 BANKED LINKER/LOCATER V6.22.4.0                                                  06/27/2026  14:56:18  PAGE 5


  D:00F1H         PUBLIC        P0MDIN
  D:00F8H         PUBLIC        SPI0CN
  D:0088H         PUBLIC        TCON
  D:00C8H         PUBLIC        TMR2CN
  C:09C9H         SYMBOL        key_code
  D:0098H         PUBLIC        SCON0
  C:0A22H         PUBLIC        keyboardInit
  C:0853H         PUBLIC        keyscan
  D:00D0H         PUBLIC        PSW
  -------         PROC          _KEYDELAYMS
  D:0006H         SYMBOL        ms
  -------         DO            
  D:0005H         SYMBOL        i
  D:0004H         SYMBOL        j
  -------         ENDDO         
  C:0936H         LINE#         22
  C:0936H         LINE#         23
  C:0936H         LINE#         25
  C:0940H         LINE#         26
  C:0948H         LINE#         27
  C:094AH         LINE#         28
  C:094BH         LINE#         29
  C:094FH         LINE#         30
  C:0952H         LINE#         31
  C:0952H         LINE#         32
  -------         ENDPROC       _KEYDELAYMS
  -------         PROC          KEYBOARDINIT
  C:0A22H         LINE#         35
  C:0A22H         LINE#         36
  C:0A22H         LINE#         37
  C:0A28H         LINE#         38
  C:0A2BH         LINE#         39
  -------         ENDPROC       KEYBOARDINIT
  -------         PROC          _KEYBOARDDECODE
  D:0007H         SYMBOL        keycode
  -------         DO            
  D:0006H         SYMBOL        j
  -------         ENDDO         
  C:09B4H         LINE#         42
  C:09B4H         LINE#         43
  C:09B4H         LINE#         45
  C:09B6H         LINE#         46
  C:09B6H         LINE#         47
  C:09C2H         LINE#         48
  C:09C6H         LINE#         49
  C:09C8H         LINE#         50
  -------         ENDPROC       _KEYBOARDDECODE
  -------         PROC          KEYSCAN
  -------         DO            
  D:0007H         SYMBOL        scan1
  D:0006H         SYMBOL        scan2
  D:0007H         SYMBOL        keycode
  D:0006H         SYMBOL        j
  -------         ENDDO         
  C:0853H         LINE#         53
  C:0853H         LINE#         54
  C:0853H         LINE#         56
BL51 BANKED LINKER/LOCATER V6.22.4.0                                                  06/27/2026  14:56:18  PAGE 6


  C:0856H         LINE#         57
  C:0858H         LINE#         58
  C:085FH         LINE#         59
  C:085FH         LINE#         60
  C:0866H         LINE#         61
  C:0868H         LINE#         62
  C:086FH         LINE#         63
  C:086FH         LINE#         64
  C:0874H         LINE#         65
  C:0877H         LINE#         66
  C:0879H         LINE#         67
  C:0879H         LINE#         68
  C:0881H         LINE#         69
  C:0885H         LINE#         70
  C:0889H         LINE#         71
  C:0889H         LINE#         72
  C:0889H         LINE#         73
  C:088BH         LINE#         74
  -------         ENDPROC       KEYSCAN
  -------         ENDMOD        KEYBOARD

  -------         MODULE        SEGDISPLAY
  C:0000H         SYMBOL        _ICE_DUMMY_
  D:0090H         PUBLIC        P1
  D:00A0H         PUBLIC        P2
  C:08EAH         PUBLIC        _segShowBuf
  D:00E8H         PUBLIC        ADC0CN
  C:0818H         PUBLIC        _segShowHex
  D:00A5H         PUBLIC        P1MDOUT
  D:00A8H         PUBLIC        IE
  D:00A6H         PUBLIC        P2MDOUT
  C:088CH         PUBLIC        _segShowRaw
  D:00D8H         PUBLIC        PCA0CN
  D:00B8H         PUBLIC        IP
  D:00C0H         PUBLIC        SMB0CN
  C:0953H         PUBLIC        segClear
  C:096EH         SYMBOL        segTable
  D:00F8H         PUBLIC        SPI0CN
  D:0088H         PUBLIC        TCON
  D:00C8H         PUBLIC        TMR2CN
  C:09D9H         PUBLIC        _segCode
  C:075EH         PUBLIC        segScan
  D:0027H         SYMBOL        scanIdx
  D:0028H         SYMBOL        dispBuf
  C:0978H         SYMBOL        segHexTable
  C:0915H         PUBLIC        segInit
  B:0090H.0       PUBLIC        SEG_DIGIT0
  C:0643H         PUBLIC        _segShow
  B:0090H.1       PUBLIC        SEG_DIGIT1
  D:0098H         PUBLIC        SCON0
  C:0A2CH         PUBLIC        _segHexCode
  B:0090H.2       PUBLIC        SEG_DIGIT2
  B:0090H.3       PUBLIC        SEG_DIGIT3
  C:0988H         PUBLIC        _segDelayMs
  D:00D0H         PUBLIC        PSW
  -------         PROC          SEGINIT
  C:0915H         LINE#         19
BL51 BANKED LINKER/LOCATER V6.22.4.0                                                  06/27/2026  14:56:18  PAGE 7


  C:0915H         LINE#         20
  C:0915H         LINE#         21
  C:0918H         LINE#         22
  C:091BH         LINE#         23
  C:091DH         LINE#         24
  C:091FH         LINE#         25
  C:0921H         LINE#         26
  C:0923H         LINE#         27
  C:0926H         LINE#         28
  C:0929H         LINE#         29
  C:092CH         LINE#         30
  C:092FH         LINE#         31
  C:0932H         LINE#         32
  C:0935H         LINE#         33
  -------         ENDPROC       SEGINIT
  -------         PROC          _SEGCODE
  D:0007H         SYMBOL        digit
  C:09D9H         LINE#         35
  C:09D9H         LINE#         36
  C:09D9H         LINE#         37
  C:09E8H         LINE#         38
  -------         ENDPROC       _SEGCODE
  -------         PROC          _SEGHEXCODE
  D:0007H         SYMBOL        val
  C:0A2CH         LINE#         40
  C:0A2CH         LINE#         41
  C:0A2CH         LINE#         42
  C:0A34H         LINE#         43
  -------         ENDPROC       _SEGHEXCODE
  -------         PROC          _SEGSHOWBUF
  D:0030H         SYMBOL        bufp
  D:0005H         SYMBOL        len
  -------         DO            
  D:0007H         SYMBOL        i
  -------         ENDDO         
  C:08EAH         LINE#         45
  C:08F0H         LINE#         46
  C:08F0H         LINE#         48
  C:08F2H         LINE#         49
  C:0910H         LINE#         50
  C:0914H         LINE#         51
  -------         ENDPROC       _SEGSHOWBUF
  -------         PROC          _SEGSHOW
  D:0002H         SYMBOL        num
  -------         DO            
  D:0022H         SYMBOL        d
  D:0005H         SYMBOL        i
  D:0026H         SYMBOL        leading
  -------         ENDDO         
  C:0643H         LINE#         53
  C:0647H         LINE#         54
  C:0647H         LINE#         56
  C:064AH         LINE#         58
  C:0653H         LINE#         59
  C:065EH         LINE#         61
  C:065EH         LINE#         63
  C:066BH         LINE#         64
BL51 BANKED LINKER/LOCATER V6.22.4.0                                                  06/27/2026  14:56:18  PAGE 8


  C:067FH         LINE#         65
  C:0693H         LINE#         66
  C:06A0H         LINE#         68
  C:06A2H         LINE#         69
  C:06A5H         LINE#         70
  C:06A5H         LINE#         71
  C:06B2H         LINE#         72
  C:06B8H         LINE#         73
  C:06BAH         LINE#         74
  C:06BDH         LINE#         75
  C:06CDH         LINE#         76
  C:06CDH         LINE#         77
  C:06D1H         LINE#         78
  -------         ENDPROC       _SEGSHOW
  -------         PROC          _SEGSHOWHEX
  D:0004H         SYMBOL        num
  -------         DO            
  D:0003H         SYMBOL        i
  -------         ENDDO         
  C:0818H         LINE#         80
  C:081CH         LINE#         81
  C:081CH         LINE#         83
  C:081EH         LINE#         84
  C:084EH         LINE#         85
  C:0852H         LINE#         86
  -------         ENDPROC       _SEGSHOWHEX
  -------         PROC          _SEGSHOWRAW
  D:0007H         SYMBOL        pos
  D:0005H         SYMBOL        seg
  C:088CH         LINE#         88
  C:088CH         LINE#         89
  C:088CH         LINE#         90
  C:088EH         LINE#         91
  C:089CH         LINE#         92
  C:08A0H         LINE#         93
  C:08A4H         LINE#         94
  C:08A8H         LINE#         95
  C:08AAH         LINE#         96
  C:08AAH         LINE#         97
  C:08AAH         LINE#         98
  C:08B1H         LINE#         99
  C:08B3H         LINE#         100
  C:08B5H         LINE#         101
  C:08B7H         LINE#         102
  C:08B9H         LINE#         103
  C:08BCH         LINE#         104
  -------         ENDPROC       _SEGSHOWRAW
  -------         PROC          SEGSCAN
  C:075EH         LINE#         106
  C:075EH         LINE#         107
  C:075EH         LINE#         108
  C:0761H         LINE#         109
  C:0763H         LINE#         110
  C:0765H         LINE#         111
  C:0767H         LINE#         112
  C:0769H         LINE#         114
  C:0773H         LINE#         115
BL51 BANKED LINKER/LOCATER V6.22.4.0                                                  06/27/2026  14:56:18  PAGE 9


  C:0775H         LINE#         116
  C:0784H         LINE#         117
  C:0788H         LINE#         118
  C:078CH         LINE#         119
  C:0790H         LINE#         120
  C:0792H         LINE#         121
  C:0792H         LINE#         122
  C:0792H         LINE#         124
  C:0794H         LINE#         125
  C:079EH         LINE#         126
  -------         ENDPROC       SEGSCAN
  -------         PROC          SEGCLEAR
  C:0953H         LINE#         128
  C:0953H         LINE#         129
  C:0953H         LINE#         130
  C:0955H         LINE#         131
  C:0957H         LINE#         132
  C:0959H         LINE#         133
  C:095BH         LINE#         134
  C:095EH         LINE#         135
  C:0961H         LINE#         136
  C:0964H         LINE#         137
  C:0967H         LINE#         138
  C:096AH         LINE#         139
  C:096DH         LINE#         140
  -------         ENDPROC       SEGCLEAR
  -------         PROC          _SEGDELAYMS
  D:0006H         SYMBOL        ms
  -------         DO            
  D:0005H         SYMBOL        j
  -------         ENDDO         
  C:0988H         LINE#         142
  C:0988H         LINE#         143
  C:0988H         LINE#         145
  C:0992H         LINE#         146
  C:099AH         LINE#         147
  C:099BH         LINE#         148
  C:099EH         LINE#         149
  C:099EH         LINE#         150
  -------         ENDPROC       _SEGDELAYMS
  -------         ENDMOD        SEGDISPLAY

  -------         MODULE        SYSINIT
  C:0000H         SYMBOL        _ICE_DUMMY_
  D:00E8H         PUBLIC        ADC0CN
  C:0A3DH         PUBLIC        sysPcaInit
  D:00A8H         PUBLIC        IE
  D:00D9H         PUBLIC        PCA0MD
  D:00D8H         PUBLIC        PCA0CN
  D:00B8H         PUBLIC        IP
  D:00E2H         PUBLIC        XBR1
  C:0A4FH         PUBLIC        sysOscInit
  C:0A4BH         PUBLIC        sysPortInit
  C:0A53H         PUBLIC        sysIntInit
  D:00C0H         PUBLIC        SMB0CN
  D:00F8H         PUBLIC        SPI0CN
  D:0089H         PUBLIC        TMOD
BL51 BANKED LINKER/LOCATER V6.22.4.0                                                  06/27/2026  14:56:18  PAGE 10


  D:0088H         PUBLIC        TCON
  D:00C8H         PUBLIC        TMR2CN
  D:00B2H         PUBLIC        OSCICN
  D:0098H         PUBLIC        SCON0
  C:0A08H         PUBLIC        sysInit
  D:00D0H         PUBLIC        PSW
  C:0A44H         PUBLIC        sysTimerInit
  -------         PROC          SYSPCAINIT
  C:0A3DH         LINE#         3
  C:0A3DH         LINE#         4
  C:0A3DH         LINE#         5
  C:0A40H         LINE#         6
  C:0A43H         LINE#         7
  -------         ENDPROC       SYSPCAINIT
  -------         PROC          SYSTIMERINIT
  C:0A44H         LINE#         9
  C:0A44H         LINE#         10
  C:0A44H         LINE#         11
  C:0A47H         LINE#         12
  C:0A4AH         LINE#         13
  -------         ENDPROC       SYSTIMERINIT
  -------         PROC          SYSPORTINIT
  C:0A4BH         LINE#         15
  C:0A4BH         LINE#         16
  C:0A4BH         LINE#         17
  C:0A4EH         LINE#         18
  -------         ENDPROC       SYSPORTINIT
  -------         PROC          SYSOSCINIT
  C:0A4FH         LINE#         20
  C:0A4FH         LINE#         21
  C:0A4FH         LINE#         22
  C:0A52H         LINE#         23
  -------         ENDPROC       SYSOSCINIT
  -------         PROC          SYSINTINIT
  C:0A53H         LINE#         25
  C:0A53H         LINE#         26
  C:0A53H         LINE#         27
  C:0A56H         LINE#         28
  -------         ENDPROC       SYSINTINIT
  -------         PROC          SYSINIT
  C:0A08H         LINE#         30
  C:0A08H         LINE#         31
  C:0A08H         LINE#         32
  C:0A0BH         LINE#         33
  C:0A0EH         LINE#         34
  C:0A11H         LINE#         35
  C:0A14H         LINE#         36
  -------         ENDPROC       SYSINIT
  -------         ENDMOD        SYSINIT

  -------         MODULE        UART
  C:0000H         SYMBOL        _ICE_DUMMY_
  D:00E8H         PUBLIC        ADC0CN
  D:00A8H         PUBLIC        IE
  D:00D8H         PUBLIC        PCA0CN
  D:00B8H         PUBLIC        IP
  D:00E1H         PUBLIC        XBR0
BL51 BANKED LINKER/LOCATER V6.22.4.0                                                  06/27/2026  14:56:18  PAGE 11


  D:00E2H         PUBLIC        XBR1
  D:00C0H         PUBLIC        SMB0CN
  D:00F8H         PUBLIC        SPI0CN
  D:0089H         PUBLIC        TMOD
  D:0088H         PUBLIC        TCON
  D:00C8H         PUBLIC        TMR2CN
  B:0098H.1       PUBLIC        TI0
  D:008DH         PUBLIC        TH1
  C:0570H         PUBLIC        _uartInitBaud
  C:0A17H         PUBLIC        uartInit
  B:0088H.6       PUBLIC        TR1
  D:0099H         PUBLIC        SBUF0
  D:0098H         PUBLIC        SCON0
  D:008EH         PUBLIC        CKCON
  D:00D0H         PUBLIC        PSW
  C:0A35H         PUBLIC        _putchar
  D:002CH         SYMBOL        sysClk
  -------         PROC          UARTINIT
  C:0A17H         LINE#         9
  C:0A17H         LINE#         10
  C:0A17H         LINE#         11
  -------         ENDPROC       UARTINIT
  -------         PROC          _UARTINITBAUD
  D:000AH         SYMBOL        baud
  -------         DO            
  D:000EH         SYMBOL        divisor
  D:0012H         SYMBOL        reload
  -------         ENDDO         
  C:0570H         LINE#         14
  C:0578H         LINE#         15
  C:0578H         LINE#         19
  C:057BH         LINE#         20
  C:057EH         LINE#         22
  C:0586H         LINE#         24
  C:05B2H         LINE#         25
  C:05D3H         LINE#         26
  C:05D6H         LINE#         27
  C:05D6H         LINE#         28
  C:05D8H         LINE#         29
  C:05DBH         LINE#         30
  C:0607H         LINE#         31
  C:0628H         LINE#         32
  C:0632H         LINE#         33
  C:0632H         LINE#         34
  C:0638H         LINE#         35
  C:0638H         LINE#         37
  C:063BH         LINE#         38
  C:063EH         LINE#         39
  C:0640H         LINE#         40
  C:0642H         LINE#         41
  -------         ENDPROC       _UARTINITBAUD
  -------         PROC          _PUTCHAR
  D:0007H         SYMBOL        c
  C:0A35H         LINE#         43
  C:0A35H         LINE#         44
  C:0A35H         LINE#         45
  C:0A38H         LINE#         46
BL51 BANKED LINKER/LOCATER V6.22.4.0                                                  06/27/2026  14:56:18  PAGE 12


  C:0A3AH         LINE#         47
  C:0A3CH         LINE#         48
  C:0A3CH         LINE#         49
  -------         ENDPROC       _PUTCHAR
  -------         ENDMOD        UART

  -------         MODULE        ?C?CLDOPTR
  C:035FH         PUBLIC        ?C?CLDOPTR
  -------         ENDMOD        ?C?CLDOPTR

  -------         MODULE        ?C?UIDIV
  C:038CH         PUBLIC        ?C?UIDIV
  -------         ENDMOD        ?C?UIDIV

  -------         MODULE        ?C?LMUL
  C:03E1H         PUBLIC        ?C?LMUL
  -------         ENDMOD        ?C?LMUL

  -------         MODULE        ?C?ULDIV
  C:046CH         PUBLIC        ?C?ULDIV
  -------         ENDMOD        ?C?ULDIV

  -------         MODULE        ?C?ULCMP
  C:04FEH         PUBLIC        ?C?ULCMP
  -------         ENDMOD        ?C?ULCMP

  -------         MODULE        PRINTF
  D:000AH         PUBLIC        ?_PRINTF517?BYTE
  D:000AH         PUBLIC        ?_PRINTF?BYTE
  D:000AH         PUBLIC        ?_SPRINTF517?BYTE
  D:000AH         PUBLIC        ?_SPRINTF?BYTE
  C:0065H         PUBLIC        _PRINTF
  C:0065H         PUBLIC        _PRINTF517
  C:005FH         PUBLIC        _SPRINTF
  C:005FH         PUBLIC        _SPRINTF517
  -------         ENDMOD        PRINTF

  -------         MODULE        ?C?CLDPTR
  C:050FH         PUBLIC        ?C?CLDPTR
  -------         ENDMOD        ?C?CLDPTR

  -------         MODULE        ?C?CSTPTR
  C:0528H         PUBLIC        ?C?CSTPTR
  -------         ENDMOD        ?C?CSTPTR

  -------         MODULE        ?C?PLDIIDATA
  C:053AH         PUBLIC        ?C?PLDIIDATA
  -------         ENDMOD        ?C?PLDIIDATA

  -------         MODULE        ?C?CCASE
  C:054AH         PUBLIC        ?C?CCASE
  -------         ENDMOD        ?C?CCASE

*** WARNING L16: UNCALLED SEGMENT, IGNORED FOR OVERLAY PROCESS
    SEGMENT: ?PR?KEYBOARDINIT?KEYBOARD

*** WARNING L16: UNCALLED SEGMENT, IGNORED FOR OVERLAY PROCESS
BL51 BANKED LINKER/LOCATER V6.22.4.0                                                  06/27/2026  14:56:18  PAGE 13


    SEGMENT: ?PR?_KEYBOARDDECODE?KEYBOARD

*** WARNING L16: UNCALLED SEGMENT, IGNORED FOR OVERLAY PROCESS
    SEGMENT: ?PR?KEYSCAN?KEYBOARD

*** WARNING L16: UNCALLED SEGMENT, IGNORED FOR OVERLAY PROCESS
    SEGMENT: ?PR?SEGINIT?SEGDISPLAY

*** WARNING L16: UNCALLED SEGMENT, IGNORED FOR OVERLAY PROCESS
    SEGMENT: ?PR?_SEGCODE?SEGDISPLAY

*** WARNING L16: UNCALLED SEGMENT, IGNORED FOR OVERLAY PROCESS
    SEGMENT: ?PR?_SEGHEXCODE?SEGDISPLAY

*** WARNING L16: UNCALLED SEGMENT, IGNORED FOR OVERLAY PROCESS
    SEGMENT: ?PR?_SEGSHOWBUF?SEGDISPLAY

*** WARNING L16: UNCALLED SEGMENT, IGNORED FOR OVERLAY PROCESS
    SEGMENT: ?PR?_SEGSHOW?SEGDISPLAY

*** WARNING L16: UNCALLED SEGMENT, IGNORED FOR OVERLAY PROCESS
    SEGMENT: ?PR?_SEGSHOWHEX?SEGDISPLAY

*** WARNING L16: UNCALLED SEGMENT, IGNORED FOR OVERLAY PROCESS
    SEGMENT: ?PR?_SEGSHOWRAW?SEGDISPLAY

*** WARNING L16: UNCALLED SEGMENT, IGNORED FOR OVERLAY PROCESS
    SEGMENT: ?PR?SEGSCAN?SEGDISPLAY

*** WARNING L16: UNCALLED SEGMENT, IGNORED FOR OVERLAY PROCESS
    SEGMENT: ?PR?SEGCLEAR?SEGDISPLAY

Program Size: data=49.1 xdata=0 code=2647
LINK/LOCATE RUN COMPLETE.  12 WARNING(S),  0 ERROR(S)
